<html>
<body>
<pre>
<h1>µVision Build Log</h1>
<h2>Tool Versions:</h2>
IDE-Version: µVision V5.14.0.0
Copyright (C) 2015 ARM Ltd and ARM Germany GmbH. All rights reserved.
License Information: qwer use, org, LIC=EPP56-D1VVY-8VG1H-W4PEG-76GJX-7FQUG
 
Tool Versions:
Toolchain:       MDK-ARM Professional  Version: 5.14.0.0
Toolchain Path:  C:\Keil_v5\ARM\ARMCC\Bin
C Compiler:      Armcc.exe V5.05 update 1 (build 106)
Assembler:       Armasm.exe V5.05 update 1 (build 106)
Linker/Locator:  ArmLink.exe V5.05 update 1 (build 106)
Library Manager: ArmAr.exe V5.05 update 1 (build 106)
Hex Converter:   FromElf.exe V5.05 update 1 (build 106)
CPU DLL:         SARMCM3.DLL V5.14.0.0
Dialog DLL:      DCM.DLL V1.13.1.0
Target DLL:      STLink\ST-LINKIII-KEIL_SWO.dll V2.0.14.0_KEIL
Dialog DLL:      TCM.DLL V1.14.4.0
 
<h2>Project:</h2>
D:\_Projects\STM\NO_NZ_407\MDK-ARM\no_nz.uvprojx
Project File Date:  06/03/2015

<h2>Output:</h2>
Build target 'no_nz Configuration'
assembling startup_stm32f407xx.s...
compiling stm32f4xx_hal_dma_ex.c...
compiling stm32f4xx_hal_flash_ex.c...
compiling stm32f4xx_hal_dma.c...
compiling stm32f4xx_hal_rcc_ex.c...
compiling stm32f4xx_hal_flash_ramfunc.c...
compiling stm32f4xx_hal_adc.c...
compiling stm32f4xx_hal_pwr.c...
compiling stm32f4xx_hal_tim_ex.c...
compiling stm32f4xx_hal_flash.c...
compiling stm32f4xx_hal_tim.c...
compiling stm32f4xx_hal.c...
compiling stm32f4xx_hal_spi.c...
compiling stm32f4xx_hal_pwr_ex.c...
compiling stm32f4xx_hal_gpio.c...
compiling stm32f4xx_hal_cortex.c...
compiling stm32f4xx_hal_adc_ex.c...
compiling stm32f4xx_hal_rcc.c...
compiling system_stm32f4xx.c...
compiling Retarget.c...
..\Src\Retarget.c(35): warning:  #940-D: missing return statement at end of non-void function "fgetc"
  }
..\Src\Retarget.c(41): warning:  #940-D: missing return statement at end of non-void function "ferror"
  }
..\Src\Retarget.c: 2 warnings, 0 errors
compiling stm32f4xx_hal_msp.c...
compiling dma.c...
compiling gpio.c...
compiling tim.c...
compiling adc.c...
compiling spi.c...
compiling main.cpp...
compiling stm32f4xx_it.cpp...
compiling ObjectsDefinitions.cpp...
compiling Main_Loop.cpp...
compiling ADC.cpp...
compiling Display4Digit.cpp...
compiling Engine.cpp...
compiling Parameters.cpp...
compiling AnalogSensors.cpp...
..\Src\_AnalogSensors\AnalogSensors.cpp(38): warning:  #1035-D: single-precision operand implicitly converted to double-precision
        _calibration_value *= 0.0001;
..\Src\_AnalogSensors\AnalogSensors.cpp(62): warning:  #1035-D: single-precision operand implicitly converted to double-precision
        _calibration_value *= 0.0001;
..\Src\_AnalogSensors\AnalogSensors.cpp: 2 warnings, 0 errors
compiling Filters.cpp...
compiling PWM.cpp...
compiling PWM_User.cpp...
compiling RC_Decoder.cpp...
linking...
Program Size: Code=44616 RO-data=2680 RW-data=180 ZI-data=9516  
"no_nz Configuration\no_nz Configuration.axf" - 0 Error(s), 4 Warning(s).

<h2>Collection of Component include folders:</h2>
  D:\_Projects\STM\NO_NZ_407\MDK-ARM\RTE
  C:\Keil_v5\ARM\PACK\Keil\STM32F4xx_DFP\2.4.0

<h2>Collection of Component Files used:</h2>
</pre>
</body>
</html>
