Component: ARM Compiler 5.05 update 1 (build 106) Tool: armlink [4d0efa]

==============================================================================

Section Cross References

    startup_stm32f407xx.o(RESET) refers to startup_stm32f407xx.o(STACK) for __initial_sp
    startup_stm32f407xx.o(RESET) refers to startup_stm32f407xx.o(.text) for Reset_Handler
    startup_stm32f407xx.o(RESET) refers to stm32f4xx_it.o(i.SysTick_Handler) for SysTick_Handler
    startup_stm32f407xx.o(RESET) refers to stm32f4xx_it.o(i.DMA1_Stream3_IRQHandler) for DMA1_Stream3_IRQHandler
    startup_stm32f407xx.o(RESET) refers to stm32f4xx_it.o(i.DMA1_Stream4_IRQHandler) for DMA1_Stream4_IRQHandler
    startup_stm32f407xx.o(RESET) refers to stm32f4xx_it.o(i.SPI1_IRQHandler) for SPI1_IRQHandler
    startup_stm32f407xx.o(RESET) refers to stm32f4xx_it.o(i.SPI2_IRQHandler) for SPI2_IRQHandler
    startup_stm32f407xx.o(RESET) refers to stm32f4xx_it.o(i.EXTI15_10_IRQHandler) for EXTI15_10_IRQHandler
    startup_stm32f407xx.o(RESET) refers to stm32f4xx_it.o(i.DMA2_Stream0_IRQHandler) for DMA2_Stream0_IRQHandler
    startup_stm32f407xx.o(RESET) refers to stm32f4xx_it.o(i.DMA2_Stream1_IRQHandler) for DMA2_Stream1_IRQHandler
    startup_stm32f407xx.o(RESET) refers to stm32f4xx_it.o(i.DMA2_Stream3_IRQHandler) for DMA2_Stream3_IRQHandler
    startup_stm32f407xx.o(RESET) refers to stm32f4xx_it.o(i.DMA2_Stream4_IRQHandler) for DMA2_Stream4_IRQHandler
    startup_stm32f407xx.o(.text) refers to system_stm32f4xx.o(i.SystemInit) for SystemInit
    startup_stm32f407xx.o(.text) refers to entry.o(.ARM.Collect$$$$00000000) for __main
    stm32f4xx_hal_dma_ex.o(i.HAL_DMAEx_MultiBufferStart) refers to stm32f4xx_hal_dma_ex.o(i.DMA_MultiBufferSetConfig) for DMA_MultiBufferSetConfig
    stm32f4xx_hal_dma_ex.o(i.HAL_DMAEx_MultiBufferStart_IT) refers to stm32f4xx_hal_dma_ex.o(i.DMA_MultiBufferSetConfig) for DMA_MultiBufferSetConfig
    stm32f4xx_hal_flash_ex.o(i.FLASH_OB_DisableWRP) refers to stm32f4xx_hal_flash.o(i.FLASH_WaitForLastOperation) for FLASH_WaitForLastOperation
    stm32f4xx_hal_flash_ex.o(i.FLASH_OB_EnableWRP) refers to stm32f4xx_hal_flash.o(i.FLASH_WaitForLastOperation) for FLASH_WaitForLastOperation
    stm32f4xx_hal_flash_ex.o(i.FLASH_OB_RDP_LevelConfig) refers to stm32f4xx_hal_flash.o(i.FLASH_WaitForLastOperation) for FLASH_WaitForLastOperation
    stm32f4xx_hal_flash_ex.o(i.FLASH_OB_UserConfig) refers to stm32f4xx_hal_flash.o(i.FLASH_WaitForLastOperation) for FLASH_WaitForLastOperation
    stm32f4xx_hal_flash_ex.o(i.HAL_FLASHEx_Erase) refers to stm32f4xx_hal_flash.o(i.FLASH_WaitForLastOperation) for FLASH_WaitForLastOperation
    stm32f4xx_hal_flash_ex.o(i.HAL_FLASHEx_Erase) refers to stm32f4xx_hal_flash_ex.o(i.FLASH_MassErase) for FLASH_MassErase
    stm32f4xx_hal_flash_ex.o(i.HAL_FLASHEx_Erase) refers to stm32f4xx_hal_flash_ex.o(i.FLASH_Erase_Sector) for FLASH_Erase_Sector
    stm32f4xx_hal_flash_ex.o(i.HAL_FLASHEx_Erase) refers to stm32f4xx_hal_flash.o(.bss) for pFlash
    stm32f4xx_hal_flash_ex.o(i.HAL_FLASHEx_Erase_IT) refers to stm32f4xx_hal_flash_ex.o(i.FLASH_MassErase) for FLASH_MassErase
    stm32f4xx_hal_flash_ex.o(i.HAL_FLASHEx_Erase_IT) refers to stm32f4xx_hal_flash_ex.o(i.FLASH_Erase_Sector) for FLASH_Erase_Sector
    stm32f4xx_hal_flash_ex.o(i.HAL_FLASHEx_Erase_IT) refers to stm32f4xx_hal_flash.o(.bss) for pFlash
    stm32f4xx_hal_flash_ex.o(i.HAL_FLASHEx_OBGetConfig) refers to stm32f4xx_hal_flash_ex.o(i.FLASH_OB_GetWRP) for FLASH_OB_GetWRP
    stm32f4xx_hal_flash_ex.o(i.HAL_FLASHEx_OBGetConfig) refers to stm32f4xx_hal_flash_ex.o(i.FLASH_OB_GetRDP) for FLASH_OB_GetRDP
    stm32f4xx_hal_flash_ex.o(i.HAL_FLASHEx_OBGetConfig) refers to stm32f4xx_hal_flash_ex.o(i.FLASH_OB_GetUser) for FLASH_OB_GetUser
    stm32f4xx_hal_flash_ex.o(i.HAL_FLASHEx_OBGetConfig) refers to stm32f4xx_hal_flash_ex.o(i.FLASH_OB_GetBOR) for FLASH_OB_GetBOR
    stm32f4xx_hal_flash_ex.o(i.HAL_FLASHEx_OBProgram) refers to stm32f4xx_hal_flash_ex.o(i.FLASH_OB_EnableWRP) for FLASH_OB_EnableWRP
    stm32f4xx_hal_flash_ex.o(i.HAL_FLASHEx_OBProgram) refers to stm32f4xx_hal_flash_ex.o(i.FLASH_OB_DisableWRP) for FLASH_OB_DisableWRP
    stm32f4xx_hal_flash_ex.o(i.HAL_FLASHEx_OBProgram) refers to stm32f4xx_hal_flash_ex.o(i.FLASH_OB_RDP_LevelConfig) for FLASH_OB_RDP_LevelConfig
    stm32f4xx_hal_flash_ex.o(i.HAL_FLASHEx_OBProgram) refers to stm32f4xx_hal_flash_ex.o(i.FLASH_OB_UserConfig) for FLASH_OB_UserConfig
    stm32f4xx_hal_flash_ex.o(i.HAL_FLASHEx_OBProgram) refers to stm32f4xx_hal_flash_ex.o(i.FLASH_OB_BOR_LevelConfig) for FLASH_OB_BOR_LevelConfig
    stm32f4xx_hal_flash_ex.o(i.HAL_FLASHEx_OBProgram) refers to stm32f4xx_hal_flash.o(.bss) for pFlash
    stm32f4xx_hal_dma.o(i.HAL_DMA_Abort) refers to stm32f4xx_hal.o(i.HAL_GetTick) for HAL_GetTick
    stm32f4xx_hal_dma.o(i.HAL_DMA_PollForTransfer) refers to stm32f4xx_hal.o(i.HAL_GetTick) for HAL_GetTick
    stm32f4xx_hal_dma.o(i.HAL_DMA_Start) refers to stm32f4xx_hal_dma.o(i.DMA_SetConfig) for DMA_SetConfig
[...]
    bool __rw::operator ==<std::pair<const unsigned short, src::IVariable*>, int, std::pair<const unsigned short, src::IVariable*>*, std::pair<const unsigned short, src::IVariable*>&, std::pair<const unsigned short, src::IVariable*>*, std::pair<const unsigned short, src::IVariable*>&, __rw::__rw_rb_tree_node<std::allocator<std::pair<const unsigned short, src::IVariable*>>, std::pair<const unsigned short, src::IVariable*>, unsigned short, __rw::__select1st<std::pair<const unsigned short, src::IVariable*>, unsigned short>>>(const __rw::__rw_tree_iter<T1, T2, T3, T4, T7>&, const __rw::__rw_tree_iter<T1, T2, T5, T6, T7>&) 0x0800ae5b   Thumb Code    18  objectsdefinitions.o(t._ZN4__rweqISt4pairIKtPN3src9IVariableEEiPS6_RS6_S7_S8_NS_17__rw_rb_tree_nodeISaIS6_ES6_tNS_11__select1stIS6_tEEEEEEbRKNS_14__rw_tree_iterIT_T0_T1_T2_T5_EERKNSE_ISF_SG_T3_T4_SJ_EE)
    __rw::__rw_tree_iter<std::pair<const unsigned short, src::IVariable*>, int, std::pair<const unsigned short, src::IVariable*>*, std::pair<const unsigned short, src::IVariable*>&, __rw::__rw_rb_tree_node<std::allocator<std::pair<const unsigned short, src::IVariable*>>, std::pair<const unsigned short, src::IVariable*>, unsigned short, __rw::__select1st<std::pair<const unsigned short, src::IVariable*>, unsigned short>>>::operator *() const 0x0800ae6d   Thumb Code    12  parameters.o(t._ZNK4__rw14__rw_tree_iterISt4pairIKtPN3src9IVariableEEiPS6_RS6_NS_17__rw_rb_tree_nodeISaIS6_ES6_tNS_11__select1stIS6_tEEEEEdeEv)
    __rw::__rb_tree<unsigned short, std::pair<const unsigned short, src::IVariable*>, __rw::__select1st<std::pair<const unsigned short, src::IVariable*>, unsigned short>, std::less<unsigned short>, std::allocator<std::pair<const unsigned short, src::IVariable*>>>::_C_leftmost() const 0x0800ae79   Thumb Code    12  objectsdefinitions.o(t._ZNK4__rw9__rb_treeItSt4pairIKtPN3src9IVariableEENS_11__select1stIS6_tEESt4lessItESaIS6_EE11_C_leftmostEv)
    __rw::__rb_tree<unsigned short, std::pair<const unsigned short, src::IVariable*>, __rw::__select1st<std::pair<const unsigned short, src::IVariable*>, unsigned short>, std::less<unsigned short>, std::allocator<std::pair<const unsigned short, src::IVariable*>>>::_C_rightmost() const 0x0800ae85   Thumb Code    12  objectsdefinitions.o(t._ZNK4__rw9__rb_treeItSt4pairIKtPN3src9IVariableEENS_11__select1stIS6_tEESt4lessItESaIS6_EE12_C_rightmostEv)
    __rw::__rb_tree<unsigned short, std::pair<const unsigned short, src::IVariable*>, __rw::__select1st<std::pair<const unsigned short, src::IVariable*>, unsigned short>, std::less<unsigned short>, std::allocator<std::pair<const unsigned short, src::IVariable*>>>::_C_root() const 0x0800ae91   Thumb Code    12  objectsdefinitions.o(t._ZNK4__rw9__rb_treeItSt4pairIKtPN3src9IVariableEENS_11__select1stIS6_tEESt4lessItESaIS6_EE7_C_rootEv)
    std::__rw_list_iter<src::IControlCommands*, int, src::IControlCommands**, src::IControlCommands*&>::operator *() const 0x0800ae9d   Thumb Code     8  objectsdefinitions.o(t._ZNKSt14__rw_list_iterIPN3src16IControlCommandsEiPS2_RS2_EdeEv)
    std::__rw_list_iter<src::IControlCommands*, int, src::IControlCommands**, src::IControlCommands*&>::operator ==(const std::__rw_list_iter<src::IControlCommands*, int, src::IControlCommands**, src::IControlCommands*&>&) const 0x0800aea5   Thumb Code    18  objectsdefinitions.o(t._ZNKSt14__rw_list_iterIPN3src16IControlCommandsEiPS2_RS2_EeqERKS5_)
    std::__rw_list_iter<src::IControlCommands*, int, src::IControlCommands**, src::IControlCommands*&>::operator !=(const std::__rw_list_iter<src::IControlCommands*, int, src::IControlCommands**, src::IControlCommands*&>&) const 0x0800aeb7   Thumb Code    20  objectsdefinitions.o(t._ZNKSt14__rw_list_iterIPN3src16IControlCommandsEiPS2_RS2_EneERKS5_)
    std::less<unsigned short>::operator ()(const unsigned short&, const unsigned short&) const 0x0800aecb   Thumb Code    20  parameters.o(t._ZNKSt4lessItEclERKtS2_)
    std::vector<src::IMenuItem*, std::allocator<src::IMenuItem*>>::end() const 0x0800aedf   Thumb Code     8  engine.o(t._ZNKSt6vectorIPN3src9IMenuItemESaIS2_EE3endEv)
    std::vector<src::IMenuItem*, std::allocator<src::IMenuItem*>>::size() const 0x0800aee7   Thumb Code    24  engine.o(t._ZNKSt6vectorIPN3src9IMenuItemESaIS2_EE4sizeEv)
    std::vector<src::IMenuItem*, std::allocator<src::IMenuItem*>>::begin() const 0x0800aeff   Thumb Code     8  engine.o(t._ZNKSt6vectorIPN3src9IMenuItemESaIS2_EE5beginEv)
    std::vector<src::IMenuItem*, std::allocator<src::IMenuItem*>>::capacity() const 0x0800af07   Thumb Code    12  engine.o(t._ZNKSt6vectorIPN3src9IMenuItemESaIS2_EE8capacityEv)
    std::messages<char>::do_get(int, int, int, const std::basic_string<char, std::char_traits<char>, std::allocator<char>>&) const 0x0800af15   Thumb Code   136  rwstdexcept.o(t._ZNKSt8messagesIcE6do_getEiiiRKSs)
    std::messages<char>::do_open(const std::basic_string<char, std::char_traits<char>, std::allocator<char>>&, const std::locale&) const 0x0800afa5   Thumb Code     6  rwstdexcept.o(t._ZNKSt8messagesIcE7do_openERKSsRKSt6locale)
    std::allocator<std::list<src::IControlCommands*, std::allocator<src::IControlCommands*>>::_C_list_node_buffer>::deallocate(std::list<src::IControlCommands*, std::allocator<src::IControlCommands*>>::_C_list_node_buffer*, unsigned) 0x0800afab   Thumb Code    20  objectsdefinitions.o(t._ZNSaINSt4listIPN3src16IControlCommandsESaIS2_EE19_C_list_node_bufferEE10deallocateEPS5_j)
    std::allocator<src::IMenuItem*>::deallocate(src::IMenuItem**, unsigned) 0x0800afbf   Thumb Code    20  engine.o(t._ZNSaIPN3src9IMenuItemEE10deallocateEPS1_j)
    std::allocator<src::IMenuItem*>::construct(src::IMenuItem**, src::IMenuItem*const &) 0x0800afd3   Thumb Code    22  engine.o(t._ZNSaIPN3src9IMenuItemEE9constructEPS1_RKS1_)
    std::basic_string<char, std::char_traits<char>, std::allocator<char>>::_C_allocate(unsigned, unsigned, unsigned) 0x0800afe9   Thumb Code    50  locale.o(t._ZNSs11_C_allocateEjjj)
    std::basic_string<char, std::char_traits<char>, std::allocator<char>>::replace(unsigned, unsigned, const char*, unsigned) 0x0800b01b   Thumb Code    24  locale.o(t._ZNSs7replaceEjjPKcj)
    std::basic_string<char, std::char_traits<char>, std::allocator<char>>::replace(unsigned, unsigned, const char*, unsigned, unsigned, unsigned) 0x0800b035   Thumb Code   352  char.o(t._ZNSs7replaceEjjPKcjjj)
    std::basic_string<char, std::char_traits<char>, std::allocator<char>>::_C_getRep(unsigned, unsigned) 0x0800b19d   Thumb Code   108  char.o(t._ZNSs9_C_getRepEjj)
    std::basic_string<char, std::char_traits<char>, std::allocator<char>>::_C_unlink() 0x0800b211   Thumb Code    66  char.o(t._ZNSs9_C_unlinkEv)
    std::basic_string<char, std::char_traits<char>, std::allocator<char>>::basic_string(const char*, const std::allocator<char>&) 0x0800b259   Thumb Code    52  locale.o(t._ZNSsC1EPKcRKSaIcE)
    std::basic_string<char, std::char_traits<char>, std::allocator<char>>::basic_string__sub_object(const char*, const std::allocator<char>&) 0x0800b259   Thumb Code     0  locale.o(t._ZNSsC1EPKcRKSaIcE)
    std::basic_string<char, std::char_traits<char>, std::allocator<char>>::basic_string(const std::allocator<char>&) 0x0800b291   Thumb Code    12  locale.o(t._ZNSsC1ERKSaIcE)
    std::basic_string<char, std::char_traits<char>, std::allocator<char>>::basic_string__sub_object(const std::allocator<char>&) 0x0800b291   Thumb Code     0  locale.o(t._ZNSsC1ERKSaIcE)
    std::basic_string<char, std::char_traits<char>, std::allocator<char>>::basic_string(const std::basic_string<char, std::char_traits<char>, std::allocator<char>>&) 0x0800b2a1   Thumb Code    62  char.o(t._ZNSsC1ERKSs)
    std::basic_string<char, std::char_traits<char>, std::allocator<char>>::basic_string__sub_object(const std::basic_string<char, std::char_traits<char>, std::allocator<char>>&) 0x0800b2a1   Thumb Code     0  char.o(t._ZNSsC1ERKSs)
    std::basic_string<char, std::char_traits<char>, std::allocator<char>>::~basic_string() 0x0800b2df   Thumb Code    12  char.o(t._ZNSsD1Ev)
    std::basic_string<char, std::char_traits<char>, std::allocator<char>>::~basic_string__sub_object() 0x0800b2df   Thumb Code     0  char.o(t._ZNSsD1Ev)
    std::basic_string<char, std::char_traits<char>, std::allocator<char>>::operator =(const char*) 0x0800b2ed   Thumb Code    70  locale.o(t._ZNSsaSEPKc)
    std::basic_string<char, std::char_traits<char>, std::allocator<char>>::operator =(const std::basic_string<char, std::char_traits<char>, std::allocator<char>>&) 0x0800b339   Thumb Code    62  locale.o(t._ZNSsaSERKSs)
    std::__rw_list_iter<src::IControlCommands*, int, src::IControlCommands**, src::IControlCommands*&>::__rw_list_iter(const std::__rw_list_iter<src::IControlCommands*, int, src::IControlCommands**, src::IControlCommands*&>&) 0x0800b377   Thumb Code     6  objectsdefinitions.o(t._ZNSt14__rw_list_iterIPN3src16IControlCommandsEiPS2_RS2_EC1ERKS5_)
    std::__rw_list_iter<src::IControlCommands*, int, src::IControlCommands**, src::IControlCommands*&>::__rw_list_iter__sub_object(const std::__rw_list_iter<src::IControlCommands*, int, src::IControlCommands**, src::IControlCommands*&>&) 0x0800b377   Thumb Code     0  objectsdefinitions.o(t._ZNSt14__rw_list_iterIPN3src16IControlCommandsEiPS2_RS2_EC1ERKS5_)
    std::__rw_list_iter<src::IControlCommands*, int, src::IControlCommands**, src::IControlCommands*&>::operator ++(int) 0x0800b37d   Thumb Code    38  objectsdefinitions.o(t._ZNSt14__rw_list_iterIPN3src16IControlCommandsEiPS2_RS2_EppEi)
    std::list<src::IControlCommands*, std::allocator<src::IControlCommands*>>::_C_put_node(std::__rw_list_node<src::IControlCommands*>*) 0x0800b3a3   Thumb Code     8  objectsdefinitions.o(t._ZNSt4listIPN3src16IControlCommandsESaIS2_EE11_C_put_nodeEPSt14__rw_list_nodeIS2_E)
    std::list<src::IControlCommands*, std::allocator<src::IControlCommands*>>::_C_make_iter(std::__rw_list_node<src::IControlCommands*>*const &) 0x0800b3ab   Thumb Code    12  objectsdefinitions.o(t._ZNSt4listIPN3src16IControlCommandsESaIS2_EE12_C_make_iterERKPSt14__rw_list_nodeIS2_E)
    std::list<src::IControlCommands*, std::allocator<src::IControlCommands*>>::_C_add_buffer(bool) 0x0800b3b7   Thumb Code   118  objectsdefinitions.o(t._ZNSt4listIPN3src16IControlCommandsESaIS2_EE13_C_add_bufferEb)
    std::list<src::IControlCommands*, std::allocator<src::IControlCommands*>>::_C_free_buffers() 0x0800b42d   Thumb Code    68  objectsdefinitions.o(t._ZNSt4listIPN3src16IControlCommandsESaIS2_EE15_C_free_buffersEv)
    std::list<src::IControlCommands*, std::allocator<src::IControlCommands*>>::end() 0x0800b471   Thumb Code    20  objectsdefinitions.o(t._ZNSt4listIPN3src16IControlCommandsESaIS2_EE3endEv)
    std::list<src::IControlCommands*, std::allocator<src::IControlCommands*>>::begin() 0x0800b485   Thumb Code    18  objectsdefinitions.o(t._ZNSt4listIPN3src16IControlCommandsESaIS2_EE5beginEv)
    std::list<src::IControlCommands*, std::allocator<src::IControlCommands*>>::erase(std::__rw_list_iter<src::IControlCommands*, int, src::IControlCommands**, src::IControlCommands*&>) 0x0800b497   Thumb Code   116  objectsdefinitions.o(t._ZNSt4listIPN3src16IControlCommandsESaIS2_EE5eraseESt14__rw_list_iterIS2_iPS2_RS2_E)
    std::list<src::IControlCommands*, std::allocator<src::IControlCommands*>>::insert(std::__rw_list_iter<src::IControlCommands*, int, src::IControlCommands**, src::IControlCommands*&>, src::IControlCommands*const &) 0x0800b50b   Thumb Code   138  mainmenu.o(t._ZNSt4listIPN3src16IControlCommandsESaIS2_EE6insertESt14__rw_list_iterIS2_iPS2_RS2_ERKS2_)
    std::list<src::IControlCommands*, std::allocator<src::IControlCommands*>>::_C_init(bool) 0x0800b595   Thumb Code    64  objectsdefinitions.o(t._ZNSt4listIPN3src16IControlCommandsESaIS2_EE7_C_initEb)
    std::list<src::IControlCommands*, std::allocator<src::IControlCommands*>>::~list() 0x0800b5d5   Thumb Code   120  objectsdefinitions.o(t._ZNSt4listIPN3src16IControlCommandsESaIS2_EED1Ev)
    std::list<src::IControlCommands*, std::allocator<src::IControlCommands*>>::~list__sub_object() 0x0800b5d5   Thumb Code     0  objectsdefinitions.o(t._ZNSt4listIPN3src16IControlCommandsESaIS2_EED1Ev)
    std::pair<__rw::__rw_tree_iter<std::pair<const unsigned short, src::IVariable*>, int, std::pair<const unsigned short, src::IVariable*>*, std::pair<const unsigned short, src::IVariable*>&, __rw::__rw_rb_tree_node<std::allocator<std::pair<const unsigned short, src::IVariable*>>, std::pair<const unsigned short, src::IVariable*>, unsigned short, __rw::__select1st<std::pair<const unsigned short, src::IVariable*>, unsigned short>>>, bool>::pair(const __rw::__rw_tree_iter<std::pair<const unsigned short, src::IVariable*>, int, std::pair<const unsigned short, src::IVariable*>*, std::pair<const unsigned short, src::IVariable*>&, __rw::__rw_rb_tree_node<std::allocator<std::pair<const unsigned short, src::IVariable*>>, std::pair<const unsigned short, src::IVariable*>, unsigned short, __rw::__select1st<std::pair<const unsigned short, src::IVariable*>, unsigned short>>>&, const bool&) 0x0800b64d   Thumb Code    26  parameters.o(t._ZNSt4pairIN4__rw14__rw_tree_iterIS_IKtPN3src9IVariableEEiPS6_RS6_NS0_17__rw_rb_tree_nodeISaIS6_ES6_tNS0_11__select1stIS6_tEEEEEEbEC1ERKSE_RKb)
    std::pair<__rw::__rw_tree_iter<std::pair<const unsigned short, src::IVariable*>, int, std::pair<const unsigned short, src::IVariable*>*, std::pair<const unsigned short, src::IVariable*>&, __rw::__rw_rb_tree_node<std::allocator<std::pair<const unsigned short, src::IVariable*>>, std::pair<const unsigned short, src::IVariable*>, unsigned short, __rw::__select1st<std::pair<const unsigned short, src::IVariable*>, unsigned short>>>, bool>::pair__sub_object(const __rw::__rw_tree_iter<std::pair<const unsigned short, src::IVariable*>, int, std::pair<const unsigned short, src::IVariable*>*, std::pair<const unsigned short, src::IVariable*>&, __rw::__rw_rb_tree_node<std::allocator<std::pair<const unsigned short, src::IVariable*>>, std::pair<const unsigned short, src::IVariable*>, unsigned short, __rw::__select1st<std::pair<const unsigned short, src::IVariable*>, unsigned short>>>&, const bool&) 0x0800b64d   Thumb Code     0  parameters.o(t._ZNSt4pairIN4__rw14__rw_tree_iterIS_IKtPN3src9IVariableEEiPS6_RS6_NS0_17__rw_rb_tree_nodeISaIS6_ES6_tNS0_11__select1stIS6_tEEEEEEbEC1ERKSE_RKb)
    std::vector<src::IMenuItem*, std::allocator<src::IMenuItem*>>::_C_destroy(src::IMenuItem**, src::IMenuItem**) 0x0800b667   Thumb Code    18  engine.o(t._ZNSt6vectorIPN3src9IMenuItemESaIS2_EE10_C_destroyEPS2_S5_)
    std::vector<src::IMenuItem*, std::allocator<src::IMenuItem*>>::_C_insert_aux(src::IMenuItem**, src::IMenuItem*const &) 0x0800b679   Thumb Code   298  engine.o(t._ZNSt6vectorIPN3src9IMenuItemESaIS2_EE13_C_insert_auxEPS2_RKS2_)
    std::vector<src::IMenuItem*, std::allocator<src::IMenuItem*>>::end() 0x0800b7a3   Thumb Code     8  engine.o(t._ZNSt6vectorIPN3src9IMenuItemESaIS2_EE3endEv)
    std::vector<src::IMenuItem*, std::allocator<src::IMenuItem*>>::begin() 0x0800b7ab   Thumb Code     8  engine.o(t._ZNSt6vectorIPN3src9IMenuItemESaIS2_EE5beginEv)
    std::vector<src::IMenuItem*, std::allocator<src::IMenuItem*>>::erase(src::IMenuItem**, src::IMenuItem**) 0x0800b7b3   Thumb Code   106  engine.o(t._ZNSt6vectorIPN3src9IMenuItemESaIS2_EE5eraseEPS2_S5_)
    std::vector<src::IMenuItem*, std::allocator<src::IMenuItem*>>::push_back(src::IMenuItem*const &) 0x0800b81d   Thumb Code    56  engine.o(t._ZNSt6vectorIPN3src9IMenuItemESaIS2_EE9push_backERKS2_)
    std::vector<src::IMenuItem*, std::allocator<src::IMenuItem*>>::vector(const std::allocator<src::IMenuItem*>&) 0x0800b855   Thumb Code    16  objectsdefinitions.o(t._ZNSt6vectorIPN3src9IMenuItemESaIS2_EEC1ERKS3_)
    std::vector<src::IMenuItem*, std::allocator<src::IMenuItem*>>::vector__sub_object(const std::allocator<src::IMenuItem*>&) 0x0800b855   Thumb Code     0  objectsdefinitions.o(t._ZNSt6vectorIPN3src9IMenuItemESaIS2_EEC1ERKS3_)
    std::vector<src::IMenuItem*, std::allocator<src::IMenuItem*>>::~vector() 0x0800b865   Thumb Code    64  objectsdefinitions.o(t._ZNSt6vectorIPN3src9IMenuItemESaIS2_EED1Ev)
    std::vector<src::IMenuItem*, std::allocator<src::IMenuItem*>>::~vector__sub_object() 0x0800b865   Thumb Code     0  objectsdefinitions.o(t._ZNSt6vectorIPN3src9IMenuItemESaIS2_EED1Ev)
    std::vector<src::IMenuItem*, std::allocator<src::IMenuItem*>>::operator [](unsigned) 0x0800b8a5   Thumb Code    18  engine.o(t._ZNSt6vectorIPN3src9IMenuItemESaIS2_EEixEj)
    T2 std::uninitialized_copy<src::IMenuItem**, src::IMenuItem**, std::allocator<src::IMenuItem*>>(T1, T1, T2, T3&) 0x0800b8b7   Thumb Code    44  engine.o(t._ZSt18uninitialized_copyIPPN3src9IMenuItemES3_SaIS2_EET0_T_S6_S5_RT1_)
    const T1& std::max<unsigned>(const T1&, const T1&) 0x0800b8e3   Thumb Code    12  char.o(t._ZSt3maxIjERKT_S2_S2_)
    APBAHBPrescTable                         0x0800b8ee   Data          16  stm32f4xx_hal_rcc.o(.constdata)
    __mathlib_zero                           0x0800b9e8   Data           8  qnan.o(.constdata)
    std::ctype<char>::_C_classic_table       0x0800b9f0   Data         512  char.o(.constdata)
    __ctype_table                            0x0800bbf0   Data         129  ctype_o.o(.constdata)
    vtable for src::MeanFilter               0x0800bc78   Data          12  analogsensors.o(.constdata__ZTVN3src10MeanFilterE)
    vtable for src::MenuEngine               0x0800bc84   Data          40  objectsdefinitions.o(.constdata__ZTVN3src10MenuEngineE)
    vtable for src::IMbItem1Reg              0x0800bcac   Data          28  parameters.o(.constdata__ZTVN3src11IMbItem1RegE)
    vtable for src::IRcCommands              0x0800bcc8   Data          40  objectsdefinitions.o(.constdata__ZTVN3src11IRcCommandsE)
    vtable for src::ParameterFlt             0x0800bcf0   Data         168  parameters.o(.constdata__ZTVN3src12ParameterFltE)
    vtable for src::Pwm2phaseNONZ            0x0800bd98   Data          20  pwm_user.o(.constdata__ZTVN3src13Pwm2phaseNONZE)
    vtable for src::AnalogRmsSensor          0x0800bdac   Data          12  analogsensors.o(.constdata__ZTVN3src15AnalogRmsSensorE)
    vtable for src::IControlCommands         0x0800bdb8   Data          40  objectsdefinitions.o(.constdata__ZTVN3src16IControlCommandsE)
    vtable for src::Pwm                      0x0800bde0   Data          20  objectsdefinitions.o(.constdata__ZTVN3src3PwmE)
    vtable for src::MainMenu                 0x0800bdf4   Data          40  objectsdefinitions.o(.constdata__ZTVN3src8MainMenuE)
    vtable for src::IMenuItem                0x0800be1c   Data          12  parameters.o(.constdata__ZTVN3src9IMenuItemE)
    vtable for src::IVariable                0x0800be28   Data          56  parameters.o(.constdata__ZTVN3src9IVariableE)
    vtable for src::Parameter                0x0800be60   Data         164  parameters.o(.constdata__ZTVN3src9ParameterE)
    vtable for src::RmsFilter                0x0800bf04   Data          12  analogsensors.o(.constdata__ZTVN3src9RmsFilterE)
    vtable for std::locale::facet            0x0800bf10   Data          20  rwstdexcept.o(.constdata__ZTVNSt6locale5facetE)
    vtable for std::ctype_byname<char>       0x0800bf24   Data          52  char.o(.constdata__ZTVSt12ctype_bynameIcE)
    vtable for std::__rw_exception           0x0800bf58   Data          20  rwstdexcept.o(.constdata__ZTVSt14__rw_exception)
    vtable for std::ctype<char>              0x0800bf6c   Data          52  char.o(.constdata__ZTVSt5ctypeIcE)
    vtable for std::messages<char>           0x0800bfa0   Data          32  rwstdexcept.o(.constdata__ZTVSt8messagesIcE)
    vtable for std::exception                0x0800bfc0   Data          20  exception_dtor.o(.constdata__ZTVSt9exception)
    src::MenuEngine::rcDown()::string        0x0800bfd4   Data          29  objectsdefinitions.o(.constdata__ZZN3src10MenuEngine6rcDownEvEs)
    src::MenuEngine::rcOpen()::string        0x0800bff1   Data          29  objectsdefinitions.o(.constdata__ZZN3src10MenuEngine6rcOpenEvEs)
    src::MenuEngine::rcPlus()::string        0x0800c00e   Data          29  objectsdefinitions.o(.constdata__ZZN3src10MenuEngine6rcPlusEvEs)
    src::MenuEngine::rcClear()::string       0x0800c02b   Data          30  objectsdefinitions.o(.constdata__ZZN3src10MenuEngine7rcClearEvEs)
    src::MenuEngine::rcClose()::string       0x0800c049   Data          30  objectsdefinitions.o(.constdata__ZZN3src10MenuEngine7rcCloseEvEs)
    src::MenuEngine::rcEnter()::string       0x0800c067   Data          30  objectsdefinitions.o(.constdata__ZZN3src10MenuEngine7rcEnterEvEs)
    src::MenuEngine::rcMinus()::string       0x0800c085   Data          30  objectsdefinitions.o(.constdata__ZZN3src10MenuEngine7rcMinusEvEs)
    src::MenuEngine::rcRight()::string       0x0800c0a3   Data          30  objectsdefinitions.o(.constdata__ZZN3src10MenuEngine7rcRightEvEs)
    __rw::__rw_locale_imp::_C_category_name(int) const::string 0x0800c0c1   Data           1  locale.o(.constdata__ZZNK4__rw15__rw_locale_imp16_C_category_nameEiEs)
    std::basic_string<char, std::char_traits<char>, std::allocator<char>>::replace(unsigned, unsigned, const char*, unsigned, unsigned, unsigned)::string 0x0800c0c2   Data           1  char.o(.constdata__ZZNSs7replaceEjjPKcjjjEs)
    std::basic_string<char, std::char_traits<char>, std::allocator<char>>::_C_getRep(unsigned, unsigned)::string 0x0800c0c3   Data           1  char.o(.constdata__ZZNSs9_C_getRepEjjEs)
    std::messages<char>::messages(unsigned)::string 0x0800c0c4   Data           2  rwstdexcept.o(.constdata__ZZNSt8messagesIcEC1EjEs)
    Region$$Table$$Base                      0x0800c33c   Number         0  anon$$obj.o(Region$$Table)
    Region$$Table$$Limit                     0x0800c35c   Number         0  anon$$obj.o(Region$$Table)
    SHT$$INIT_ARRAY$$Base                    0x0800c35c   Number         0  objectsdefinitions.o(.init_array)
    SHT$$INIT_ARRAY$$Limit                   0x0800c36c   Number         0  rwcats.o(.init_array)
    SystemCoreClock                          0x20000004   Data           4  system_stm32f4xx.o(.data)
    AHBPrescTable                            0x20000008   Data          16  system_stm32f4xx.o(.data)
    __stdout                                 0x20000018   Data           4  retarget.o(.data)
    __stdin                                  0x2000001c   Data           4  retarget.o(.data)
    Timer100mls                              0x20000020   Data           2  objectsdefinitions.o(.data)
    adc1                                     0x20000024   Data           8  objectsdefinitions.o(.data)
    adc3                                     0x2000002c   Data           8  objectsdefinitions.o(.data)
    std::ctype<char>::id                     0x2000005c   Data           4  char.o(.data)
    std::ctype<wchar_t>::id                  0x20000060   Data           4  char.o(.data)
    std::locale::_C_classic                  0x2000006c   Data           4  locale.o(.data)
    std::locale::_C_native                   0x20000070   Data           4  locale.o(.data)
    std::locale::_C_global                   0x20000074   Data           4  locale.o(.data)
    std::codecvt<char, char, std::__mbstate_t>::id 0x20000078   Data           4  locale.o(.data)
    std::codecvt<wchar_t, char, std::__mbstate_t>::id 0x2000007c   Data           4  locale.o(.data)
    __rw_throw_proc                          0x20000080   Data           4  rwthrowproc_noex.o(.data)
    __stderr                                 0x20000084   Data           4  stderr.o(.data)
    __microlib_freelist                      0x20000088   Data           4  mvars.o(.data)
    __microlib_freelist_initialised          0x2000008c   Data           4  mvars.o(.data)
    std::locale::id::_C_init() const::_C_id_gen 0x2000009c   Data           4  locale.o(.data__ZZNKSt6locale2id7_C_initEvE9_C_id_gen)
    guard variable for std::__rw_get_cats()::__open_cats 0x200000a0   Data           4  messages.o(.data__ZZSt13__rw_get_catsvE11__open_cats)
    std::__rw_get_cats()::__open_cats        0x200000a4   Data           8  messages.o(.data__ZZSt13__rw_get_catsvE11__open_cats)
    htim1                                    0x200000ac   Data          60  tim.o(.bss)
    htim2                                    0x200000e8   Data          60  tim.o(.bss)
    hadc1                                    0x20000124   Data          68  adc.o(.bss)
    hadc3                                    0x20000168   Data          68  adc.o(.bss)
    hdma_adc1                                0x200001ac   Data          80  adc.o(.bss)
    hdma_adc3                                0x200001fc   Data          80  adc.o(.bss)
    hspi1                                    0x2000024c   Data          88  spi.o(.bss)
    hspi2                                    0x200002a4   Data          88  spi.o(.bss)
    hdma_spi1_tx                             0x200002fc   Data          80  spi.o(.bss)
    hdma_spi1_rx                             0x2000034c   Data          80  spi.o(.bss)
    hdma_spi2_rx                             0x2000039c   Data          80  spi.o(.bss)
    hdma_spi2_tx                             0x200003ec   Data          80  spi.o(.bss)
    pwm                                      0x2000043c   Data          60  objectsdefinitions.o(.bss)
    uDC                                      0x20000478   Data          28  objectsdefinitions.o(.bss)
    uCharge                                  0x20000494   Data          28  objectsdefinitions.o(.bss)
    iCharge                                  0x200004b0   Data          28  objectsdefinitions.o(.bss)
    mainMenu                                 0x200004cc   Data          36  objectsdefinitions.o(.bss)
    menuEngine                               0x200004f0   Data          36  objectsdefinitions.o(.bss)
    rc                                       0x20000514   Data          16  objectsdefinitions.o(.bss)
    containerOfVariables                     0x20000524   Data          32  objectsdefinitions.o(.bss)
    par1                                     0x20000544   Data          36  objectsdefinitions.o(.bss)
    par2                                     0x20000568   Data          36  objectsdefinitions.o(.bss)
    pwmDeathTime                             0x2000058c   Data          44  objectsdefinitions.o(.bss)
    pwmValue                                 0x200005b8   Data          44  objectsdefinitions.o(.bss)
    std::basic_string<char, std::char_traits<char>, std::allocator<char>>::__nullref 0x20000600   Data          16  vendor.o(.bss__ZNSs9__nullrefE)
    __heap_base                              0x20000610   Data           0  startup_stm32f407xx.o(HEAP)
    __heap_limit                             0x20001610   Data           0  startup_stm32f407xx.o(HEAP)
    __initial_sp                             0x20002610   Data           0  startup_stm32f407xx.o(STACK)



==============================================================================

Memory Map of the image

  Image Entry point : 0x08000189

  Load Region LR_IROM1 (Base: 0x08000000, Size: 0x0000c418, Max: 0x00080000, ABSOLUTE)

    Execution Region ER_IROM1 (Base: 0x08000000, Size: 0x0000c36c, Max: 0x00080000, ABSOLUTE)

    Base Addr    Size         Type   Attr      Idx    E Section Name        Object

    0x08000000   0x00000188   Data   RO            3    RESET               startup_stm32f407xx.o
    0x08000188   0x00000000   Code   RO         6336  * .ARM.Collect$$$$00000000  mc_w.l(entry.o)
    0x08000188   0x00000004   Code   RO         6832    .ARM.Collect$$$$00000001  mc_w.l(entry2.o)
    0x0800018c   0x00000004   Code   RO         6835    .ARM.Collect$$$$00000004  mc_w.l(entry5.o)
    0x08000190   0x00000000   Code   RO         6837    .ARM.Collect$$$$00000008  mc_w.l(entry7b.o)
    0x08000190   0x00000004   Code   RO         6838    .ARM.Collect$$$$00000009  mc_w.l(entry8a.o)
    0x08000194   0x00000000   Code   RO         6839    .ARM.Collect$$$$0000000A  mc_w.l(entry8b.o)
    0x08000194   0x00000008   Code   RO         6840    .ARM.Collect$$$$0000000B  mc_w.l(entry9a.o)
    0x0800019c   0x00000000   Code   RO         6842    .ARM.Collect$$$$0000000D  mc_w.l(entry10a.o)
    0x0800019c   0x00000000   Code   RO         6844    .ARM.Collect$$$$0000000F  mc_w.l(entry11a.o)
    0x0800019c   0x00000004   Code   RO         6833    .ARM.Collect$$$$00002712  mc_w.l(entry2.o)
    0x080001a0   0x00000024   Code   RO            4    .text               startup_stm32f407xx.o
    0x080001c4   0x00000024   Code   RO         6339    .text               mc_w.l(strstr.o)
    0x080001e8   0x00000014   Code   RO         6341    .text               mc_w.l(strchr.o)
    0x080001fc   0x0000000e   Code   RO         6343    .text               mc_w.l(strlen.o)
    0x0800020a   0x00000020   Code   RO         6345    .text               mc_w.l(strrchr.o)
    0x0800022a   0x00000002   PAD
    0x0800022c   0x00000020   Code   RO         6611    .text               mc_w.l(cpp_init.o)
    0x0800024c   0x000000e4   Code   RO         6613    .text               mf_w.l(dmul.o)
    0x08000330   0x00000022   Code   RO         6615    .text               mf_w.l(dflti.o)
    0x08000352   0x00000026   Code   RO         6617    .text               mf_w.l(f2d.o)
    0x08000378   0x00000038   Code   RO         6619    .text               mf_w.l(d2f.o)
    0x080003b0   0x0000002c   Code   RO         6846    .text               mc_w.l(uidiv.o)
    0x080003dc   0x00000062   Code   RO         6848    .text               mc_w.l(uldiv.o)
    0x0800043e   0x00000024   Code   RO         6850    .text               mc_w.l(memcpya.o)
    0x08000462   0x00000040   Code   RO         6852    .text               mc_w.l(memmovea.o)
    0x080004a2   0x00000000   Code   RO         6893    .text               mc_w.l(iusefp.o)
    0x080004a2   0x00000002   PAD
    0x080004a4   0x00000008   Code   RO         6894    .text               mc_w.l(cpp_dtor.o)
    0x080004ac   0x00000002   Code   RO         6897    .text               mc_w.l(cpp_final.o)
    0x080004ae   0x00000002   Code   RO         6899    .text               mc_w.l(cpp_signal.o)
    0x080004b0   0x00000020   Code   RO         6901    .text               mc_w.l(cpp_unwinder.o)
    0x080004d0   0x0000006e   Code   RO         6904    .text               mf_w.l(fepilogue.o)
    0x0800053e   0x000000ba   Code   RO         6906    .text               mf_w.l(depilogue.o)
    0x080005f8   0x0000014e   Code   RO         6908    .text               mf_w.l(dadd.o)
    0x08000746   0x000000de   Code   RO         6910    .text               mf_w.l(ddiv.o)
    0x08000824   0x0000002e   Code   RO         6914    .text               mf_w.l(dscalb.o)
    0x08000852   0x00000030   Code   RO         6916    .text               mf_w.l(dfixul.o)
    0x08000882   0x00000002   PAD
    0x08000884   0x00000030   Code   RO         6918    .text               mf_w.l(cdrcmple.o)
    0x080008b4   0x00000004   Code   RO         7409    .text               cpprt_w.l(arm_newhandler_noexceptions.o)
    0x080008b8   0x0000000e   Code   RO         7428    .text               cpprt_w.l(aeabi_vec_delete_noexceptions.o)
    0x080008c6   0x0000001a   Code   RO         7438    .text               cpprt_w.l(arm_exceptions_terminate.o)
    0x080008e0   0x00000050   Code   RO         7441    .text               cpprt_w.l(arm_exceptions_globs.o)
    0x08000930   0x00000024   Code   RO         7447    .text               mc_w.l(init.o)
    0x08000954   0x0000001e   Code   RO         7450    .text               mc_w.l(llshl.o)
    0x08000972   0x00000020   Code   RO         7452    .text               mc_w.l(llushr.o)
    0x08000992   0x00000024   Code   RO         7454    .text               mc_w.l(llsshr.o)
    0x080009b6   0x00000018   Code   RO         7460    .text               mc_w.l(strcat.o)
    0x080009ce   0x00000012   Code   RO         7462    .text               mc_w.l(strcpy.o)
    0x080009e0   0x00000038   Code   RO         7466    .text               mc_w.l(sscanf.o)
    0x08000a18   0x00000008   Code   RO         7468    .text               mc_w.l(cpp_memory.o)
    0x08000a20   0x000000a2   Code   RO         7471    .text               mf_w.l(dsqrt.o)
    0x08000ac2   0x0000003c   Code   RO         7585    .text               cpprt_w.l(arm_exceptions_mem.o)
    0x08000afe   0x00000002   PAD
    0x08000b00   0x00000008   Code   RO         7591    .text               mc_w.l(ctype_o.o)
    0x08000b08   0x00000012   Code   RO         7613    .text               mc_w.l(isspace_o.o)
    0x08000b1a   0x00000042   Code   RO         7627    .text               mc_w.l(memmove.o)
    0x08000b5c   0x0000001c   Code   RO         7631    .text               mc_w.l(strcmp.o)
    0x08000b78   0x00000156   Code   RO         7643    .text               mc_w.l(_scanf_longlong.o)
    0x08000cce   0x0000014c   Code   RO         7645    .text               mc_w.l(_scanf_int.o)
    0x08000e1a   0x000000e0   Code   RO         7647    .text               mc_w.l(_scanf_str.o)
    0x08000efa   0x00000002   PAD
    0x08000efc   0x00000338   Code   RO         7649    .text               mc_w.l(scanf_fp.o)
    0x08001234   0x00000028   Code   RO         7653    .text               mc_w.l(scanf_char.o)
    0x0800125c   0x00000040   Code   RO         7655    .text               mc_w.l(_sgetc.o)
    0x0800129c   0x00000002   Code   RO         7657    .text               cpprt_w.l(arm_rethrow_noexceptions.o)
    0x0800129e   0x00000022   Code   RO         7663    .text               cpprt_w.l(aeabi_vec_dtor_noexceptions.o)
    0x080012c0   0x0000001c   Code   RO         7670    .text               mc_w.l(_chval.o)
    0x080012dc   0x0000032c   Code   RO         7672    .text               mc_w.l(_scanf.o)
    0x08001608   0x00000018   Code   RO         7676    .text               mf_w.l(dfltul.o)
    0x08001620   0x0000001c   Code   RO         7689    .text               cpprt_w.l(ARM_vec_cleanup_noexceptions.o)
    0x0800163c   0x00000014   Code   RO         7176    i.<Func5>           cpp_ws.l(locale.o)
    0x08001650   0x00000024   Code   RO          372    i.ADC_DMAConvCplt   stm32f4xx_hal_adc.o
    0x08001674   0x0000001c   Code   RO          373    i.ADC_DMAError      stm32f4xx_hal_adc.o
    0x08001690   0x0000000e   Code   RO          374    i.ADC_DMAHalfConvCplt  stm32f4xx_hal_adc.o
    0x0800169e   0x00000002   PAD
    0x080016a0   0x00000178   Code   RO          375    i.ADC_Init          stm32f4xx_hal_adc.o
    0x08001818   0x00000010   Code   RO         3289    i.DMA1_Stream3_IRQHandler  stm32f4xx_it.o
    0x08001828   0x00000010   Code   RO         3290    i.DMA1_Stream4_IRQHandler  stm32f4xx_it.o
    0x08001838   0x00000010   Code   RO         3291    i.DMA2_Stream0_IRQHandler  stm32f4xx_it.o
    0x08001848   0x00000010   Code   RO         3292    i.DMA2_Stream1_IRQHandler  stm32f4xx_it.o
    0x08001858   0x00000010   Code   RO         3293    i.DMA2_Stream3_IRQHandler  stm32f4xx_it.o
    0x08001868   0x000000a4   Code   RO         3294    i.DMA2_Stream4_IRQHandler  stm32f4xx_it.o
    0x0800190c   0x0000002c   Code   RO          247    i.DMA_SetConfig     stm32f4xx_hal_dma.o
    0x08001938   0x00000018   Code   RO         3295    i.EXTI15_10_IRQHandler  stm32f4xx_it.o
    0x08001950   0x00000194   Code   RO          377    i.HAL_ADC_ConfigChannel  stm32f4xx_hal_adc.o
    0x08001ae4   0x00000002   Code   RO          378    i.HAL_ADC_ConvCpltCallback  stm32f4xx_hal_adc.o
    0x08001ae6   0x00000002   Code   RO          379    i.HAL_ADC_ConvHalfCpltCallback  stm32f4xx_hal_adc.o
    0x08001ae8   0x00000002   Code   RO          381    i.HAL_ADC_ErrorCallback  stm32f4xx_hal_adc.o
    0x08001aea   0x00000002   PAD
    0x08001aec   0x00000050   Code   RO          386    i.HAL_ADC_Init      stm32f4xx_hal_adc.o
    0x08001b3c   0x0000010c   Code   RO         2758    i.HAL_ADC_MspInit   adc.o
    0x08001c48   0x000000d0   Code   RO          393    i.HAL_ADC_Start_DMA  stm32f4xx_hal_adc.o
    0x08001d18   0x00002638   Code   RO          252    i.HAL_DMA_IRQHandler  stm32f4xx_hal_dma.o
    0x08004350   0x0000007c   Code   RO          253    i.HAL_DMA_Init      stm32f4xx_hal_dma.o
    0x080043cc   0x0000008e   Code   RO          256    i.HAL_DMA_Start_IT  stm32f4xx_hal_dma.o
    0x0800445a   0x00000002   Code   RO         2105    i.HAL_GPIO_EXTI_Callback  stm32f4xx_hal_gpio.o
    0x0800445c   0x0000001c   Code   RO         2106    i.HAL_GPIO_EXTI_IRQHandler  stm32f4xx_hal_gpio.o
    0x08004478   0x00000208   Code   RO         2107    i.HAL_GPIO_Init     stm32f4xx_hal_gpio.o
    0x08004680   0x0000000c   Code   RO         1673    i.HAL_GetTick       stm32f4xx_hal.o
    0x0800468c   0x00000010   Code   RO         1674    i.HAL_IncTick       stm32f4xx_hal.o
    0x0800469c   0x0000003c   Code   RO         1675    i.HAL_Init          stm32f4xx_hal.o
    0x080046d8   0x00000024   Code   RO         1676    i.HAL_InitTick      stm32f4xx_hal.o
    0x080046fc   0x00000014   Code   RO         2607    i.HAL_MspInit       stm32f4xx_hal_msp.o
    0x08004710   0x0000001a   Code   RO         2172    i.HAL_NVIC_EnableIRQ  stm32f4xx_hal_cortex.o
    0x0800472a   0x0000007c   Code   RO         2178    i.HAL_NVIC_SetPriority  stm32f4xx_hal_cortex.o
    0x080047a6   0x00000002   PAD
    0x080047a8   0x00000028   Code   RO         2179    i.HAL_NVIC_SetPriorityGrouping  stm32f4xx_hal_cortex.o
    0x080047d0   0x000002b0   Code   RO         2398    i.HAL_RCC_ClockConfig  stm32f4xx_hal_rcc.o
    0x08004a80   0x00000038   Code   RO         2403    i.HAL_RCC_GetHCLKFreq  stm32f4xx_hal_rcc.o
    0x08004ab8   0x0000002c   Code   RO         2406    i.HAL_RCC_GetPCLK2Freq  stm32f4xx_hal_rcc.o
    0x08004ae4   0x000000b4   Code   RO         2407    i.HAL_RCC_GetSysClockFreq  stm32f4xx_hal_rcc.o
    0x08004b98   0x00000404   Code   RO         2410    i.HAL_RCC_OscConfig  stm32f4xx_hal_rcc.o
    0x08004f9c   0x00000002   Code   RO         1810    i.HAL_SPI_ErrorCallback  stm32f4xx_hal_spi.o
    0x08004f9e   0x000000fa   Code   RO         1813    i.HAL_SPI_IRQHandler  stm32f4xx_hal_spi.o
    0x08005098   0x00000088   Code   RO         1814    i.HAL_SPI_Init      stm32f4xx_hal_spi.o
    0x08005120   0x000001b0   Code   RO         2806    i.HAL_SPI_MspInit   spi.o
    0x080052d0   0x00000002   Code   RO         2182    i.HAL_SYSTICK_Callback  stm32f4xx_hal_cortex.o
    0x080052d2   0x00000034   Code   RO         2183    i.HAL_SYSTICK_Config  stm32f4xx_hal_cortex.o
    0x08005306   0x00000008   Code   RO         2184    i.HAL_SYSTICK_IRQHandler  stm32f4xx_hal_cortex.o
    0x0800530e   0x00000050   Code   RO          664    i.HAL_TIMEx_ConfigBreakDeadTime  stm32f4xx_hal_tim_ex.o
    0x0800535e   0x00000062   Code   RO          679    i.HAL_TIMEx_MasterConfigSynchronization  stm32f4xx_hal_tim_ex.o
    0x080053c0   0x0000002c   Code   RO          690    i.HAL_TIMEx_PWMN_Start  stm32f4xx_hal_tim_ex.o
    0x080053ec   0x00000034   Code   RO         1021    i.HAL_TIM_Base_Init  stm32f4xx_hal_tim.o
    0x08005420   0x00000080   Code   RO         2686    i.HAL_TIM_Base_MspInit  tim.o
    0x080054a0   0x0000001e   Code   RO         1024    i.HAL_TIM_Base_Start  stm32f4xx_hal_tim.o
    0x080054be   0x00000132   Code   RO         1030    i.HAL_TIM_ConfigClockSource  stm32f4xx_hal_tim.o
    0x080055f0   0x00000074   Code   RO         1064    i.HAL_TIM_OC_ConfigChannel  stm32f4xx_hal_tim.o
    0x08005664   0x00000034   Code   RO         1068    i.HAL_TIM_OC_Init   stm32f4xx_hal_tim.o
    0x08005698   0x0000002c   Code   RO         2688    i.HAL_TIM_OC_MspInit  tim.o
    0x080056c4   0x0000004c   Code   RO         1071    i.HAL_TIM_OC_Start  stm32f4xx_hal_tim.o
    0x08005710   0x00000108   Code   RO         1087    i.HAL_TIM_PWM_ConfigChannel  stm32f4xx_hal_tim.o
    0x08005818   0x00000034   Code   RO         1090    i.HAL_TIM_PWM_Init  stm32f4xx_hal_tim.o
    0x0800584c   0x00000058   Code   RO         2690    i.HAL_TIM_PWM_MspInit  tim.o
    0x080058a4   0x0000004c   Code   RO         1094    i.HAL_TIM_PWM_Start  stm32f4xx_hal_tim.o
    0x080058f0   0x0000009c   Code   RO         2759    i.MX_ADC1_Init      adc.o
    0x0800598c   0x0000004c   Code   RO         2760    i.MX_ADC3_Init      adc.o
    0x080059d8   0x000000a0   Code   RO         2631    i.MX_DMA_Init       dma.o
    0x08005a78   0x00000110   Code   RO         2658    i.MX_GPIO_Init      gpio.o
    0x08005b88   0x00000038   Code   RO         2807    i.MX_SPI1_Init      spi.o
    0x08005bc0   0x00000038   Code   RO         2808    i.MX_SPI2_Init      spi.o
    0x08005bf8   0x0000009c   Code   RO         2691    i.MX_TIM1_Init      tim.o
    0x08005c94   0x00000068   Code   RO         2692    i.MX_TIM2_Init      tim.o
    0x08005cfc   0x00000088   Code   RO         4176    i.MainLoop          main_loop.o
    0x08005d84   0x00000010   Code   RO         2185    i.NVIC_GetPriorityGrouping  stm32f4xx_hal_cortex.o
    0x08005d94   0x00000028   Code   RO         2186    i.NVIC_SetPriority  stm32f4xx_hal_cortex.o
    0x08005dbc   0x00000010   Code   RO         3296    i.SPI1_IRQHandler   stm32f4xx_it.o
    0x08005dcc   0x00000010   Code   RO         3297    i.SPI2_IRQHandler   stm32f4xx_it.o
    0x08005ddc   0x0000000c   Code   RO         3298    i.SysTick_Handler   stm32f4xx_it.o
    0x08005de8   0x00000064   Code   RO         2503    i.SystemInit        system_stm32f4xx.o
    0x08005e4c   0x000000e4   Code   RO         1105    i.TIM_Base_SetConfig  stm32f4xx_hal_tim.o
    0x08005f30   0x0000001c   Code   RO         1106    i.TIM_CCxChannelCmd  stm32f4xx_hal_tim.o
    0x08005f4c   0x0000001c   Code   RO          698    i.TIM_CCxNChannelCmd  stm32f4xx_hal_tim_ex.o
    0x08005f68   0x00000018   Code   RO         1112    i.TIM_ETR_SetConfig  stm32f4xx_hal_tim.o
    0x08005f80   0x00000014   Code   RO         1113    i.TIM_ITRx_SetConfig  stm32f4xx_hal_tim.o
    0x08005f94   0x00000070   Code   RO         1114    i.TIM_OC1_SetConfig  stm32f4xx_hal_tim.o
    0x08006004   0x00000078   Code   RO         1115    i.TIM_OC2_SetConfig  stm32f4xx_hal_tim.o
    0x0800607c   0x00000078   Code   RO         1116    i.TIM_OC3_SetConfig  stm32f4xx_hal_tim.o
    0x080060f4   0x00000060   Code   RO         1117    i.TIM_OC4_SetConfig  stm32f4xx_hal_tim.o
    0x08006154   0x0000002a   Code   RO         1119    i.TIM_TI1_ConfigInputStage  stm32f4xx_hal_tim.o
    0x0800617e   0x0000002c   Code   RO         1121    i.TIM_TI2_ConfigInputStage  stm32f4xx_hal_tim.o
    0x080061aa   0x00000002   PAD
    0x080061ac   0x0000008c   Code   RO         2853    i._Z18SystemClock_Configv  main.o
    0x08006238   0x00000020   Code   RO         7475    i._Z7catgetsPN4__rw8__rw_catEiiPKc  cpp_ws.l(rwcats.o)
    0x08006258   0x00000022   Code   RO         7476    i._Z7catopenPKci    cpp_ws.l(rwcats.o)
    0x0800627a   0x00000058   Code   RO         6621    i._ZN37_INTERNAL_15_rwstdexcept_cpp_8697b68a4__rw13__rw_vfmatstrEPcjPKcSt9__va_list  cpp_ws.l(rwstdexcept.o)
    0x080062d2   0x00000002   PAD
    0x080062d4   0x0000014c   Code   RO         6622    i._ZN37_INTERNAL_15_rwstdexcept_cpp_8697b68a4__rw13__rw_vfmatstrEPcjiSt9__va_list  cpp_ws.l(rwstdexcept.o)
    0x08006420   0x00000034   Code   RO         5547    i._ZN3src10LedDecoder6decodeEc  displayleddecoder.o
    0x08006454   0x00000006   Code   RO         4498    i._ZN3src10LedDecoder6getAllEv  engine.o
    0x0800645a   0x00000016   Code   RO         5642    i._ZN3src10MeanFilter7putTsTfEff  filters.o
    0x08006470   0x0000000c   Code   RO         5601    i._ZN3src10MeanFilterC1Ev  analogsensors.o
    0x0800647c   0x00000012   Code   RO         4353    i._ZN3src10MenuEngine21findAvailableElementsEPc  engine.o
    0x0800648e   0x000000c4   Code   RO         4354    i._ZN3src10MenuEngine21findAvailableElementsERSt6vectorIPNS_9IMenuItemESaIS3_EEPc  engine.o
    0x08006552   0x00000002   PAD
    0x08006554   0x00000010   Code   RO         3877    i._ZN3src10MenuEngine6rcDownEv  objectsdefinitions.o
    0x08006564   0x00000010   Code   RO         3865    i._ZN3src10MenuEngine6rcOpenEv  objectsdefinitions.o
    0x08006574   0x00000010   Code   RO         3841    i._ZN3src10MenuEngine6rcPlusEv  objectsdefinitions.o
    0x08006584   0x00000114   Code   RO         4356    i._ZN3src10MenuEngine7displayEv  engine.o
    0x08006698   0x00000010   Code   RO         4357    i._ZN3src10MenuEngine7putItemEPNS_9IMenuItemE  engine.o
    0x080066a8   0x00000010   Code   RO         3859    i._ZN3src10MenuEngine7rcClearEv  objectsdefinitions.o
    0x080066b8   0x00000010   Code   RO         3871    i._ZN3src10MenuEngine7rcCloseEv  objectsdefinitions.o
    0x080066c8   0x00000010   Code   RO         3853    i._ZN3src10MenuEngine7rcEnterEv  objectsdefinitions.o
    0x080066d8   0x00000010   Code   RO         3847    i._ZN3src10MenuEngine7rcMinusEv  objectsdefinitions.o
    0x080066e8   0x00000010   Code   RO         3883    i._ZN3src10MenuEngine7rcRightEv  objectsdefinitions.o
    0x080066f8   0x00000024   Code   RO         3613    i._ZN3src10MenuEngineD1Ev  objectsdefinitions.o
    0x0800671c   0x00000002   Code   RO         3725    i._ZN3src11IRcCommands6rcDownEv  objectsdefinitions.o
    0x0800671e   0x00000002   Code   RO         3707    i._ZN3src11IRcCommands6rcOpenEv  objectsdefinitions.o
    0x08006720   0x00000002   Code   RO         3719    i._ZN3src11IRcCommands6rcPlusEv  objectsdefinitions.o
    0x08006722   0x00000002   Code   RO         3701    i._ZN3src11IRcCommands7rcClearEv  objectsdefinitions.o
    0x08006724   0x00000002   Code   RO         3713    i._ZN3src11IRcCommands7rcCloseEv  objectsdefinitions.o
    0x08006726   0x00000002   Code   RO         3743    i._ZN3src11IRcCommands7rcEnterEv  objectsdefinitions.o
    0x08006728   0x00000002   Code   RO         3737    i._ZN3src11IRcCommands7rcMinusEv  objectsdefinitions.o
    0x0800672a   0x00000002   Code   RO         3731    i._ZN3src11IRcCommands7rcRightEv  objectsdefinitions.o
    0x0800672c   0x00000070   Code   RO         2886    i._ZN3src12ParameterFlt8setValueEj  main.o
    0x0800679c   0x00000060   Code   RO         4695    i._ZN3src12ParameterFltC1EtPcS1_ttttttts  parameters.o
    0x080067fc   0x000000c8   Code   RO         5703    i._ZN3src13Pwm2phaseNONZ16computeDeathTimeEf  pwm_user.o
    0x080068c4   0x000000d8   Code   RO         5704    i._ZN3src13Pwm2phaseNONZ4initEv  pwm_user.o
    0x0800699c   0x00000038   Code   RO         5563    i._ZN3src15AnalogRmsSensorC1Eff  analogsensors.o
    0x080069d4   0x00000002   Code   RO         3773    i._ZN3src16IControlCommands6rcOpenEv  objectsdefinitions.o
    0x080069d6   0x00000002   Code   RO         3749    i._ZN3src16IControlCommands6rcPlusEv  objectsdefinitions.o
    0x080069d8   0x00000002   Code   RO         3767    i._ZN3src16IControlCommands7rcClearEv  objectsdefinitions.o
    0x080069da   0x00000002   Code   RO         3779    i._ZN3src16IControlCommands7rcCloseEv  objectsdefinitions.o
    0x080069dc   0x00000002   Code   RO         3761    i._ZN3src16IControlCommands7rcEnterEv  objectsdefinitions.o
    0x080069de   0x00000002   Code   RO         3755    i._ZN3src16IControlCommands7rcMinusEv  objectsdefinitions.o
    0x080069e0   0x00000010   Code   RO         3604    i._ZN3src16IControlCommandsC1Ev  objectsdefinitions.o
    0x080069f0   0x0000004c   Code   RO         4701    i._ZN3src20ContainerOfVariables10putContentEPNS_9IVariableE  parameters.o
    0x08006a3c   0x00000032   Code   RO         4703    i._ZN3src20ContainerOfVariablesC1Ev  parameters.o
    0x08006a6e   0x00000042   Code   RO         3616    i._ZN3src20ContainerOfVariablesD1Ev  objectsdefinitions.o
    0x08006ab0   0x00000080   Code   RO         5850    i._ZN3src2Rc12cycleHandlerEv  rc.o
    0x08006b30   0x00000006   Code   RO         3377    i._ZN3src3Adc8getBuferEv  stm32f4xx_it.o
    0x08006b36   0x00000014   Code   RO         4320    i._ZN3src3AdcC1Et   adc_1.o
    0x08006b4a   0x00000022   Code   RO         5395    i._ZN3src8MainMenu11addObserverEPNS_16IControlCommandsE  mainmenu.o
    0x08006b6c   0x00000048   Code   RO         3813    i._ZN3src8MainMenu6rcDownEv  objectsdefinitions.o
    0x08006bb4   0x00000048   Code   RO         3792    i._ZN3src8MainMenu6rcOpenEv  objectsdefinitions.o
    0x08006bfc   0x00000048   Code   RO         3806    i._ZN3src8MainMenu6rcPlusEv  objectsdefinitions.o
    0x08006c44   0x00000048   Code   RO         3785    i._ZN3src8MainMenu7rcClearEv  objectsdefinitions.o
    0x08006c8c   0x00000048   Code   RO         3799    i._ZN3src8MainMenu7rcCloseEv  objectsdefinitions.o
    0x08006cd4   0x00000048   Code   RO         3834    i._ZN3src8MainMenu7rcEnterEv  objectsdefinitions.o
    0x08006d1c   0x00000048   Code   RO         3827    i._ZN3src8MainMenu7rcMinusEv  objectsdefinitions.o
    0x08006d64   0x00000048   Code   RO         3820    i._ZN3src8MainMenu7rcRightEv  objectsdefinitions.o
    0x08006dac   0x0000004c   Code   RO         3607    i._ZN3src8MainMenuC1Ev  objectsdefinitions.o
    0x08006df8   0x00000018   Code   RO         3610    i._ZN3src8MainMenuD1Ev  objectsdefinitions.o
    0x08006e10   0x0000000c   Code   RO         4955    i._ZN3src9IMenuItemC2Ev  parameters.o
    0x08006e1c   0x0000000c   Code   RO         4958    i._ZN3src9IVariableC2Ev  parameters.o
    0x08006e28   0x00000002   Code   RO         4704    i._ZN3src9Parameter10putToMbMapEPNS_11IMbItem1RegE  parameters.o
    0x08006e2a   0x00000002   PAD
    0x08006e2c   0x00000014   Code   RO         4705    i._ZN3src9Parameter11putToVarMapEPNS_9IVariableE  parameters.o
    0x08006e40   0x00000006   Code   RO         4961    i._ZN3src9Parameter7getMenuEv  parameters.o
    0x08006e46   0x00000002   PAD
    0x08006e48   0x00000014   Code   RO         4706    i._ZN3src9Parameter9putToMenuEPNS_9IMenuItemE  parameters.o
    0x08006e5c   0x00000094   Code   RO         4707    i._ZN3src9ParameterC1EtPcS1_htttttt  parameters.o
    0x08006ef0   0x000000ac   Code   RO         5995    i._ZN3src9RcDecoder9putSampleEv  rc_decoder.o
    0x08006f9c   0x00000064   Code   RO         3371    i._ZN3src9RmsFilter9putSampleEt  stm32f4xx_it.o
    0x08007000   0x00000018   Code   RO         5604    i._ZN3src9RmsFilterC1Ev  analogsensors.o
    0x08007018   0x0000005c   Code   RO         6624    i._ZN4__rw10__rw_throwEiz  cpp_ws.l(rwstdexcept.o)
    0x08007074   0x00000020   Code   RO         6043    i._ZN4__rw13__rw_allocateEji  cpp_ws.l(rwalloc.o)
    0x08007094   0x00000004   Code   RO         6044    i._ZN4__rw15__rw_deallocateEPvji  cpp_ws.l(rwalloc.o)
    0x08007098   0x00000002   Code   RO         7123    i._ZN4__rw15__rw_facet_base12_C_initfacetERKSt6locale  cpp_ws.l(char.o)
    0x0800709a   0x00000002   PAD
    0x0800709c   0x000000ec   Code   RO         7279    i._ZN4__rw15__rw_locale_impC1EPKcjj  cpp_ws.l(locale.o)
    0x08007188   0x0000001a   Code   RO         7317    i._ZN4__rw15__rw_locale_impD1Ev  cpp_ws.l(locale.o)
    0x080071a2   0x0000003a   Code   RO         7177    i._ZN4__rw21__rw_use_c_lib_localeC1EPKci  cpp_ws.l(locale.o)
    0x080071dc   0x00000018   Code   RO         7093    i._ZN4__rw21__rw_use_c_lib_localeD1Ev  cpp_ws.l(char.o)
    0x080071f4   0x00000098   Code   RO         7499    i._ZN4__rw25__rw_throw_exception_noexEiPc  cpp_ws.l(rwthrowproc_impl_noex.o)
    0x0800728c   0x00000030   Code   RO         7479    i._ZN4__rw9__catfindEPNS_8__rw_catE  cpp_ws.l(rwcats.o)
    0x080072bc   0x00000004   Code   RO         6744    i._ZNKSt14__rw_exception4whatEv  cpp_ws.l(rwstdexcept.o)
    0x080072c0   0x00000072   Code   RO         7354    i._ZNKSt18__rw_messages_base11_C_cat_openERKSsRKSt6locale  cpp_ws.l(messages.o)
    0x08007332   0x00000020   Code   RO         7357    i._ZNKSt18__rw_messages_base13_C_get_localeEi  cpp_ws.l(messages.o)
    0x08007352   0x00000034   Code   RO         7358    i._ZNKSt18__rw_messages_base14_C_get_messageEiii  cpp_ws.l(messages.o)
    0x08007386   0x0000000e   Code   RO         7063    i._ZNKSt5ctypeIcE2isENSt10ctype_base4maskEc  cpp_ws.l(char.o)
    0x08007394   0x00000108   Code   RO         7182    i._ZNKSt6locale13_C_make_facetERKNS_2idEbiPFPN4__rw15__rw_facet_baseEiPKcjE  cpp_ws.l(locale.o)
    0x0800749c   0x00000074   Code   RO         7184    i._ZNKSt6locale16_C_install_facetEPN4__rw15__rw_facet_baseERKNS_2idE  cpp_ws.l(locale.o)
    0x08007510   0x00000030   Code   RO         7185    i._ZNKSt6locale4nameEv  cpp_ws.l(locale.o)
    0x08007540   0x0000000c   Code   RO         7038    i._ZNSt11char_traitsIcE4copyEPcPKcj  cpp_ws.l(char.o)
    0x0800754c   0x000000cc   Code   RO         6924    i._ZNSt12ctype_bynameIcE17_C_get_mask_tableEPKc  cpp_ws.l(char.o)
    0x08007618   0x00000120   Code   RO         6926    i._ZNSt12ctype_bynameIcEC1EPKcj  cpp_ws.l(char.o)
    0x08007738   0x0000000e   Code   RO         7170    i._ZNSt12ctype_bynameIcED0Ev  cpp_ws.l(char.o)
    0x08007746   0x00000008   Code   RO         7167    i._ZNSt12ctype_bynameIcED1Ev  cpp_ws.l(char.o)
    0x0800774e   0x00000002   PAD
    0x08007750   0x00000084   Code   RO         6627    i._ZNSt14__rw_exception10_C_vformatEiSt9__va_list  cpp_ws.l(rwstdexcept.o)
    0x080077d4   0x00000014   Code   RO         6694    i._ZNSt14__rw_exceptionC1Ev  cpp_ws.l(rwstdexcept.o)
    0x080077e8   0x0000001c   Code   RO         6738    i._ZNSt14__rw_exceptionD1Ev  cpp_ws.l(rwstdexcept.o)
    0x08007804   0x00000008   Code   RO         6691    i._ZNSt18__rw_messages_baseD1Ev  cpp_ws.l(rwstdexcept.o)
    0x0800780c   0x0000001a   Code   RO         7394    i._ZNSt18__rw_open_cat_dataC1Ev  cpp_ws.l(messages.o)
    0x08007826   0x0000000c   Code   RO         7391    i._ZNSt18__rw_open_cat_dataD1Ev  cpp_ws.l(messages.o)
    0x08007832   0x00000012   Code   RO         7397    i._ZNSt18__rw_open_cat_dataaSERKS_  cpp_ws.l(messages.o)
    0x08007844   0x000000fa   Code   RO         6928    i._ZNSt5ctypeIcE12_C_initfacetERKSt6locale  cpp_ws.l(char.o)
    0x0800793e   0x00000002   PAD
    0x08007940   0x00000118   Code   RO         6930    i._ZNSt5ctypeIcEC1EPKNSt10ctype_base4maskEbj  cpp_ws.l(char.o)
    0x08007a58   0x0000000e   Code   RO         7066    i._ZNSt5ctypeIcED0Ev  cpp_ws.l(char.o)
    0x08007a66   0x00000002   PAD
    0x08007a68   0x0000002c   Code   RO         6995    i._ZNSt5ctypeIcED1Ev  cpp_ws.l(char.o)
    0x08007a94   0x0000000e   Code   RO         6735    i._ZNSt6locale5facetD0Ev  cpp_ws.l(rwstdexcept.o)
    0x08007aa2   0x00000002   PAD
    0x08007aa4   0x00000084   Code   RO         7188    i._ZNSt6locale7_C_initEv  cpp_ws.l(locale.o)
    0x08007b28   0x00000044   Code   RO         7190    i._ZNSt6locale7classicEv  cpp_ws.l(locale.o)
    0x08007b6c   0x00000020   Code   RO         7320    i._ZNSt6localeC1EPN4__rw15__rw_locale_impE  cpp_ws.l(locale.o)
    0x08007b8c   0x0000000c   Code   RO         7400    i._ZNSt6localeC1ERKS_  cpp_ws.l(messages.o)
    0x08007b98   0x00000020   Code   RO         6687    i._ZNSt6localeC1Ev  cpp_ws.l(rwstdexcept.o)
    0x08007bb8   0x00000020   Code   RO         7295    i._ZNSt6localeD1Ev  cpp_ws.l(locale.o)
    0x08007bd8   0x00000032   Code   RO         7198    i._ZNSt6localeaSERKS_  cpp_ws.l(locale.o)
    0x08007c0a   0x0000000e   Code   RO         6709    i._ZNSt8messagesIcED0Ev  cpp_ws.l(rwstdexcept.o)
    0x08007c18   0x00000010   Code   RO         6678    i._ZNSt8messagesIcED1Ev  cpp_ws.l(rwstdexcept.o)
    0x08007c28   0x0000000c   Code   RO         7415    i._ZNSt9exceptionC1Ev  cpprt_w.l(exception_ctor.o)
    0x08007c34   0x0000003c   Code   RO         7375    i._ZSt13__rw_get_catsv  cpp_ws.l(messages.o)
    0x08007c70   0x00000008   Code   RO         4991    i._ZThn8_N3src9Parameter8getVarIdEv  parameters.o
    0x08007c78   0x00000008   Code   RO         7406    i._ZdaPv            cpprt_w.l(array_del.o)
    0x08007c80   0x00000008   Code   RO         6747    i._ZdlPv            cpprt_w.l(delete.o)
    0x08007c88   0x00000008   Code   RO         6197    i._Znaj             cpprt_w.l(array_new.o)
    0x08007c90   0x00000028   Code   RO         6750    i._Znwj             cpprt_w.l(new.o)
    0x08007cb8   0x0000001c   Code   RO         6579    i.__0fprintf        mc_w.l(printfa.o)
    0x08007cd4   0x00000020   Code   RO         6392    i.__0printf$1       mc_w.l(printf1.o)
    0x08007cf4   0x00000024   Code   RO         6585    i.__0vsnprintf      mc_w.l(printfa.o)
    0x08007d18   0x00000092   Code   RO         7678    i.__ARM_array_new_general  cpprt_w.l(array_new_general.o)
    0x08007daa   0x00000030   Code   RO         6815    i.__ARM_fpclassify  m_wm.l(fpclassify.o)
    0x08007dda   0x00000032   Code   RO         6307    i.__aeabi_atexit    cpprt_w.l(aeabi_atexit.o)
    0x08007e0c   0x00000010   Code   RO         7582    i.__aeabi_vec_dtor_cookie  cpprt_w.l(aeabi_vec_dtor_cookie.o)
    0x08007e1c   0x00000014   Code   RO         7579    i.__aeabi_vec_new_cookie  cpprt_w.l(aeabi_vec_new_cookie.o)
    0x08007e30   0x00000042   Code   RO         6773    i.__cxa_finalize    cpprt_w.l(cxa_finalize.o)
    0x08007e72   0x00000010   Code   RO         7567    i.__cxa_guard_acquire  cpprt_w.l(cxa_guard_acquire.o)
    0x08007e82   0x00000006   Code   RO         6201    i.__cxa_pure_virtual  cpprt_w.l(pure_virt.o)
    0x08007e88   0x00000018   Code   RO         7660    i.__cxa_vec_new     cpprt_w.l(cxa_vec_new.o)
    0x08007ea0   0x00000c38   Code   RO         6310    i.__hardfp_pow      m_wm.l(pow.o)
    0x08008ad8   0x0000003a   Code   RO         6324    i.__hardfp_sqrtf    m_wm.l(sqrtf.o)
    0x08008b12   0x000000f8   Code   RO         6817    i.__kernel_poly     m_wm.l(poly.o)
    0x08008c0a   0x00000006   PAD
    0x08008c10   0x00000030   Code   RO         6795    i.__mathlib_dbl_divzero  m_wm.l(dunder.o)
    0x08008c40   0x00000014   Code   RO         6797    i.__mathlib_dbl_infnan2  m_wm.l(dunder.o)
    0x08008c54   0x00000004   PAD
    0x08008c58   0x00000020   Code   RO         6798    i.__mathlib_dbl_invalid  m_wm.l(dunder.o)
    0x08008c78   0x00000020   Code   RO         6799    i.__mathlib_dbl_overflow  m_wm.l(dunder.o)
    0x08008c98   0x00000020   Code   RO         6801    i.__mathlib_dbl_underflow  m_wm.l(dunder.o)
    0x08008cb8   0x0000000e   Code   RO         7695    i.__scatterload_copy  mc_w.l(handlers.o)
    0x08008cc6   0x00000002   Code   RO         7696    i.__scatterload_null  mc_w.l(handlers.o)
    0x08008cc8   0x0000000e   Code   RO         7697    i.__scatterload_zeroinit  mc_w.l(handlers.o)
    0x08008cd6   0x00000002   PAD
    0x08008cd8   0x0000000c   Code   RO         6888    i.__set_errno       mc_w.l(errno.o)
    0x08008ce4   0x00000010   Code   RO         7199    i.__sti___10_locale_cpp_ff99fc7b  cpp_ws.l(locale.o)
    0x08008cf4   0x00000038   Code   RO         7480    i.__sti___10_rwcats_cpp_64e8068e  cpp_ws.l(rwcats.o)
    0x08008d2c   0x00000248   Code   RO         3423    i.__sti___22_ObjectsDefinitions_cpp_1ea5f1af  objectsdefinitions.o
    0x08008f74   0x00000010   Code   RO         6932    i.__sti___8_char_cpp_a3dc957a  cpp_ws.l(char.o)
    0x08008f84   0x00000164   Code   RO         6587    i._fp_digits        mc_w.l(printfa.o)
    0x080090e8   0x0000000e   Code   RO         7651    i._is_digit         mc_w.l(scanf_fp.o)
    0x080090f6   0x00000002   PAD
    0x080090f8   0x00000154   Code   RO         6399    i._printf_core      mc_w.l(printf1.o)
    0x0800924c   0x000006dc   Code   RO         6588    i._printf_core      mc_w.l(printfa.o)
    0x08009928   0x00000024   Code   RO         6589    i._printf_post_padding  mc_w.l(printfa.o)
    0x0800994c   0x0000002e   Code   RO         6590    i._printf_pre_padding  mc_w.l(printfa.o)
    0x0800997a   0x00000016   Code   RO         6591    i._snputc           mc_w.l(printfa.o)
    0x08009990   0x00000018   Code   RO         6811    i.fabs              m_wm.l(fabs.o)
    0x080099a8   0x00000038   Code   RO         2542    i.fputc             retarget.o
    0x080099e0   0x00000050   Code   RO         6858    i.free              mc_w.l(malloc.o)
    0x08009a30   0x000001d4   Code   RO         2854    i.main              main.o
    0x08009c04   0x0000006c   Code   RO         6859    i.malloc            mc_w.l(malloc.o)
    0x08009c70   0x0000006e   Code   RO         6822    i.sqrt              m_wm.l(sqrt.o)
    0x08009cde   0x00000002   PAD
    0x08009ce0   0x00000014   Code   RO         7047    t._ZN4__rw12__string_refIcSt11char_traitsIcESaIcEE10_C_inc_refEv  cpp_ws.l(char.o)
    0x08009cf4   0x00000006   Code   RO         3574    t._ZN4__rw14__rw_tree_iterISt4pairIKtPN3src9IVariableEEiPS6_RS6_NS_17__rw_rb_tree_nodeISaIS6_ES6_tNS_11__select1stIS6_tEEEEEC1ERKSE_  objectsdefinitions.o
    0x08009cfa   0x00000084   Code   RO         4804    t._ZN4__rw14__rw_tree_iterISt4pairIKtPN3src9IVariableEEiPS6_RS6_NS_17__rw_rb_tree_nodeISaIS6_ES6_tNS_11__select1stIS6_tEEEEEmmEv  parameters.o
    0x08009d7e   0x00000068   Code   RO         3490    t._ZN4__rw14__rw_tree_iterISt4pairIKtPN3src9IVariableEEiPS6_RS6_NS_17__rw_rb_tree_nodeISaIS6_ES6_tNS_11__select1stIS6_tEEEEEppEv  objectsdefinitions.o
    0x08009de6   0x00000046   Code   RO         6700    t._ZN4__rw16__rw_facet_makerISt5ctypeIcEE13_C_maker_funcEiPKcj  cpp_ws.l(rwstdexcept.o)
    0x08009e2c   0x0000001e   Code   RO         4786    t._ZN4__rw17__rw_new_capacityINS_9__rb_treeItSt4pairIKtPN3src9IVariableEENS_11__select1stIS7_tEESt4lessItESaIS7_EEEEEjjPKT_  parameters.o
    0x08009e4a   0x0000001e   Code   RO         3442    t._ZN4__rw17__rw_new_capacityISt4listIPN3src16IControlCommandsESaIS4_EEEEjjPKT_  objectsdefinitions.o
    0x08009e68   0x0000000a   Code   RO         4949    t._ZN4__rw17__rw_rb_tree_nodeISaISt4pairIKtPN3src9IVariableEEES6_tNS_11__select1stIS6_tEEE6_C_keyEv  parameters.o
    0x08009e72   0x00000008   Code   RO         3544    t._ZN4__rw17__rw_rb_tree_nodeISaISt4pairIKtPN3src9IVariableEEES6_tNS_11__select1stIS6_tEEE7_C_leftEv  objectsdefinitions.o
    0x08009e7a   0x00000008   Code   RO         3562    t._ZN4__rw17__rw_rb_tree_nodeISaISt4pairIKtPN3src9IVariableEEES6_tNS_11__select1stIS6_tEEE8_C_rightEv  objectsdefinitions.o
    0x08009e82   0x00000006   Code   RO         3568    t._ZN4__rw17__rw_rb_tree_nodeISaISt4pairIKtPN3src9IVariableEEES6_tNS_11__select1stIS6_tEEE9_C_parentEv  objectsdefinitions.o
    0x08009e88   0x00000056   Code   RO         7298    t._ZN4__rw18__rw_locale_vectorIPNS_15__rw_facet_baseEE6resizeEjRKS2_  cpp_ws.l(locale.o)
    0x08009ede   0x0000000e   Code   RO         7310    t._ZN4__rw18__rw_locale_vectorIPNS_15__rw_facet_baseEED1Ev  cpp_ws.l(locale.o)
    0x08009eec   0x0000000e   Code   RO         7496    t._ZN4__rw18__rw_locale_vectorIPNS_8__rw_catEED1Ev  cpp_ws.l(rwcats.o)
    0x08009efa   0x00000002   PAD
    0x08009efc   0x00000014   Code   RO         7313    t._ZN4__rw18__rw_locale_vectorISsED1Ev  cpp_ws.l(locale.o)
    0x08009f10   0x00000088   Code   RO         7381    t._ZN4__rw18__rw_locale_vectorISt18__rw_open_cat_dataE6resizeEj  cpp_ws.l(messages.o)
    0x08009f98   0x00000014   Code   RO         7387    t._ZN4__rw18__rw_locale_vectorISt18__rw_open_cat_dataED1Ev  cpp_ws.l(messages.o)
    0x08009fac   0x00000044   Code   RO         4792    t._ZN4__rw9__rb_treeItSt4pairIKtPN3src9IVariableEENS_11__select1stIS6_tEESt4lessItESaIS6_EE11_C_get_linkEv  parameters.o
    0x08009ff0   0x00000020   Code   RO         3484    t._ZN4__rw9__rb_treeItSt4pairIKtPN3src9IVariableEENS_11__select1stIS6_tEESt4lessItESaIS6_EE11_C_put_nodeEPNS_17__rw_rb_tree_nodeISB_S6_tS8_EEb  objectsdefinitions.o
    0x0800a010   0x0000000a   Code   RO         3631    t._ZN4__rw9__rb_treeItSt4pairIKtPN3src9IVariableEENS_11__select1stIS6_tEESt4lessItESaIS6_EE12_C_make_iterEPNS_17__rw_rb_tree_nodeISB_S6_tS8_EE  objectsdefinitions.o
    0x0800a01a   0x0000007c   Code   RO         3592    t._ZN4__rw9__rb_treeItSt4pairIKtPN3src9IVariableEENS_11__select1stIS6_tEESt4lessItESaIS6_EE13_C_erase_leafEPNS_17__rw_rb_tree_nodeISB_S6_tS8_EE  objectsdefinitions.o
    0x0800a096   0x000000aa   Code   RO         3502    t._ZN4__rw9__rb_treeItSt4pairIKtPN3src9IVariableEENS_11__select1stIS6_tEESt4lessItESaIS6_EE13__rotate_leftEPNS_17__rw_rb_tree_nodeISB_S6_tS8_EE  objectsdefinitions.o
    0x0800a140   0x000000aa   Code   RO         3496    t._ZN4__rw9__rb_treeItSt4pairIKtPN3src9IVariableEENS_11__select1stIS6_tEESt4lessItESaIS6_EE14__rotate_rightEPNS_17__rw_rb_tree_nodeISB_S6_tS8_EE  objectsdefinitions.o
    0x0800a1ea   0x0000006c   Code   RO         4925    t._ZN4__rw9__rb_treeItSt4pairIKtPN3src9IVariableEENS_11__select1stIS6_tEESt4lessItESaIS6_EE17_C_add_new_bufferEv  parameters.o
    0x0800a256   0x00000046   Code   RO         3478    t._ZN4__rw9__rb_treeItSt4pairIKtPN3src9IVariableEENS_11__select1stIS6_tEESt4lessItESaIS6_EE21_C_deallocate_buffersEv  objectsdefinitions.o
    0x0800a29c   0x00000012   Code   RO         3538    t._ZN4__rw9__rb_treeItSt4pairIKtPN3src9IVariableEENS_11__select1stIS6_tEESt4lessItESaIS6_EE3endEv  objectsdefinitions.o
    0x0800a2ae   0x0000001a   Code   RO         3556    t._ZN4__rw9__rb_treeItSt4pairIKtPN3src9IVariableEENS_11__select1stIS6_tEESt4lessItESaIS6_EE5beginEv  objectsdefinitions.o
    0x0800a2c8   0x00000612   Code   RO         3508    t._ZN4__rw9__rb_treeItSt4pairIKtPN3src9IVariableEENS_11__select1stIS6_tEESt4lessItESaIS6_EE5eraseENS_14__rw_tree_iterIS6_iPS6_RS6_NS_17__rw_rb_tree_nodeISB_S6_tS8_EEEE  objectsdefinitions.o
    0x0800a8da   0x000000c8   Code   RO         3520    t._ZN4__rw9__rb_treeItSt4pairIKtPN3src9IVariableEENS_11__select1stIS6_tEESt4lessItESaIS6_EE5eraseENS_14__rw_tree_iterIS6_iPS6_RS6_NS_17__rw_rb_tree_nodeISB_S6_tS8_EEEESI_  objectsdefinitions.o
    0x0800a9a2   0x0000012c   Code   RO         4810    t._ZN4__rw9__rb_treeItSt4pairIKtPN3src9IVariableEENS_11__select1stIS6_tEESt4lessItESaIS6_EE6insertERKS6_  parameters.o
    0x0800aace   0x00000038   Code   RO         3514    t._ZN4__rw9__rb_treeItSt4pairIKtPN3src9IVariableEENS_11__select1stIS6_tEESt4lessItESaIS6_EE8_C_eraseEPNS_17__rw_rb_tree_nodeISB_S6_tS8_EE  objectsdefinitions.o
    0x0800ab06   0x000002f8   Code   RO         4798    t._ZN4__rw9__rb_treeItSt4pairIKtPN3src9IVariableEENS_11__select1stIS6_tEESt4lessItESaIS6_EE9_C_insertEPNS_17__rw_rb_tree_nodeISB_S6_tS8_EESF_RKS6_  parameters.o
    0x0800adfe   0x0000005c   Code   RO         4931    t._ZN4__rw9__rb_treeItSt4pairIKtPN3src9IVariableEENS_11__select1stIS6_tEESt4lessItESaIS6_EEC1ERKSA_bRKSB_  parameters.o
    0x0800ae5a   0x00000012   Code   RO         3598    t._ZN4__rweqISt4pairIKtPN3src9IVariableEEiPS6_RS6_S7_S8_NS_17__rw_rb_tree_nodeISaIS6_ES6_tNS_11__select1stIS6_tEEEEEEbRKNS_14__rw_tree_iterIT_T0_T1_T2_T5_EERKNSE_ISF_SG_T3_T4_SJ_EE  objectsdefinitions.o
    0x0800ae6c   0x0000000c   Code   RO         4937    t._ZNK4__rw14__rw_tree_iterISt4pairIKtPN3src9IVariableEEiPS6_RS6_NS_17__rw_rb_tree_nodeISaIS6_ES6_tNS_11__select1stIS6_tEEEEEdeEv  parameters.o
    0x0800ae78   0x0000000c   Code   RO         3550    t._ZNK4__rw9__rb_treeItSt4pairIKtPN3src9IVariableEENS_11__select1stIS6_tEESt4lessItESaIS6_EE11_C_leftmostEv  objectsdefinitions.o
    0x0800ae84   0x0000000c   Code   RO         3586    t._ZNK4__rw9__rb_treeItSt4pairIKtPN3src9IVariableEENS_11__select1stIS6_tEESt4lessItESaIS6_EE12_C_rightmostEv  objectsdefinitions.o
    0x0800ae90   0x0000000c   Code   RO         3580    t._ZNK4__rw9__rb_treeItSt4pairIKtPN3src9IVariableEENS_11__select1stIS6_tEESt4lessItESaIS6_EE7_C_rootEv  objectsdefinitions.o
    0x0800ae9c   0x00000008   Code   RO         3889    t._ZNKSt14__rw_list_iterIPN3src16IControlCommandsEiPS2_RS2_EdeEv  objectsdefinitions.o
    0x0800aea4   0x00000012   Code   RO         3673    t._ZNKSt14__rw_list_iterIPN3src16IControlCommandsEiPS2_RS2_EeqERKS5_  objectsdefinitions.o
    0x0800aeb6   0x00000014   Code   RO         3661    t._ZNKSt14__rw_list_iterIPN3src16IControlCommandsEiPS2_RS2_EneERKS5_  objectsdefinitions.o
    0x0800aeca   0x00000014   Code   RO         4919    t._ZNKSt4lessItEclERKtS2_  parameters.o
    0x0800aede   0x00000008   Code   RO         4510    t._ZNKSt6vectorIPN3src9IMenuItemESaIS2_EE3endEv  engine.o
    0x0800aee6   0x00000018   Code   RO         4480    t._ZNKSt6vectorIPN3src9IMenuItemESaIS2_EE4sizeEv  engine.o
    0x0800aefe   0x00000008   Code   RO         4504    t._ZNKSt6vectorIPN3src9IMenuItemESaIS2_EE5beginEv  engine.o
    0x0800af06   0x0000000c   Code   RO         4462    t._ZNKSt6vectorIPN3src9IMenuItemESaIS2_EE8capacityEv  engine.o
    0x0800af12   0x00000002   PAD
    0x0800af14   0x00000090   Code   RO         6672    t._ZNKSt8messagesIcE6do_getEiiiRKSs  cpp_ws.l(rwstdexcept.o)
    0x0800afa4   0x00000006   Code   RO         6697    t._ZNKSt8messagesIcE7do_openERKSsRKSt6locale  cpp_ws.l(rwstdexcept.o)
    0x0800afaa   0x00000014   Code   RO         3526    t._ZNSaINSt4listIPN3src16IControlCommandsESaIS2_EE19_C_list_node_bufferEE10deallocateEPS5_j  objectsdefinitions.o
    0x0800afbe   0x00000014   Code   RO         4456    t._ZNSaIPN3src9IMenuItemEE10deallocateEPS1_j  engine.o
    0x0800afd2   0x00000016   Code   RO         4426    t._ZNSaIPN3src9IMenuItemEE9constructEPS1_RKS1_  engine.o
    0x0800afe8   0x00000032   Code   RO         7267    t._ZNSs11_C_allocateEjjj  cpp_ws.l(locale.o)
    0x0800b01a   0x00000018   Code   RO         7307    t._ZNSs7replaceEjjPKcj  cpp_ws.l(locale.o)
    0x0800b032   0x00000002   PAD
    0x0800b034   0x00000168   Code   RO         6985    t._ZNSs7replaceEjjPKcjjj  cpp_ws.l(char.o)
    0x0800b19c   0x00000074   Code   RO         6973    t._ZNSs9_C_getRepEjj  cpp_ws.l(char.o)
    0x0800b210   0x00000048   Code   RO         6982    t._ZNSs9_C_unlinkEv  cpp_ws.l(char.o)
    0x0800b258   0x00000038   Code   RO         7270    t._ZNSsC1EPKcRKSaIcE  cpp_ws.l(locale.o)
    0x0800b290   0x00000010   Code   RO         7304    t._ZNSsC1ERKSaIcE   cpp_ws.l(locale.o)
    0x0800b2a0   0x0000003e   Code   RO         6976    t._ZNSsC1ERKSs      cpp_ws.l(char.o)
    0x0800b2de   0x0000000c   Code   RO         7056    t._ZNSsD1Ev         cpp_ws.l(char.o)
    0x0800b2ea   0x00000002   PAD
    0x0800b2ec   0x0000004c   Code   RO         7276    t._ZNSsaSEPKc       cpp_ws.l(locale.o)
    0x0800b338   0x0000003e   Code   RO         7273    t._ZNSsaSERKSs      cpp_ws.l(locale.o)
    0x0800b376   0x00000006   Code   RO         3532    t._ZNSt14__rw_list_iterIPN3src16IControlCommandsEiPS2_RS2_EC1ERKS5_  objectsdefinitions.o
    0x0800b37c   0x00000026   Code   RO         3460    t._ZNSt14__rw_list_iterIPN3src16IControlCommandsEiPS2_RS2_EppEi  objectsdefinitions.o
    0x0800b3a2   0x00000008   Code   RO         3637    t._ZNSt4listIPN3src16IControlCommandsESaIS2_EE11_C_put_nodeEPSt14__rw_list_nodeIS2_E  objectsdefinitions.o
    0x0800b3aa   0x0000000c   Code   RO         3667    t._ZNSt4listIPN3src16IControlCommandsESaIS2_EE12_C_make_iterERKPSt14__rw_list_nodeIS2_E  objectsdefinitions.o
    0x0800b3b6   0x00000076   Code   RO         3448    t._ZNSt4listIPN3src16IControlCommandsESaIS2_EE13_C_add_bufferEb  objectsdefinitions.o
    0x0800b42c   0x00000044   Code   RO         3454    t._ZNSt4listIPN3src16IControlCommandsESaIS2_EE15_C_free_buffersEv  objectsdefinitions.o
    0x0800b470   0x00000014   Code   RO         3643    t._ZNSt4listIPN3src16IControlCommandsESaIS2_EE3endEv  objectsdefinitions.o
    0x0800b484   0x00000012   Code   RO         3649    t._ZNSt4listIPN3src16IControlCommandsESaIS2_EE5beginEv  objectsdefinitions.o
    0x0800b496   0x00000074   Code   RO         3655    t._ZNSt4listIPN3src16IControlCommandsESaIS2_EE5eraseESt14__rw_list_iterIS2_iPS2_RS2_E  objectsdefinitions.o
    0x0800b50a   0x0000008a   Code   RO         5416    t._ZNSt4listIPN3src16IControlCommandsESaIS2_EE6insertESt14__rw_list_iterIS2_iPS2_RS2_ERKS2_  mainmenu.o
    0x0800b594   0x00000040   Code   RO         3619    t._ZNSt4listIPN3src16IControlCommandsESaIS2_EE7_C_initEb  objectsdefinitions.o
    0x0800b5d4   0x00000078   Code   RO         3625    t._ZNSt4listIPN3src16IControlCommandsESaIS2_EED1Ev  objectsdefinitions.o
    0x0800b64c   0x0000001a   Code   RO         4943    t._ZNSt4pairIN4__rw14__rw_tree_iterIS_IKtPN3src9IVariableEEiPS6_RS6_NS0_17__rw_rb_tree_nodeISaIS6_ES6_tNS0_11__select1stIS6_tEEEEEEbEC1ERKSE_RKb  parameters.o
    0x0800b666   0x00000012   Code   RO         4432    t._ZNSt6vectorIPN3src9IMenuItemESaIS2_EE10_C_destroyEPS2_S5_  engine.o
    0x0800b678   0x0000012a   Code   RO         4444    t._ZNSt6vectorIPN3src9IMenuItemESaIS2_EE13_C_insert_auxEPS2_RKS2_  engine.o
    0x0800b7a2   0x00000008   Code   RO         4468    t._ZNSt6vectorIPN3src9IMenuItemESaIS2_EE3endEv  engine.o
    0x0800b7aa   0x00000008   Code   RO         4474    t._ZNSt6vectorIPN3src9IMenuItemESaIS2_EE5beginEv  engine.o
    0x0800b7b2   0x0000006a   Code   RO         4492    t._ZNSt6vectorIPN3src9IMenuItemESaIS2_EE5eraseEPS2_S5_  engine.o
    0x0800b81c   0x00000038   Code   RO         4450    t._ZNSt6vectorIPN3src9IMenuItemESaIS2_EE9push_backERKS2_  engine.o
    0x0800b854   0x00000010   Code   RO         3466    t._ZNSt6vectorIPN3src9IMenuItemESaIS2_EEC1ERKS3_  objectsdefinitions.o
    0x0800b864   0x00000040   Code   RO         3472    t._ZNSt6vectorIPN3src9IMenuItemESaIS2_EED1Ev  objectsdefinitions.o
    0x0800b8a4   0x00000012   Code   RO         4486    t._ZNSt6vectorIPN3src9IMenuItemESaIS2_EEixEj  engine.o
    0x0800b8b6   0x0000002c   Code   RO         4438    t._ZSt18uninitialized_copyIPPN3src9IMenuItemES3_SaIS2_EET0_T_S6_S5_RT1_  engine.o
    0x0800b8e2   0x0000000c   Code   RO         7050    t._ZSt3maxIjERKT_S2_S2_  cpp_ws.l(char.o)
    0x0800b8ee   0x00000010   Data   RO         2411    .constdata          stm32f4xx_hal_rcc.o
    0x0800b8fe   0x00000002   PAD
    0x0800b900   0x00000088   Data   RO         6313    .constdata          m_wm.l(pow.o)
    0x0800b988   0x0000005c   Data   RO         6647    .constdata          cpp_ws.l(rwstdexcept.o)
    0x0800b9e4   0x00000004   PAD
    0x0800b9e8   0x00000008   Data   RO         6819    .constdata          m_wm.l(qnan.o)
    0x0800b9f0   0x00000200   Data   RO         6952    .constdata          cpp_ws.l(char.o)
    0x0800bbf0   0x00000081   Data   RO         7592    .constdata          mc_w.l(ctype_o.o)
    0x0800bc71   0x00000003   PAD
    0x0800bc74   0x00000004   Data   RO         7593    .constdata          mc_w.l(ctype_o.o)
    0x0800bc78   0x0000000c   Data   RO         5608    .constdata__ZTVN3src10MeanFilterE  analogsensors.o
    0x0800bc84   0x00000028   Data   RO         3686    .constdata__ZTVN3src10MenuEngineE  objectsdefinitions.o
    0x0800bcac   0x0000001c   Data   RO         5097    .constdata__ZTVN3src11IMbItem1RegE  parameters.o
    0x0800bcc8   0x00000028   Data   RO         3680    .constdata__ZTVN3src11IRcCommandsE  objectsdefinitions.o
    0x0800bcf0   0x000000a8   Data   RO         5102    .constdata__ZTVN3src12ParameterFltE  parameters.o
    0x0800bd98   0x00000014   Data   RO         5734    .constdata__ZTVN3src13Pwm2phaseNONZE  pwm_user.o
    0x0800bdac   0x0000000c   Data   RO         5612    .constdata__ZTVN3src15AnalogRmsSensorE  analogsensors.o
    0x0800bdb8   0x00000028   Data   RO         3682    .constdata__ZTVN3src16IControlCommandsE  objectsdefinitions.o
    0x0800bde0   0x00000014   Data   RO         3688    .constdata__ZTVN3src3PwmE  objectsdefinitions.o
    0x0800bdf4   0x00000028   Data   RO         3684    .constdata__ZTVN3src8MainMenuE  objectsdefinitions.o
    0x0800be1c   0x0000000c   Data   RO         5093    .constdata__ZTVN3src9IMenuItemE  parameters.o
    0x0800be28   0x00000038   Data   RO         5099    .constdata__ZTVN3src9IVariableE  parameters.o
    0x0800be60   0x000000a4   Data   RO         4783    .constdata__ZTVN3src9ParameterE  parameters.o
    0x0800bf04   0x0000000c   Data   RO         5610    .constdata__ZTVN3src9RmsFilterE  analogsensors.o
    0x0800bf10   0x00000014   Data   RO         6723    .constdata__ZTVNSt6locale5facetE  cpp_ws.l(rwstdexcept.o)
    0x0800bf24   0x00000034   Data   RO         7134    .constdata__ZTVSt12ctype_bynameIcE  cpp_ws.l(char.o)
    0x0800bf58   0x00000014   Data   RO         6725    .constdata__ZTVSt14__rw_exception  cpp_ws.l(rwstdexcept.o)
    0x0800bf6c   0x00000034   Data   RO         6963    .constdata__ZTVSt5ctypeIcE  cpp_ws.l(char.o)
    0x0800bfa0   0x00000020   Data   RO         6660    .constdata__ZTVSt8messagesIcE  cpp_ws.l(rwstdexcept.o)
    0x0800bfc0   0x00000014   Data   RO         7425    .constdata__ZTVSt9exception  cpprt_w.l(exception_dtor.o)
    0x0800bfd4   0x0000001d   Data   RO         3440    .constdata__ZZN3src10MenuEngine6rcDownEvEs  objectsdefinitions.o
    0x0800bff1   0x0000001d   Data   RO         3438    .constdata__ZZN3src10MenuEngine6rcOpenEvEs  objectsdefinitions.o
    0x0800c00e   0x0000001d   Data   RO         3434    .constdata__ZZN3src10MenuEngine6rcPlusEvEs  objectsdefinitions.o
    0x0800c02b   0x0000001e   Data   RO         3437    .constdata__ZZN3src10MenuEngine7rcClearEvEs  objectsdefinitions.o
    0x0800c049   0x0000001e   Data   RO         3439    .constdata__ZZN3src10MenuEngine7rcCloseEvEs  objectsdefinitions.o
    0x0800c067   0x0000001e   Data   RO         3436    .constdata__ZZN3src10MenuEngine7rcEnterEvEs  objectsdefinitions.o
    0x0800c085   0x0000001e   Data   RO         3435    .constdata__ZZN3src10MenuEngine7rcMinusEvEs  objectsdefinitions.o
    0x0800c0a3   0x0000001e   Data   RO         3441    .constdata__ZZN3src10MenuEngine7rcRightEvEs  objectsdefinitions.o
    0x0800c0c1   0x00000001   Data   RO         7264    .constdata__ZZNK4__rw15__rw_locale_imp16_C_category_nameEiEs  cpp_ws.l(locale.o)
    0x0800c0c2   0x00000001   Data   RO         6971    .constdata__ZZNSs7replaceEjjPKcjjjEs  cpp_ws.l(char.o)
    0x0800c0c3   0x00000001   Data   RO         6972    .constdata__ZZNSs9_C_getRepEjjEs  cpp_ws.l(char.o)
    0x0800c0c4   0x00000002   Data   RO         6661    .constdata__ZZNSt8messagesIcEC1EjEs  cpp_ws.l(rwstdexcept.o)
    0x0800c0c6   0x00000002   PAD
    0x0800c0c8   0x00000272   Data   RO         6648    .conststring        cpp_ws.l(rwstdexcept.o)
    0x0800c33a   0x00000002   PAD
    0x0800c33c   0x00000020   Data   RO         7694    Region$$Table       anon$$obj.o
    0x0800c35c   0x00000004   Data   RO         3427    .init_array         objectsdefinitions.o
    0x0800c360   0x00000000   Data   RO         6609    .init_array         mc_w.l(cpp_init.o)
    0x0800c360   0x00000004   Data   RO         6954    .init_array         cpp_ws.l(char.o)
    0x0800c364   0x00000004   Data   RO         7247    .init_array         cpp_ws.l(locale.o)
    0x0800c368   0x00000004   Data   RO         7490    .init_array         cpp_ws.l(rwcats.o)


    Execution Region RW_IRAM1 (Base: 0x20000000, Size: 0x00002610, Max: 0x00020000, ABSOLUTE)

    Base Addr    Size         Type   Attr      Idx    E Section Name        Object

    0x20000000   0x00000004   Data   RW         1681    .data               stm32f4xx_hal.o
    0x20000004   0x00000014   Data   RW         2504    .data               system_stm32f4xx.o
    0x20000018   0x00000008   Data   RW         2543    .data               retarget.o
    0x20000020   0x00000014   Data   RW         3426    .data               objectsdefinitions.o
    0x20000034   0x00000017   Data   RW         6649    .data               cpp_ws.l(rwstdexcept.o)
    0x2000004b   0x00000001   PAD
    0x2000004c   0x00000004   Data   RW         6889    .data               mc_w.l(errno.o)
    0x20000050   0x00000004   Data   RW         6895    .data               mc_w.l(cpp_dtor.o)
    0x20000054   0x00000008   Data   RW         6902    .data               mc_w.l(cpp_unwinder.o)
    0x2000005c   0x00000008   Data   RW         6953    .data               cpp_ws.l(char.o)
    0x20000064   0x0000001c   Data   RW         7246    .data               cpp_ws.l(locale.o)
    0x20000080   0x00000004   Data   RW         7405    .data               cpp_ws.l(rwthrowproc_noex.o)
    0x20000084   0x00000004   Data   RW         7449    .data               mc_w.l(stderr.o)
    0x20000088   0x00000004   Data   RW         7464    .data               mc_w.l(mvars.o)
    0x2000008c   0x00000004   Data   RW         7465    .data               mc_w.l(mvars.o)
    0x20000090   0x00000004   Data   RW         7469    .data               mc_w.l(cpp_memory.o)
    0x20000094   0x00000008   Data   RW         7489    .data               cpp_ws.l(rwcats.o)
    0x2000009c   0x00000004   Data   RW         7347    .data__ZZNKSt6locale2id7_C_initEvE9_C_id_gen  cpp_ws.l(locale.o)
    0x200000a0   0x0000000c   Data   RW         7403    .data__ZZSt13__rw_get_catsvE11__open_cats  cpp_ws.l(messages.o)
    0x200000ac   0x00000078   Zero   RW         2693    .bss                tim.o
    0x20000124   0x00000128   Zero   RW         2761    .bss                adc.o
    0x2000024c   0x000001f0   Zero   RW         2809    .bss                spi.o
    0x2000043c   0x000001a8   Zero   RW         3425    .bss                objectsdefinitions.o
    0x200005e4   0x00000004   PAD
    0x200005e8   0x00000018   Zero   RW         6646    .bss                cpp_ws.l(rwstdexcept.o)
    0x20000600   0x00000010   Zero   RW         7563    .bss__ZNSs9__nullrefE  cpp_ws.l(vendor.o)
    0x20000610   0x00001000   Zero   RW            2    HEAP                startup_stm32f407xx.o
    0x20001610   0x00001000   Zero   RW            1    STACK               startup_stm32f407xx.o


==============================================================================

Image component sizes


      Code (inc. data)   RO Data    RW Data    ZI Data      Debug   Object Name

       500         46          0          0        296       2390   adc.o
        20          0          0          0          0       1228   adc_1.o
        92         16         36          0          0       2624   analogsensors.o
        52          0          0          0          0       1736   displayleddecoder.o
       160          6          0          0          0        794   dma.o
      1162         18          0          0          0      27248   engine.o
        22          0          0          0          0       1336   filters.o
       272         20          0          0          0       1015   gpio.o
       720         98          0          0          0     327678   main.o
       136         46          0          0          0      11347   main_loop.o
       172          0          0          0          0      12677   mainmenu.o
      4914        284        421         20        424     101120   objectsdefinitions.o
      2008         34        428          0          0      39689   parameters.o
       416         28         20          0          0       4448   pwm_user.o
       128         10          0          0          0       4312   rc.o
       172          6          0          0          0       3784   rc_decoder.o
        56          6          0          8          0      28899   retarget.o
       544         62          0          0        496       2426   spi.o
        36          8        392          0       8192        944   startup_stm32f407xx.o
       124         16          0          4          0       3506   stm32f4xx_hal.o
      1152         60          0          0          0       6749   stm32f4xx_hal_adc.o
       308         22          0          0          0      31683   stm32f4xx_hal_cortex.o
     10094        110          0          0          0       8559   stm32f4xx_hal_dma.o
         0          0          0          0          0     363348   stm32f4xx_hal_dma_ex.o
       550         52          0          0          0       2888   stm32f4xx_hal_gpio.o
        20          0          0          0          0        478   stm32f4xx_hal_msp.o
      1996         58         16          0          0       5288   stm32f4xx_hal_rcc.o
       388          0          0          0          0       2560   stm32f4xx_hal_spi.o
      1858         96          0          0          0      13945   stm32f4xx_hal_tim.o
       250          0          0          0          0       3179   stm32f4xx_hal_tim_ex.o
       418         82          0          0          0       9344   stm32f4xx_it.o
       100         18          0         20          0       1309   system_stm32f4xx.o
       520         44          0          0        120       3594   tim.o

    ----------------------------------------------------------------------
     29376       1246       1347         52       9532    1032125   Object Totals
         0          0         32          0          0          0   (incl. Generated)
        16          0          2          0          4          0   (incl. Padding)

    ----------------------------------------------------------------------

      Code (inc. data)   RO Data    RW Data    ZI Data      Debug   Library Member Name

      1824         74        622          8          0       1552   char.o
      1502         82          5         32          0       1760   locale.o
       482         34          0         12          0        784   messages.o
        36          0          0          0          0        144   rwalloc.o
       184         24          4          8          0        400   rwcats.o
      1000         68        792         23         24       1220   rwstdexcept.o
       152         94          0          0          0         72   rwthrowproc_impl_noex.o
         0          0          0          4          0          0   rwthrowproc_noex.o
         0          0          0          0         16          0   vendor.o
        28          0          0          0          0         84   ARM_vec_cleanup_noexceptions.o
        50          0          0          0          0         84   aeabi_atexit.o
        14          0          0          0          0         80   aeabi_vec_delete_noexceptions.o
        16          0          0          0          0         68   aeabi_vec_dtor_cookie.o
        34          0          0          0          0         84   aeabi_vec_dtor_noexceptions.o
        20          0          0          0          0         80   aeabi_vec_new_cookie.o
        80         12          0          0          0        104   arm_exceptions_globs.o
        60          0          0          0          0        108   arm_exceptions_mem.o
        26          0          0          0          0         76   arm_exceptions_terminate.o
         4          0          0          0          0         68   arm_newhandler_noexceptions.o
         2          0          0          0          0         68   arm_rethrow_noexceptions.o
         8          0          0          0          0         76   array_del.o
         8          0          0          0          0         76   array_new.o
       146          0          0          0          0         96   array_new_general.o
        66          0          0          0          0         84   cxa_finalize.o
        16          0          0          0          0         68   cxa_guard_acquire.o
        24          6          0          0          0         84   cxa_vec_new.o
         8          0          0          0          0         76   delete.o
        12          6          0          0          0         68   exception_ctor.o
         0          0         20          0          0          0   exception_dtor.o
        40          6          0          0          0         76   new.o
         6          0          0          0          0         68   pure_virt.o
       164         44          0          0          0        620   dunder.o
        24          0          0          0          0        124   fabs.o
        48          0          0          0          0        124   fpclassify.o
       248          0          0          0          0        152   poly.o
      3128        302        136          0          0        356   pow.o
         0          0          8          0          0          0   qnan.o
       110          0          0          0          0        148   sqrt.o
        58          0          0          0          0        136   sqrtf.o
        28          0          0          0          0         68   _chval.o
       812          4          0          0          0        112   _scanf.o
       332          0          0          0          0         96   _scanf_int.o
       342          0          0          0          0        100   _scanf_longlong.o
       224          0          0          0          0         96   _scanf_str.o
        64          0          0          0          0         84   _sgetc.o
         8          4          0          4          0         68   cpp_dtor.o
         2          0          0          0          0         68   cpp_final.o
        32         10          0          0          0         80   cpp_init.o
         8          4          0          4          0         68   cpp_memory.o
         2          0          0          0          0         68   cpp_signal.o
        32          6          0          8          0        252   cpp_unwinder.o
         8          4        133          0          0         68   ctype_o.o
         0          0          0          0          0          0   entry.o
         0          0          0          0          0          0   entry10a.o
         0          0          0          0          0          0   entry11a.o
         8          4          0          0          0          0   entry2.o
         4          0          0          0          0          0   entry5.o
         0          0          0          0          0          0   entry7b.o
         4          0          0          0          0          0   entry8a.o
         0          0          0          0          0          0   entry8b.o
         8          4          0          0          0          0   entry9a.o
        12          6          0          4          0         68   errno.o
        30          0          0          0          0          0   handlers.o
        36          8          0          0          0         68   init.o
        18          0          0          0          0         76   isspace_o.o
         0          0          0          0          0          0   iusefp.o
        30          0          0          0          0         68   llshl.o
        36          0          0          0          0         68   llsshr.o
        32          0          0          0          0         68   llushr.o
       188         20          0          0          0        160   malloc.o
        36          0          0          0          0         68   memcpya.o
        66          0          0          0          0         76   memmove.o
        64          0          0          0          0         76   memmovea.o
         0          0          0          8          0          0   mvars.o
       372         14          0          0          0        184   printf1.o
      2280         90          0          0          0        592   printfa.o
        40          8          0          0          0         84   scanf_char.o
       838         12          0          0          0        216   scanf_fp.o
        56          8          0          0          0         84   sscanf.o
         0          0          0          4          0          0   stderr.o
        24          0          0          0          0         68   strcat.o
        20          0          0          0          0         68   strchr.o
        28          0          0          0          0         76   strcmp.o
        18          0          0          0          0         68   strcpy.o
        14          0          0          0          0         68   strlen.o
        32          0          0          0          0         68   strrchr.o
        36          0          0          0          0         80   strstr.o
        44          0          0          0          0         80   uidiv.o
        98          0          0          0          0         92   uldiv.o
        48          0          0          0          0         68   cdrcmple.o
        56          0          0          0          0         88   d2f.o
       334          0          0          0          0        148   dadd.o
       222          0          0          0          0        100   ddiv.o
       186          0          0          0          0        176   depilogue.o
        48          0          0          0          0         68   dfixul.o
        34          0          0          0          0         76   dflti.o
        24          0          0          0          0         76   dfltul.o
       228          0          0          0          0         96   dmul.o
        46          0          0          0          0         80   dscalb.o
       162          0          0          0          0        100   dsqrt.o
        38          0          0          0          0         68   f2d.o
       110          0          0          0          0        168   fepilogue.o

    ----------------------------------------------------------------------
     17574        958       1731        120         40      14432   Library Totals
        44          0         11          1          0          0   (incl. Padding)

    ----------------------------------------------------------------------

      Code (inc. data)   RO Data    RW Data    ZI Data      Debug   Library Name

      5180        376       1423         87         40       5932   cpp_ws.l
       668         30         20          0          0       1676   cpprt_w.l
      3780        346        144          0          0       1660   m_wm.l
      6366        206        133         32          0       3852   mc_w.l
      1536          0          0          0          0       1312   mf_w.l

    ----------------------------------------------------------------------
     17574        958       1731        120         40      14432   Library Totals

    ----------------------------------------------------------------------

==============================================================================


      Code (inc. data)   RO Data    RW Data    ZI Data      Debug   

     46950       2204       3078        172       9572    1016457   Grand Totals
     46950       2204       3078        172       9572    1016457   ELF Image Totals
     46950       2204       3078        172          0          0   ROM Totals

==============================================================================

    Total RO  Size (Code + RO Data)                50028 (  48.86kB)
    Total RW  Size (RW Data + ZI Data)              9744 (   9.52kB)
    Total ROM Size (Code + RO Data + RW Data)      50200 (  49.02kB)

==============================================================================

