Component: ARM Compiler 5.05 update 1 (build 106) Tool: armlink [4d0efa]

==============================================================================

Section Cross References

    startup_stm32f407xx.o(RESET) refers to startup_stm32f407xx.o(STACK) for __initial_sp
    startup_stm32f407xx.o(RESET) refers to startup_stm32f407xx.o(.text) for Reset_Handler
    startup_stm32f407xx.o(RESET) refers to stm32f4xx_it.o(i.SysTick_Handler) for SysTick_Handler
    startup_stm32f407xx.o(RESET) refers to stm32f4xx_it.o(i.DMA1_Stream3_IRQHandler) for DMA1_Stream3_IRQHandler
    startup_stm32f407xx.o(RESET) refers to stm32f4xx_it.o(i.DMA1_Stream4_IRQHandler) for DMA1_Stream4_IRQHandler
    startup_stm32f407xx.o(RESET) refers to stm32f4xx_it.o(i.SPI1_IRQHandler) for SPI1_IRQHandler
    startup_stm32f407xx.o(RESET) refers to stm32f4xx_it.o(i.SPI2_IRQHandler) for SPI2_IRQHandler
    startup_stm32f407xx.o(RESET) refers to stm32f4xx_it.o(i.EXTI15_10_IRQHandler) for EXTI15_10_IRQHandler
    startup_stm32f407xx.o(RESET) refers to stm32f4xx_it.o(i.DMA2_Stream0_IRQHandler) for DMA2_Stream0_IRQHandler
    startup_stm32f407xx.o(RESET) refers to stm32f4xx_it.o(i.DMA2_Stream1_IRQHandler) for DMA2_Stream1_IRQHandler
    startup_stm32f407xx.o(RESET) refers to stm32f4xx_it.o(i.DMA2_Stream3_IRQHandler) for DMA2_Stream3_IRQHandler
    startup_stm32f407xx.o(RESET) refers to stm32f4xx_it.o(i.DMA2_Stream4_IRQHandler) for DMA2_Stream4_IRQHandler
    startup_stm32f407xx.o(.text) refers to system_stm32f4xx.o(i.SystemInit) for SystemInit
    startup_stm32f407xx.o(.text) refers to entry.o(.ARM.Collect$$$$00000000) for __main
    stm32f4xx_hal_dma_ex.o(i.HAL_DMAEx_MultiBufferStart) refers to stm32f4xx_hal_dma_ex.o(i.DMA_MultiBufferSetConfig) for DMA_MultiBufferSetConfig
    stm32f4xx_hal_dma_ex.o(i.HAL_DMAEx_MultiBufferStart_IT) refers to stm32f4xx_hal_dma_ex.o(i.DMA_MultiBufferSetConfig) for DMA_MultiBufferSetConfig
    stm32f4xx_hal_flash_ex.o(i.FLASH_OB_DisableWRP) refers to stm32f4xx_hal_flash.o(i.FLASH_WaitForLastOperation) for FLASH_WaitForLastOperation
    stm32f4xx_hal_flash_ex.o(i.FLASH_OB_EnableWRP) refers to stm32f4xx_hal_flash.o(i.FLASH_WaitForLastOperation) for FLASH_WaitForLastOperation
    stm32f4xx_hal_flash_ex.o(i.FLASH_OB_RDP_LevelConfig) refers to stm32f4xx_hal_flash.o(i.FLASH_WaitForLastOperation) for FLASH_WaitForLastOperation
    stm32f4xx_hal_flash_ex.o(i.FLASH_OB_UserConfig) refers to stm32f4xx_hal_flash.o(i.FLASH_WaitForLastOperation) for FLASH_WaitForLastOperation
    stm32f4xx_hal_flash_ex.o(i.HAL_FLASHEx_Erase) refers to stm32f4xx_hal_flash.o(i.FLASH_WaitForLastOperation) for FLASH_WaitForLastOperation
    stm32f4xx_hal_flash_ex.o(i.HAL_FLASHEx_Erase) refers to stm32f4xx_hal_flash_ex.o(i.FLASH_MassErase) for FLASH_MassErase
    stm32f4xx_hal_flash_ex.o(i.HAL_FLASHEx_Erase) refers to stm32f4xx_hal_flash_ex.o(i.FLASH_Erase_Sector) for FLASH_Erase_Sector
    stm32f4xx_hal_flash_ex.o(i.HAL_FLASHEx_Erase) refers to stm32f4xx_hal_flash.o(.bss) for pFlash
    stm32f4xx_hal_flash_ex.o(i.HAL_FLASHEx_Erase_IT) refers to stm32f4xx_hal_flash_ex.o(i.FLASH_MassErase) for FLASH_MassErase
    stm32f4xx_hal_flash_ex.o(i.HAL_FLASHEx_Erase_IT) refers to stm32f4xx_hal_flash_ex.o(i.FLASH_Erase_Sector) for FLASH_Erase_Sector
    stm32f4xx_hal_flash_ex.o(i.HAL_FLASHEx_Erase_IT) refers to stm32f4xx_hal_flash.o(.bss) for pFlash
    stm32f4xx_hal_flash_ex.o(i.HAL_FLASHEx_OBGetConfig) refers to stm32f4xx_hal_flash_ex.o(i.FLASH_OB_GetWRP) for FLASH_OB_GetWRP
    stm32f4xx_hal_flash_ex.o(i.HAL_FLASHEx_OBGetConfig) refers to stm32f4xx_hal_flash_ex.o(i.FLASH_OB_GetRDP) for FLASH_OB_GetRDP
    stm32f4xx_hal_flash_ex.o(i.HAL_FLASHEx_OBGetConfig) refers to stm32f4xx_hal_flash_ex.o(i.FLASH_OB_GetUser) for FLASH_OB_GetUser
    stm32f4xx_hal_flash_ex.o(i.HAL_FLASHEx_OBGetConfig) refers to stm32f4xx_hal_flash_ex.o(i.FLASH_OB_GetBOR) for FLASH_OB_GetBOR
    stm32f4xx_hal_flash_ex.o(i.HAL_FLASHEx_OBProgram) refers to stm32f4xx_hal_flash_ex.o(i.FLASH_OB_EnableWRP) for FLASH_OB_EnableWRP
    stm32f4xx_hal_flash_ex.o(i.HAL_FLASHEx_OBProgram) refers to stm32f4xx_hal_flash_ex.o(i.FLASH_OB_DisableWRP) for FLASH_OB_DisableWRP
    stm32f4xx_hal_flash_ex.o(i.HAL_FLASHEx_OBProgram) refers to stm32f4xx_hal_flash_ex.o(i.FLASH_OB_RDP_LevelConfig) for FLASH_OB_RDP_LevelConfig
    stm32f4xx_hal_flash_ex.o(i.HAL_FLASHEx_OBProgram) refers to stm32f4xx_hal_flash_ex.o(i.FLASH_OB_UserConfig) for FLASH_OB_UserConfig
    stm32f4xx_hal_flash_ex.o(i.HAL_FLASHEx_OBProgram) refers to stm32f4xx_hal_flash_ex.o(i.FLASH_OB_BOR_LevelConfig) for FLASH_OB_BOR_LevelConfig
    stm32f4xx_hal_flash_ex.o(i.HAL_FLASHEx_OBProgram) refers to stm32f4xx_hal_flash.o(.bss) for pFlash
    stm32f4xx_hal_dma.o(i.HAL_DMA_Abort) refers to stm32f4xx_hal.o(i.HAL_GetTick) for HAL_GetTick
    stm32f4xx_hal_dma.o(i.HAL_DMA_PollForTransfer) refers to stm32f4xx_hal.o(i.HAL_GetTick) for HAL_GetTick
    stm32f4xx_hal_dma.o(i.HAL_DMA_Start) refers to stm32f4xx_hal_dma.o(i.DMA_SetConfig) for DMA_SetConfig
[...]
    unsigned __rw::__rw_new_capacity<__rw::__rb_tree<unsigned short, std::pair<const unsigned short, src::IVariable*>, __rw::__select1st<std::pair<const unsigned short, src::IVariable*>, unsigned short>, std::less<unsigned short>, std::allocator<std::pair<const unsigned short, src::IVariable*>>>>(unsigned, const T1*) 0x08009849   Thumb Code    30  parameters.o(t._ZN4__rw17__rw_new_capacityINS_9__rb_treeItSt4pairIKtPN3src9IVariableEENS_11__select1stIS7_tEESt4lessItESaIS7_EEEEEjjPKT_)
    __rw::__rw_rb_tree_node<std::allocator<std::pair<const unsigned short, src::IVariable*>>, std::pair<const unsigned short, src::IVariable*>, unsigned short, __rw::__select1st<std::pair<const unsigned short, src::IVariable*>, unsigned short>>::_C_key() 0x08009867   Thumb Code    10  parameters.o(t._ZN4__rw17__rw_rb_tree_nodeISaISt4pairIKtPN3src9IVariableEEES6_tNS_11__select1stIS6_tEEE6_C_keyEv)
    __rw::__rw_rb_tree_node<std::allocator<std::pair<const unsigned short, src::IVariable*>>, std::pair<const unsigned short, src::IVariable*>, unsigned short, __rw::__select1st<std::pair<const unsigned short, src::IVariable*>, unsigned short>>::_C_left() 0x08009871   Thumb Code     8  objectsdefinitions.o(t._ZN4__rw17__rw_rb_tree_nodeISaISt4pairIKtPN3src9IVariableEEES6_tNS_11__select1stIS6_tEEE7_C_leftEv)
    __rw::__rw_rb_tree_node<std::allocator<std::pair<const unsigned short, src::IVariable*>>, std::pair<const unsigned short, src::IVariable*>, unsigned short, __rw::__select1st<std::pair<const unsigned short, src::IVariable*>, unsigned short>>::_C_right() 0x08009879   Thumb Code     8  objectsdefinitions.o(t._ZN4__rw17__rw_rb_tree_nodeISaISt4pairIKtPN3src9IVariableEEES6_tNS_11__select1stIS6_tEEE8_C_rightEv)
    __rw::__rw_rb_tree_node<std::allocator<std::pair<const unsigned short, src::IVariable*>>, std::pair<const unsigned short, src::IVariable*>, unsigned short, __rw::__select1st<std::pair<const unsigned short, src::IVariable*>, unsigned short>>::_C_parent() 0x08009881   Thumb Code     6  objectsdefinitions.o(t._ZN4__rw17__rw_rb_tree_nodeISaISt4pairIKtPN3src9IVariableEEES6_tNS_11__select1stIS6_tEEE9_C_parentEv)
    __rw::__rw_locale_vector<__rw::__rw_facet_base*>::resize(unsigned, __rw::__rw_facet_base*const &) 0x08009887   Thumb Code    86  locale.o(t._ZN4__rw18__rw_locale_vectorIPNS_15__rw_facet_baseEE6resizeEjRKS2_)
    __rw::__rw_locale_vector<__rw::__rw_facet_base*>::~__rw_locale_vector() 0x080098dd   Thumb Code    14  locale.o(t._ZN4__rw18__rw_locale_vectorIPNS_15__rw_facet_baseEED1Ev)
    __rw::__rw_locale_vector<__rw::__rw_facet_base*>::~__rw_locale_vector__sub_object() 0x080098dd   Thumb Code     0  locale.o(t._ZN4__rw18__rw_locale_vectorIPNS_15__rw_facet_baseEED1Ev)
    __rw::__rw_locale_vector<__rw::__rw_cat*>::~__rw_locale_vector() 0x080098eb   Thumb Code    14  rwcats.o(t._ZN4__rw18__rw_locale_vectorIPNS_8__rw_catEED1Ev)
    __rw::__rw_locale_vector<__rw::__rw_cat*>::~__rw_locale_vector__sub_object() 0x080098eb   Thumb Code     0  rwcats.o(t._ZN4__rw18__rw_locale_vectorIPNS_8__rw_catEED1Ev)
    __rw::__rw_locale_vector<std::basic_string<char, std::char_traits<char>, std::allocator<char>>>::~__rw_locale_vector() 0x080098f9   Thumb Code    16  locale.o(t._ZN4__rw18__rw_locale_vectorISsED1Ev)
    __rw::__rw_locale_vector<std::basic_string<char, std::char_traits<char>, std::allocator<char>>>::~__rw_locale_vector__sub_object() 0x080098f9   Thumb Code     0  locale.o(t._ZN4__rw18__rw_locale_vectorISsED1Ev)
    __rw::__rw_locale_vector<std::__rw_open_cat_data>::resize(unsigned) 0x0800990d   Thumb Code   122  messages.o(t._ZN4__rw18__rw_locale_vectorISt18__rw_open_cat_dataE6resizeEj)
    __rw::__rw_locale_vector<std::__rw_open_cat_data>::~__rw_locale_vector() 0x08009995   Thumb Code    16  messages.o(t._ZN4__rw18__rw_locale_vectorISt18__rw_open_cat_dataED1Ev)
    __rw::__rw_locale_vector<std::__rw_open_cat_data>::~__rw_locale_vector__sub_object() 0x08009995   Thumb Code     0  messages.o(t._ZN4__rw18__rw_locale_vectorISt18__rw_open_cat_dataED1Ev)
    __rw::__rb_tree<unsigned short, std::pair<const unsigned short, src::IVariable*>, __rw::__select1st<std::pair<const unsigned short, src::IVariable*>, unsigned short>, std::less<unsigned short>, std::allocator<std::pair<const unsigned short, src::IVariable*>>>::_C_get_link() 0x080099a9   Thumb Code    68  parameters.o(t._ZN4__rw9__rb_treeItSt4pairIKtPN3src9IVariableEENS_11__select1stIS6_tEESt4lessItESaIS6_EE11_C_get_linkEv)
    __rw::__rb_tree<unsigned short, std::pair<const unsigned short, src::IVariable*>, __rw::__select1st<std::pair<const unsigned short, src::IVariable*>, unsigned short>, std::less<unsigned short>, std::allocator<std::pair<const unsigned short, src::IVariable*>>>::_C_put_node(__rw::__rw_rb_tree_node<std::allocator<std::pair<const unsigned short, src::IVariable*>>, std::pair<const unsigned short, src::IVariable*>, unsigned short, __rw::__select1st<std::pair<const unsigned short, src::IVariable*>, unsigned short>>*, bool) 0x080099ed   Thumb Code    32  objectsdefinitions.o(t._ZN4__rw9__rb_treeItSt4pairIKtPN3src9IVariableEENS_11__select1stIS6_tEESt4lessItESaIS6_EE11_C_put_nodeEPNS_17__rw_rb_tree_nodeISB_S6_tS8_EEb)
    __rw::__rb_tree<unsigned short, std::pair<const unsigned short, src::IVariable*>, __rw::__select1st<std::pair<const unsigned short, src::IVariable*>, unsigned short>, std::less<unsigned short>, std::allocator<std::pair<const unsigned short, src::IVariable*>>>::_C_make_iter(__rw::__rw_rb_tree_node<std::allocator<std::pair<const unsigned short, src::IVariable*>>, std::pair<const unsigned short, src::IVariable*>, unsigned short, __rw::__select1st<std::pair<const unsigned short, src::IVariable*>, unsigned short>>*) 0x08009a0d   Thumb Code    10  objectsdefinitions.o(t._ZN4__rw9__rb_treeItSt4pairIKtPN3src9IVariableEENS_11__select1stIS6_tEESt4lessItESaIS6_EE12_C_make_iterEPNS_17__rw_rb_tree_nodeISB_S6_tS8_EE)
    __rw::__rb_tree<unsigned short, std::pair<const unsigned short, src::IVariable*>, __rw::__select1st<std::pair<const unsigned short, src::IVariable*>, unsigned short>, std::less<unsigned short>, std::allocator<std::pair<const unsigned short, src::IVariable*>>>::_C_erase_leaf(__rw::__rw_rb_tree_node<std::allocator<std::pair<const unsigned short, src::IVariable*>>, std::pair<const unsigned short, src::IVariable*>, unsigned short, __rw::__select1st<std::pair<const unsigned short, src::IVariable*>, unsigned short>>*) 0x08009a17   Thumb Code   124  objectsdefinitions.o(t._ZN4__rw9__rb_treeItSt4pairIKtPN3src9IVariableEENS_11__select1stIS6_tEESt4lessItESaIS6_EE13_C_erase_leafEPNS_17__rw_rb_tree_nodeISB_S6_tS8_EE)
    __rw::__rb_tree<unsigned short, std::pair<const unsigned short, src::IVariable*>, __rw::__select1st<std::pair<const unsigned short, src::IVariable*>, unsigned short>, std::less<unsigned short>, std::allocator<std::pair<const unsigned short, src::IVariable*>>>::__rotate_left(__rw::__rw_rb_tree_node<std::allocator<std::pair<const unsigned short, src::IVariable*>>, std::pair<const unsigned short, src::IVariable*>, unsigned short, __rw::__select1st<std::pair<const unsigned short, src::IVariable*>, unsigned short>>*) 0x08009a93   Thumb Code   170  objectsdefinitions.o(t._ZN4__rw9__rb_treeItSt4pairIKtPN3src9IVariableEENS_11__select1stIS6_tEESt4lessItESaIS6_EE13__rotate_leftEPNS_17__rw_rb_tree_nodeISB_S6_tS8_EE)
    __rw::__rb_tree<unsigned short, std::pair<const unsigned short, src::IVariable*>, __rw::__select1st<std::pair<const unsigned short, src::IVariable*>, unsigned short>, std::less<unsigned short>, std::allocator<std::pair<const unsigned short, src::IVariable*>>>::__rotate_right(__rw::__rw_rb_tree_node<std::allocator<std::pair<const unsigned short, src::IVariable*>>, std::pair<const unsigned short, src::IVariable*>, unsigned short, __rw::__select1st<std::pair<const unsigned short, src::IVariable*>, unsigned short>>*) 0x08009b3d   Thumb Code   170  objectsdefinitions.o(t._ZN4__rw9__rb_treeItSt4pairIKtPN3src9IVariableEENS_11__select1stIS6_tEESt4lessItESaIS6_EE14__rotate_rightEPNS_17__rw_rb_tree_nodeISB_S6_tS8_EE)
    __rw::__rb_tree<unsigned short, std::pair<const unsigned short, src::IVariable*>, __rw::__select1st<std::pair<const unsigned short, src::IVariable*>, unsigned short>, std::less<unsigned short>, std::allocator<std::pair<const unsigned short, src::IVariable*>>>::_C_add_new_buffer() 0x08009be7   Thumb Code   108  parameters.o(t._ZN4__rw9__rb_treeItSt4pairIKtPN3src9IVariableEENS_11__select1stIS6_tEESt4lessItESaIS6_EE17_C_add_new_bufferEv)
    __rw::__rb_tree<unsigned short, std::pair<const unsigned short, src::IVariable*>, __rw::__select1st<std::pair<const unsigned short, src::IVariable*>, unsigned short>, std::less<unsigned short>, std::allocator<std::pair<const unsigned short, src::IVariable*>>>::_C_deallocate_buffers() 0x08009c53   Thumb Code    70  objectsdefinitions.o(t._ZN4__rw9__rb_treeItSt4pairIKtPN3src9IVariableEENS_11__select1stIS6_tEESt4lessItESaIS6_EE21_C_deallocate_buffersEv)
    __rw::__rb_tree<unsigned short, std::pair<const unsigned short, src::IVariable*>, __rw::__select1st<std::pair<const unsigned short, src::IVariable*>, unsigned short>, std::less<unsigned short>, std::allocator<std::pair<const unsigned short, src::IVariable*>>>::end() 0x08009c99   Thumb Code    18  objectsdefinitions.o(t._ZN4__rw9__rb_treeItSt4pairIKtPN3src9IVariableEENS_11__select1stIS6_tEESt4lessItESaIS6_EE3endEv)
    __rw::__rb_tree<unsigned short, std::pair<const unsigned short, src::IVariable*>, __rw::__select1st<std::pair<const unsigned short, src::IVariable*>, unsigned short>, std::less<unsigned short>, std::allocator<std::pair<const unsigned short, src::IVariable*>>>::begin() 0x08009cab   Thumb Code    26  objectsdefinitions.o(t._ZN4__rw9__rb_treeItSt4pairIKtPN3src9IVariableEENS_11__select1stIS6_tEESt4lessItESaIS6_EE5beginEv)
    __rw::__rb_tree<unsigned short, std::pair<const unsigned short, src::IVariable*>, __rw::__select1st<std::pair<const unsigned short, src::IVariable*>, unsigned short>, std::less<unsigned short>, std::allocator<std::pair<const unsigned short, src::IVariable*>>>::erase(__rw::__rw_tree_iter<std::pair<const unsigned short, src::IVariable*>, int, std::pair<const unsigned short, src::IVariable*>*, std::pair<const unsigned short, src::IVariable*>&, __rw::__rw_rb_tree_node<std::allocator<std::pair<const unsigned short, src::IVariable*>>, std::pair<const unsigned short, src::IVariable*>, unsigned short, __rw::__select1st<std::pair<const unsigned short, src::IVariable*>, unsigned short>>>) 0x08009cc5   Thumb Code  1554  objectsdefinitions.o(t._ZN4__rw9__rb_treeItSt4pairIKtPN3src9IVariableEENS_11__select1stIS6_tEESt4lessItESaIS6_EE5eraseENS_14__rw_tree_iterIS6_iPS6_RS6_NS_17__rw_rb_tree_nodeISB_S6_tS8_EEEE)
    __rw::__rb_tree<unsigned short, std::pair<const unsigned short, src::IVariable*>, __rw::__select1st<std::pair<const unsigned short, src::IVariable*>, unsigned short>, std::less<unsigned short>, std::allocator<std::pair<const unsigned short, src::IVariable*>>>::erase(__rw::__rw_tree_iter<std::pair<const unsigned short, src::IVariable*>, int, std::pair<const unsigned short, src::IVariable*>*, std::pair<const unsigned short, src::IVariable*>&, __rw::__rw_rb_tree_node<std::allocator<std::pair<const unsigned short, src::IVariable*>>, std::pair<const unsigned short, src::IVariable*>, unsigned short, __rw::__select1st<std::pair<const unsigned short, src::IVariable*>, unsigned short>>>, __rw::__rw_tree_iter<std::pair<const unsigned short, src::IVariable*>, int, std::pair<const unsigned short, src::IVariable*>*, std::pair<const unsigned short, src::IVariable*>&, __rw::__rw_rb_tree_node<std::allocator<std::pair<const unsigned short, src::IVariable*>>, std::pair<const unsigned short, src::IVariable*>, unsigned short, __rw::__select1st<std::pair<const unsigned short, src::IVariable*>, unsigned short>>>) 0x0800a2d7   Thumb Code   200  objectsdefinitions.o(t._ZN4__rw9__rb_treeItSt4pairIKtPN3src9IVariableEENS_11__select1stIS6_tEESt4lessItESaIS6_EE5eraseENS_14__rw_tree_iterIS6_iPS6_RS6_NS_17__rw_rb_tree_nodeISB_S6_tS8_EEEESI_)
    __rw::__rb_tree<unsigned short, std::pair<const unsigned short, src::IVariable*>, __rw::__select1st<std::pair<const unsigned short, src::IVariable*>, unsigned short>, std::less<unsigned short>, std::allocator<std::pair<const unsigned short, src::IVariable*>>>::insert(const std::pair<const unsigned short, src::IVariable*>&) 0x0800a39f   Thumb Code   300  parameters.o(t._ZN4__rw9__rb_treeItSt4pairIKtPN3src9IVariableEENS_11__select1stIS6_tEESt4lessItESaIS6_EE6insertERKS6_)
    __rw::__rb_tree<unsigned short, std::pair<const unsigned short, src::IVariable*>, __rw::__select1st<std::pair<const unsigned short, src::IVariable*>, unsigned short>, std::less<unsigned short>, std::allocator<std::pair<const unsigned short, src::IVariable*>>>::_C_erase(__rw::__rw_rb_tree_node<std::allocator<std::pair<const unsigned short, src::IVariable*>>, std::pair<const unsigned short, src::IVariable*>, unsigned short, __rw::__select1st<std::pair<const unsigned short, src::IVariable*>, unsigned short>>*) 0x0800a4cb   Thumb Code    56  objectsdefinitions.o(t._ZN4__rw9__rb_treeItSt4pairIKtPN3src9IVariableEENS_11__select1stIS6_tEESt4lessItESaIS6_EE8_C_eraseEPNS_17__rw_rb_tree_nodeISB_S6_tS8_EE)
    __rw::__rb_tree<unsigned short, std::pair<const unsigned short, src::IVariable*>, __rw::__select1st<std::pair<const unsigned short, src::IVariable*>, unsigned short>, std::less<unsigned short>, std::allocator<std::pair<const unsigned short, src::IVariable*>>>::_C_insert(__rw::__rw_rb_tree_node<std::allocator<std::pair<const unsigned short, src::IVariable*>>, std::pair<const unsigned short, src::IVariable*>, unsigned short, __rw::__select1st<std::pair<const unsigned short, src::IVariable*>, unsigned short>>*, __rw::__rw_rb_tree_node<std::allocator<std::pair<const unsigned short, src::IVariable*>>, std::pair<const unsigned short, src::IVariable*>, unsigned short, __rw::__select1st<std::pair<const unsigned short, src::IVariable*>, unsigned short>>*, const std::pair<const unsigned short, src::IVariable*>&) 0x0800a503   Thumb Code   760  parameters.o(t._ZN4__rw9__rb_treeItSt4pairIKtPN3src9IVariableEENS_11__select1stIS6_tEESt4lessItESaIS6_EE9_C_insertEPNS_17__rw_rb_tree_nodeISB_S6_tS8_EESF_RKS6_)
    __rw::__rb_tree<unsigned short, std::pair<const unsigned short, src::IVariable*>, __rw::__select1st<std::pair<const unsigned short, src::IVariable*>, unsigned short>, std::less<unsigned short>, std::allocator<std::pair<const unsigned short, src::IVariable*>>>::__rb_tree(const std::less<unsigned short>&, bool, const std::allocator<std::pair<const unsigned short, src::IVariable*>>&) 0x0800a7fb   Thumb Code    92  parameters.o(t._ZN4__rw9__rb_treeItSt4pairIKtPN3src9IVariableEENS_11__select1stIS6_tEESt4lessItESaIS6_EEC1ERKSA_bRKSB_)
    __rw::__rb_tree<unsigned short, std::pair<const unsigned short, src::IVariable*>, __rw::__select1st<std::pair<const unsigned short, src::IVariable*>, unsigned short>, std::less<unsigned short>, std::allocator<std::pair<const unsigned short, src::IVariable*>>>::__rb_tree__sub_object(const std::less<unsigned short>&, bool, const std::allocator<std::pair<const unsigned short, src::IVariable*>>&) 0x0800a7fb   Thumb Code     0  parameters.o(t._ZN4__rw9__rb_treeItSt4pairIKtPN3src9IVariableEENS_11__select1stIS6_tEESt4lessItESaIS6_EEC1ERKSA_bRKSB_)
    bool __rw::operator ==<std::pair<const unsigned short, src::IVariable*>, int, std::pair<const unsigned short, src::IVariable*>*, std::pair<const unsigned short, src::IVariable*>&, std::pair<const unsigned short, src::IVariable*>*, std::pair<const unsigned short, src::IVariable*>&, __rw::__rw_rb_tree_node<std::allocator<std::pair<const unsigned short, src::IVariable*>>, std::pair<const unsigned short, src::IVariable*>, unsigned short, __rw::__select1st<std::pair<const unsigned short, src::IVariable*>, unsigned short>>>(const __rw::__rw_tree_iter<T1, T2, T3, T4, T7>&, const __rw::__rw_tree_iter<T1, T2, T5, T6, T7>&) 0x0800a857   Thumb Code    18  objectsdefinitions.o(t._ZN4__rweqISt4pairIKtPN3src9IVariableEEiPS6_RS6_S7_S8_NS_17__rw_rb_tree_nodeISaIS6_ES6_tNS_11__select1stIS6_tEEEEEEbRKNS_14__rw_tree_iterIT_T0_T1_T2_T5_EERKNSE_ISF_SG_T3_T4_SJ_EE)
    __rw::__rw_tree_iter<std::pair<const unsigned short, src::IVariable*>, int, std::pair<const unsigned short, src::IVariable*>*, std::pair<const unsigned short, src::IVariable*>&, __rw::__rw_rb_tree_node<std::allocator<std::pair<const unsigned short, src::IVariable*>>, std::pair<const unsigned short, src::IVariable*>, unsigned short, __rw::__select1st<std::pair<const unsigned short, src::IVariable*>, unsigned short>>>::operator *() const 0x0800a869   Thumb Code    12  parameters.o(t._ZNK4__rw14__rw_tree_iterISt4pairIKtPN3src9IVariableEEiPS6_RS6_NS_17__rw_rb_tree_nodeISaIS6_ES6_tNS_11__select1stIS6_tEEEEEdeEv)
    __rw::__rb_tree<unsigned short, std::pair<const unsigned short, src::IVariable*>, __rw::__select1st<std::pair<const unsigned short, src::IVariable*>, unsigned short>, std::less<unsigned short>, std::allocator<std::pair<const unsigned short, src::IVariable*>>>::_C_leftmost() const 0x0800a875   Thumb Code    12  objectsdefinitions.o(t._ZNK4__rw9__rb_treeItSt4pairIKtPN3src9IVariableEENS_11__select1stIS6_tEESt4lessItESaIS6_EE11_C_leftmostEv)
    __rw::__rb_tree<unsigned short, std::pair<const unsigned short, src::IVariable*>, __rw::__select1st<std::pair<const unsigned short, src::IVariable*>, unsigned short>, std::less<unsigned short>, std::allocator<std::pair<const unsigned short, src::IVariable*>>>::_C_rightmost() const 0x0800a881   Thumb Code    12  objectsdefinitions.o(t._ZNK4__rw9__rb_treeItSt4pairIKtPN3src9IVariableEENS_11__select1stIS6_tEESt4lessItESaIS6_EE12_C_rightmostEv)
    __rw::__rb_tree<unsigned short, std::pair<const unsigned short, src::IVariable*>, __rw::__select1st<std::pair<const unsigned short, src::IVariable*>, unsigned short>, std::less<unsigned short>, std::allocator<std::pair<const unsigned short, src::IVariable*>>>::_C_root() const 0x0800a88d   Thumb Code    12  objectsdefinitions.o(t._ZNK4__rw9__rb_treeItSt4pairIKtPN3src9IVariableEENS_11__select1stIS6_tEESt4lessItESaIS6_EE7_C_rootEv)
    std::less<unsigned short>::operator ()(const unsigned short&, const unsigned short&) const 0x0800a899   Thumb Code    20  parameters.o(t._ZNKSt4lessItEclERKtS2_)
    std::vector<src::IMenuItem*, std::allocator<src::IMenuItem*>>::end() const 0x0800a8ad   Thumb Code     8  engine.o(t._ZNKSt6vectorIPN3src9IMenuItemESaIS2_EE3endEv)
    std::vector<src::IMenuItem*, std::allocator<src::IMenuItem*>>::size() const 0x0800a8b5   Thumb Code    24  engine.o(t._ZNKSt6vectorIPN3src9IMenuItemESaIS2_EE4sizeEv)
    std::vector<src::IMenuItem*, std::allocator<src::IMenuItem*>>::begin() const 0x0800a8cd   Thumb Code     8  engine.o(t._ZNKSt6vectorIPN3src9IMenuItemESaIS2_EE5beginEv)
    std::vector<src::IMenuItem*, std::allocator<src::IMenuItem*>>::capacity() const 0x0800a8d5   Thumb Code    12  engine.o(t._ZNKSt6vectorIPN3src9IMenuItemESaIS2_EE8capacityEv)
    std::messages<char>::do_get(int, int, int, const std::basic_string<char, std::char_traits<char>, std::allocator<char>>&) const 0x0800a8e1   Thumb Code   136  rwstdexcept.o(t._ZNKSt8messagesIcE6do_getEiiiRKSs)
    std::messages<char>::do_open(const std::basic_string<char, std::char_traits<char>, std::allocator<char>>&, const std::locale&) const 0x0800a971   Thumb Code     6  rwstdexcept.o(t._ZNKSt8messagesIcE7do_openERKSsRKSt6locale)
    std::allocator<src::IMenuItem*>::deallocate(src::IMenuItem**, unsigned) 0x0800a977   Thumb Code    20  engine.o(t._ZNSaIPN3src9IMenuItemEE10deallocateEPS1_j)
    std::allocator<src::IMenuItem*>::construct(src::IMenuItem**, src::IMenuItem*const &) 0x0800a98b   Thumb Code    22  engine.o(t._ZNSaIPN3src9IMenuItemEE9constructEPS1_RKS1_)
    std::basic_string<char, std::char_traits<char>, std::allocator<char>>::_C_allocate(unsigned, unsigned, unsigned) 0x0800a9a1   Thumb Code    50  locale.o(t._ZNSs11_C_allocateEjjj)
    std::basic_string<char, std::char_traits<char>, std::allocator<char>>::replace(unsigned, unsigned, const char*, unsigned) 0x0800a9d3   Thumb Code    24  locale.o(t._ZNSs7replaceEjjPKcj)
    std::basic_string<char, std::char_traits<char>, std::allocator<char>>::replace(unsigned, unsigned, const char*, unsigned, unsigned, unsigned) 0x0800a9ed   Thumb Code   352  char.o(t._ZNSs7replaceEjjPKcjjj)
    std::basic_string<char, std::char_traits<char>, std::allocator<char>>::_C_getRep(unsigned, unsigned) 0x0800ab55   Thumb Code   108  char.o(t._ZNSs9_C_getRepEjj)
    std::basic_string<char, std::char_traits<char>, std::allocator<char>>::_C_unlink() 0x0800abc9   Thumb Code    66  char.o(t._ZNSs9_C_unlinkEv)
    std::basic_string<char, std::char_traits<char>, std::allocator<char>>::basic_string(const char*, const std::allocator<char>&) 0x0800ac11   Thumb Code    52  locale.o(t._ZNSsC1EPKcRKSaIcE)
    std::basic_string<char, std::char_traits<char>, std::allocator<char>>::basic_string__sub_object(const char*, const std::allocator<char>&) 0x0800ac11   Thumb Code     0  locale.o(t._ZNSsC1EPKcRKSaIcE)
    std::basic_string<char, std::char_traits<char>, std::allocator<char>>::basic_string(const std::allocator<char>&) 0x0800ac49   Thumb Code    12  locale.o(t._ZNSsC1ERKSaIcE)
    std::basic_string<char, std::char_traits<char>, std::allocator<char>>::basic_string__sub_object(const std::allocator<char>&) 0x0800ac49   Thumb Code     0  locale.o(t._ZNSsC1ERKSaIcE)
    std::basic_string<char, std::char_traits<char>, std::allocator<char>>::basic_string(const std::basic_string<char, std::char_traits<char>, std::allocator<char>>&) 0x0800ac59   Thumb Code    62  char.o(t._ZNSsC1ERKSs)
    std::basic_string<char, std::char_traits<char>, std::allocator<char>>::basic_string__sub_object(const std::basic_string<char, std::char_traits<char>, std::allocator<char>>&) 0x0800ac59   Thumb Code     0  char.o(t._ZNSsC1ERKSs)
    std::basic_string<char, std::char_traits<char>, std::allocator<char>>::~basic_string() 0x0800ac97   Thumb Code    12  char.o(t._ZNSsD1Ev)
    std::basic_string<char, std::char_traits<char>, std::allocator<char>>::~basic_string__sub_object() 0x0800ac97   Thumb Code     0  char.o(t._ZNSsD1Ev)
    std::basic_string<char, std::char_traits<char>, std::allocator<char>>::operator =(const char*) 0x0800aca5   Thumb Code    70  locale.o(t._ZNSsaSEPKc)
    std::basic_string<char, std::char_traits<char>, std::allocator<char>>::operator =(const std::basic_string<char, std::char_traits<char>, std::allocator<char>>&) 0x0800acf1   Thumb Code    62  locale.o(t._ZNSsaSERKSs)
    std::pair<__rw::__rw_tree_iter<std::pair<const unsigned short, src::IVariable*>, int, std::pair<const unsigned short, src::IVariable*>*, std::pair<const unsigned short, src::IVariable*>&, __rw::__rw_rb_tree_node<std::allocator<std::pair<const unsigned short, src::IVariable*>>, std::pair<const unsigned short, src::IVariable*>, unsigned short, __rw::__select1st<std::pair<const unsigned short, src::IVariable*>, unsigned short>>>, bool>::pair(const __rw::__rw_tree_iter<std::pair<const unsigned short, src::IVariable*>, int, std::pair<const unsigned short, src::IVariable*>*, std::pair<const unsigned short, src::IVariable*>&, __rw::__rw_rb_tree_node<std::allocator<std::pair<const unsigned short, src::IVariable*>>, std::pair<const unsigned short, src::IVariable*>, unsigned short, __rw::__select1st<std::pair<const unsigned short, src::IVariable*>, unsigned short>>>&, const bool&) 0x0800ad2f   Thumb Code    26  parameters.o(t._ZNSt4pairIN4__rw14__rw_tree_iterIS_IKtPN3src9IVariableEEiPS6_RS6_NS0_17__rw_rb_tree_nodeISaIS6_ES6_tNS0_11__select1stIS6_tEEEEEEbEC1ERKSE_RKb)
    std::pair<__rw::__rw_tree_iter<std::pair<const unsigned short, src::IVariable*>, int, std::pair<const unsigned short, src::IVariable*>*, std::pair<const unsigned short, src::IVariable*>&, __rw::__rw_rb_tree_node<std::allocator<std::pair<const unsigned short, src::IVariable*>>, std::pair<const unsigned short, src::IVariable*>, unsigned short, __rw::__select1st<std::pair<const unsigned short, src::IVariable*>, unsigned short>>>, bool>::pair__sub_object(const __rw::__rw_tree_iter<std::pair<const unsigned short, src::IVariable*>, int, std::pair<const unsigned short, src::IVariable*>*, std::pair<const unsigned short, src::IVariable*>&, __rw::__rw_rb_tree_node<std::allocator<std::pair<const unsigned short, src::IVariable*>>, std::pair<const unsigned short, src::IVariable*>, unsigned short, __rw::__select1st<std::pair<const unsigned short, src::IVariable*>, unsigned short>>>&, const bool&) 0x0800ad2f   Thumb Code     0  parameters.o(t._ZNSt4pairIN4__rw14__rw_tree_iterIS_IKtPN3src9IVariableEEiPS6_RS6_NS0_17__rw_rb_tree_nodeISaIS6_ES6_tNS0_11__select1stIS6_tEEEEEEbEC1ERKSE_RKb)
    std::vector<src::IMenuItem*, std::allocator<src::IMenuItem*>>::_C_destroy(src::IMenuItem**, src::IMenuItem**) 0x0800ad49   Thumb Code    18  engine.o(t._ZNSt6vectorIPN3src9IMenuItemESaIS2_EE10_C_destroyEPS2_S5_)
    std::vector<src::IMenuItem*, std::allocator<src::IMenuItem*>>::_C_insert_aux(src::IMenuItem**, src::IMenuItem*const &) 0x0800ad5b   Thumb Code   298  engine.o(t._ZNSt6vectorIPN3src9IMenuItemESaIS2_EE13_C_insert_auxEPS2_RKS2_)
    std::vector<src::IMenuItem*, std::allocator<src::IMenuItem*>>::end() 0x0800ae85   Thumb Code     8  engine.o(t._ZNSt6vectorIPN3src9IMenuItemESaIS2_EE3endEv)
    std::vector<src::IMenuItem*, std::allocator<src::IMenuItem*>>::begin() 0x0800ae8d   Thumb Code     8  engine.o(t._ZNSt6vectorIPN3src9IMenuItemESaIS2_EE5beginEv)
    std::vector<src::IMenuItem*, std::allocator<src::IMenuItem*>>::erase(src::IMenuItem**, src::IMenuItem**) 0x0800ae95   Thumb Code   106  engine.o(t._ZNSt6vectorIPN3src9IMenuItemESaIS2_EE5eraseEPS2_S5_)
    std::vector<src::IMenuItem*, std::allocator<src::IMenuItem*>>::push_back(src::IMenuItem*const &) 0x0800aeff   Thumb Code    56  engine.o(t._ZNSt6vectorIPN3src9IMenuItemESaIS2_EE9push_backERKS2_)
    std::vector<src::IMenuItem*, std::allocator<src::IMenuItem*>>::vector(const std::allocator<src::IMenuItem*>&) 0x0800af37   Thumb Code    16  objectsdefinitions.o(t._ZNSt6vectorIPN3src9IMenuItemESaIS2_EEC1ERKS3_)
    std::vector<src::IMenuItem*, std::allocator<src::IMenuItem*>>::vector__sub_object(const std::allocator<src::IMenuItem*>&) 0x0800af37   Thumb Code     0  objectsdefinitions.o(t._ZNSt6vectorIPN3src9IMenuItemESaIS2_EEC1ERKS3_)
    std::vector<src::IMenuItem*, std::allocator<src::IMenuItem*>>::~vector() 0x0800af47   Thumb Code    64  objectsdefinitions.o(t._ZNSt6vectorIPN3src9IMenuItemESaIS2_EED1Ev)
    std::vector<src::IMenuItem*, std::allocator<src::IMenuItem*>>::~vector__sub_object() 0x0800af47   Thumb Code     0  objectsdefinitions.o(t._ZNSt6vectorIPN3src9IMenuItemESaIS2_EED1Ev)
    std::vector<src::IMenuItem*, std::allocator<src::IMenuItem*>>::operator [](unsigned) 0x0800af87   Thumb Code    18  engine.o(t._ZNSt6vectorIPN3src9IMenuItemESaIS2_EEixEj)
    T2 std::uninitialized_copy<src::IMenuItem**, src::IMenuItem**, std::allocator<src::IMenuItem*>>(T1, T1, T2, T3&) 0x0800af99   Thumb Code    44  engine.o(t._ZSt18uninitialized_copyIPPN3src9IMenuItemES3_SaIS2_EET0_T_S6_S5_RT1_)
    const T1& std::max<unsigned>(const T1&, const T1&) 0x0800afc5   Thumb Code    12  char.o(t._ZSt3maxIjERKT_S2_S2_)
    APBAHBPrescTable                         0x0800afd0   Data          16  stm32f4xx_hal_rcc.o(.constdata)
    __mathlib_zero                           0x0800b0c8   Data           8  qnan.o(.constdata)
    std::ctype<char>::_C_classic_table       0x0800b0d0   Data         512  char.o(.constdata)
    __ctype_table                            0x0800b2d0   Data         129  ctype_o.o(.constdata)
    vtable for src::MeanFilter               0x0800b358   Data          12  analogsensors.o(.constdata__ZTVN3src10MeanFilterE)
    vtable for src::IMbItem1Reg              0x0800b364   Data          28  parameters.o(.constdata__ZTVN3src11IMbItem1RegE)
    vtable for src::ParameterFlt             0x0800b380   Data         168  parameters.o(.constdata__ZTVN3src12ParameterFltE)
    vtable for src::Pwm2phaseNONZ            0x0800b428   Data          20  pwm_user.o(.constdata__ZTVN3src13Pwm2phaseNONZE)
    vtable for src::AnalogRmsSensor          0x0800b43c   Data          12  analogsensors.o(.constdata__ZTVN3src15AnalogRmsSensorE)
    vtable for src::Pwm                      0x0800b448   Data          20  objectsdefinitions.o(.constdata__ZTVN3src3PwmE)
    vtable for src::IMenuItem                0x0800b45c   Data          12  parameters.o(.constdata__ZTVN3src9IMenuItemE)
    vtable for src::IVariable                0x0800b468   Data          56  parameters.o(.constdata__ZTVN3src9IVariableE)
    vtable for src::Parameter                0x0800b4a0   Data         164  parameters.o(.constdata__ZTVN3src9ParameterE)
    vtable for src::RmsFilter                0x0800b544   Data          12  analogsensors.o(.constdata__ZTVN3src9RmsFilterE)
    vtable for std::locale::facet            0x0800b550   Data          20  rwstdexcept.o(.constdata__ZTVNSt6locale5facetE)
    vtable for std::ctype_byname<char>       0x0800b564   Data          52  char.o(.constdata__ZTVSt12ctype_bynameIcE)
    vtable for std::__rw_exception           0x0800b598   Data          20  rwstdexcept.o(.constdata__ZTVSt14__rw_exception)
    vtable for std::ctype<char>              0x0800b5ac   Data          52  char.o(.constdata__ZTVSt5ctypeIcE)
    vtable for std::messages<char>           0x0800b5e0   Data          32  rwstdexcept.o(.constdata__ZTVSt8messagesIcE)
    vtable for std::exception                0x0800b600   Data          20  exception_dtor.o(.constdata__ZTVSt9exception)
    __rw::__rw_locale_imp::_C_category_name(int) const::string 0x0800b614   Data           1  locale.o(.constdata__ZZNK4__rw15__rw_locale_imp16_C_category_nameEiEs)
    std::basic_string<char, std::char_traits<char>, std::allocator<char>>::replace(unsigned, unsigned, const char*, unsigned, unsigned, unsigned)::string 0x0800b615   Data           1  char.o(.constdata__ZZNSs7replaceEjjPKcjjjEs)
    std::basic_string<char, std::char_traits<char>, std::allocator<char>>::_C_getRep(unsigned, unsigned)::string 0x0800b616   Data           1  char.o(.constdata__ZZNSs9_C_getRepEjjEs)
    std::messages<char>::messages(unsigned)::string 0x0800b617   Data           2  rwstdexcept.o(.constdata__ZZNSt8messagesIcEC1EjEs)
    Region$$Table$$Base                      0x0800b890   Number         0  anon$$obj.o(Region$$Table)
    Region$$Table$$Limit                     0x0800b8b0   Number         0  anon$$obj.o(Region$$Table)
    SHT$$INIT_ARRAY$$Base                    0x0800b8b0   Number         0  objectsdefinitions.o(.init_array)
    SHT$$INIT_ARRAY$$Limit                   0x0800b8c0   Number         0  rwcats.o(.init_array)
    SystemCoreClock                          0x20000004   Data           4  system_stm32f4xx.o(.data)
    AHBPrescTable                            0x20000008   Data          16  system_stm32f4xx.o(.data)
    __stdout                                 0x20000018   Data           4  retarget.o(.data)
    __stdin                                  0x2000001c   Data           4  retarget.o(.data)
    Timer100mls                              0x20000020   Data           2  objectsdefinitions.o(.data)
    adc1                                     0x20000024   Data           8  objectsdefinitions.o(.data)
    adc3                                     0x2000002c   Data           8  objectsdefinitions.o(.data)
    rcDecoder                                0x20000034   Data           8  objectsdefinitions.o(.data)
    std::ctype<char>::id                     0x20000064   Data           4  char.o(.data)
    std::ctype<wchar_t>::id                  0x20000068   Data           4  char.o(.data)
    std::locale::_C_classic                  0x20000074   Data           4  locale.o(.data)
    std::locale::_C_native                   0x20000078   Data           4  locale.o(.data)
    std::locale::_C_global                   0x2000007c   Data           4  locale.o(.data)
    std::codecvt<char, char, std::__mbstate_t>::id 0x20000080   Data           4  locale.o(.data)
    std::codecvt<wchar_t, char, std::__mbstate_t>::id 0x20000084   Data           4  locale.o(.data)
    __rw_throw_proc                          0x20000088   Data           4  rwthrowproc_noex.o(.data)
    __stderr                                 0x2000008c   Data           4  stderr.o(.data)
    __microlib_freelist                      0x20000090   Data           4  mvars.o(.data)
    __microlib_freelist_initialised          0x20000094   Data           4  mvars.o(.data)
    std::locale::id::_C_init() const::_C_id_gen 0x200000a4   Data           4  locale.o(.data__ZZNKSt6locale2id7_C_initEvE9_C_id_gen)
    guard variable for std::__rw_get_cats()::__open_cats 0x200000a8   Data           4  messages.o(.data__ZZSt13__rw_get_catsvE11__open_cats)
    std::__rw_get_cats()::__open_cats        0x200000ac   Data           8  messages.o(.data__ZZSt13__rw_get_catsvE11__open_cats)
    htim1                                    0x200000b4   Data          60  tim.o(.bss)
    htim2                                    0x200000f0   Data          60  tim.o(.bss)
    hadc1                                    0x2000012c   Data          68  adc.o(.bss)
    hadc3                                    0x20000170   Data          68  adc.o(.bss)
    hdma_adc1                                0x200001b4   Data          80  adc.o(.bss)
    hdma_adc3                                0x20000204   Data          80  adc.o(.bss)
    hspi1                                    0x20000254   Data          88  spi.o(.bss)
    hspi2                                    0x200002ac   Data          88  spi.o(.bss)
    hdma_spi1_tx                             0x20000304   Data          80  spi.o(.bss)
    hdma_spi1_rx                             0x20000354   Data          80  spi.o(.bss)
    hdma_spi2_rx                             0x200003a4   Data          80  spi.o(.bss)
    hdma_spi2_tx                             0x200003f4   Data          80  spi.o(.bss)
    pwm                                      0x20000444   Data          60  objectsdefinitions.o(.bss)
    uDC                                      0x20000480   Data          28  objectsdefinitions.o(.bss)
    uCharge                                  0x2000049c   Data          28  objectsdefinitions.o(.bss)
    iCharge                                  0x200004b8   Data          28  objectsdefinitions.o(.bss)
    menuEngine                               0x200004d4   Data          32  objectsdefinitions.o(.bss)
    containerOfVariables                     0x200004f4   Data          32  objectsdefinitions.o(.bss)
    par1                                     0x20000514   Data          36  objectsdefinitions.o(.bss)
    par2                                     0x20000538   Data          36  objectsdefinitions.o(.bss)
    pwmDeathTime                             0x2000055c   Data          44  objectsdefinitions.o(.bss)
    pwmValue                                 0x20000588   Data          44  objectsdefinitions.o(.bss)
    std::basic_string<char, std::char_traits<char>, std::allocator<char>>::__nullref 0x200005d0   Data          16  vendor.o(.bss__ZNSs9__nullrefE)
    __heap_base                              0x200005e0   Data           0  startup_stm32f407xx.o(HEAP)
    __heap_limit                             0x200015e0   Data           0  startup_stm32f407xx.o(HEAP)
    __initial_sp                             0x200025e0   Data           0  startup_stm32f407xx.o(STACK)



==============================================================================

Memory Map of the image

  Image Entry point : 0x08000189

  Load Region LR_IROM1 (Base: 0x08000000, Size: 0x0000b974, Max: 0x00080000, ABSOLUTE)

    Execution Region ER_IROM1 (Base: 0x08000000, Size: 0x0000b8c0, Max: 0x00080000, ABSOLUTE)

    Base Addr    Size         Type   Attr      Idx    E Section Name        Object

    0x08000000   0x00000188   Data   RO            3    RESET               startup_stm32f407xx.o
    0x08000188   0x00000000   Code   RO         5437  * .ARM.Collect$$$$00000000  mc_w.l(entry.o)
    0x08000188   0x00000004   Code   RO         5933    .ARM.Collect$$$$00000001  mc_w.l(entry2.o)
    0x0800018c   0x00000004   Code   RO         5936    .ARM.Collect$$$$00000004  mc_w.l(entry5.o)
    0x08000190   0x00000000   Code   RO         5938    .ARM.Collect$$$$00000008  mc_w.l(entry7b.o)
    0x08000190   0x00000004   Code   RO         5939    .ARM.Collect$$$$00000009  mc_w.l(entry8a.o)
    0x08000194   0x00000000   Code   RO         5940    .ARM.Collect$$$$0000000A  mc_w.l(entry8b.o)
    0x08000194   0x00000008   Code   RO         5941    .ARM.Collect$$$$0000000B  mc_w.l(entry9a.o)
    0x0800019c   0x00000000   Code   RO         5943    .ARM.Collect$$$$0000000D  mc_w.l(entry10a.o)
    0x0800019c   0x00000000   Code   RO         5945    .ARM.Collect$$$$0000000F  mc_w.l(entry11a.o)
    0x0800019c   0x00000004   Code   RO         5934    .ARM.Collect$$$$00002712  mc_w.l(entry2.o)
    0x080001a0   0x00000024   Code   RO            4    .text               startup_stm32f407xx.o
    0x080001c4   0x00000024   Code   RO         5440    .text               mc_w.l(strstr.o)
    0x080001e8   0x00000014   Code   RO         5442    .text               mc_w.l(strchr.o)
    0x080001fc   0x0000000e   Code   RO         5444    .text               mc_w.l(strlen.o)
    0x0800020a   0x00000020   Code   RO         5446    .text               mc_w.l(strrchr.o)
    0x0800022a   0x00000002   PAD
    0x0800022c   0x00000020   Code   RO         5712    .text               mc_w.l(cpp_init.o)
    0x0800024c   0x000000e4   Code   RO         5714    .text               mf_w.l(dmul.o)
    0x08000330   0x00000022   Code   RO         5716    .text               mf_w.l(dflti.o)
    0x08000352   0x00000026   Code   RO         5718    .text               mf_w.l(f2d.o)
    0x08000378   0x00000038   Code   RO         5720    .text               mf_w.l(d2f.o)
    0x080003b0   0x0000002c   Code   RO         5947    .text               mc_w.l(uidiv.o)
    0x080003dc   0x00000062   Code   RO         5949    .text               mc_w.l(uldiv.o)
    0x0800043e   0x00000024   Code   RO         5951    .text               mc_w.l(memcpya.o)
    0x08000462   0x00000040   Code   RO         5953    .text               mc_w.l(memmovea.o)
    0x080004a2   0x00000000   Code   RO         5994    .text               mc_w.l(iusefp.o)
    0x080004a2   0x00000002   PAD
    0x080004a4   0x00000008   Code   RO         5995    .text               mc_w.l(cpp_dtor.o)
    0x080004ac   0x00000002   Code   RO         5998    .text               mc_w.l(cpp_final.o)
    0x080004ae   0x00000002   Code   RO         6000    .text               mc_w.l(cpp_signal.o)
    0x080004b0   0x00000020   Code   RO         6002    .text               mc_w.l(cpp_unwinder.o)
    0x080004d0   0x0000006e   Code   RO         6005    .text               mf_w.l(fepilogue.o)
    0x0800053e   0x000000ba   Code   RO         6007    .text               mf_w.l(depilogue.o)
    0x080005f8   0x0000014e   Code   RO         6009    .text               mf_w.l(dadd.o)
    0x08000746   0x000000de   Code   RO         6011    .text               mf_w.l(ddiv.o)
    0x08000824   0x0000002e   Code   RO         6015    .text               mf_w.l(dscalb.o)
    0x08000852   0x00000030   Code   RO         6017    .text               mf_w.l(dfixul.o)
    0x08000882   0x00000002   PAD
    0x08000884   0x00000030   Code   RO         6019    .text               mf_w.l(cdrcmple.o)
    0x080008b4   0x00000004   Code   RO         6510    .text               cpprt_w.l(arm_newhandler_noexceptions.o)
    0x080008b8   0x0000000e   Code   RO         6529    .text               cpprt_w.l(aeabi_vec_delete_noexceptions.o)
    0x080008c6   0x0000001a   Code   RO         6539    .text               cpprt_w.l(arm_exceptions_terminate.o)
    0x080008e0   0x00000050   Code   RO         6542    .text               cpprt_w.l(arm_exceptions_globs.o)
    0x08000930   0x00000024   Code   RO         6548    .text               mc_w.l(init.o)
    0x08000954   0x0000001e   Code   RO         6551    .text               mc_w.l(llshl.o)
    0x08000972   0x00000020   Code   RO         6553    .text               mc_w.l(llushr.o)
    0x08000992   0x00000024   Code   RO         6555    .text               mc_w.l(llsshr.o)
    0x080009b6   0x00000018   Code   RO         6561    .text               mc_w.l(strcat.o)
    0x080009ce   0x00000012   Code   RO         6563    .text               mc_w.l(strcpy.o)
    0x080009e0   0x00000038   Code   RO         6567    .text               mc_w.l(sscanf.o)
    0x08000a18   0x00000008   Code   RO         6569    .text               mc_w.l(cpp_memory.o)
    0x08000a20   0x000000a2   Code   RO         6572    .text               mf_w.l(dsqrt.o)
    0x08000ac2   0x0000003c   Code   RO         6686    .text               cpprt_w.l(arm_exceptions_mem.o)
    0x08000afe   0x00000002   PAD
    0x08000b00   0x00000008   Code   RO         6692    .text               mc_w.l(ctype_o.o)
    0x08000b08   0x00000012   Code   RO         6714    .text               mc_w.l(isspace_o.o)
    0x08000b1a   0x00000042   Code   RO         6728    .text               mc_w.l(memmove.o)
    0x08000b5c   0x0000001c   Code   RO         6732    .text               mc_w.l(strcmp.o)
    0x08000b78   0x00000156   Code   RO         6744    .text               mc_w.l(_scanf_longlong.o)
    0x08000cce   0x0000014c   Code   RO         6746    .text               mc_w.l(_scanf_int.o)
    0x08000e1a   0x000000e0   Code   RO         6748    .text               mc_w.l(_scanf_str.o)
    0x08000efa   0x00000002   PAD
    0x08000efc   0x00000338   Code   RO         6750    .text               mc_w.l(scanf_fp.o)
    0x08001234   0x00000028   Code   RO         6754    .text               mc_w.l(scanf_char.o)
    0x0800125c   0x00000040   Code   RO         6756    .text               mc_w.l(_sgetc.o)
    0x0800129c   0x00000002   Code   RO         6758    .text               cpprt_w.l(arm_rethrow_noexceptions.o)
    0x0800129e   0x00000022   Code   RO         6764    .text               cpprt_w.l(aeabi_vec_dtor_noexceptions.o)
    0x080012c0   0x0000001c   Code   RO         6771    .text               mc_w.l(_chval.o)
    0x080012dc   0x0000032c   Code   RO         6773    .text               mc_w.l(_scanf.o)
    0x08001608   0x00000018   Code   RO         6777    .text               mf_w.l(dfltul.o)
    0x08001620   0x0000001c   Code   RO         6790    .text               cpprt_w.l(ARM_vec_cleanup_noexceptions.o)
    0x0800163c   0x00000014   Code   RO         6277    i.<Func5>           cpp_ws.l(locale.o)
    0x08001650   0x00000024   Code   RO          372    i.ADC_DMAConvCplt   stm32f4xx_hal_adc.o
    0x08001674   0x0000001c   Code   RO          373    i.ADC_DMAError      stm32f4xx_hal_adc.o
    0x08001690   0x0000000e   Code   RO          374    i.ADC_DMAHalfConvCplt  stm32f4xx_hal_adc.o
    0x0800169e   0x00000002   PAD
    0x080016a0   0x00000178   Code   RO          375    i.ADC_Init          stm32f4xx_hal_adc.o
    0x08001818   0x00000010   Code   RO         3255    i.DMA1_Stream3_IRQHandler  stm32f4xx_it.o
    0x08001828   0x00000010   Code   RO         3256    i.DMA1_Stream4_IRQHandler  stm32f4xx_it.o
    0x08001838   0x00000010   Code   RO         3257    i.DMA2_Stream0_IRQHandler  stm32f4xx_it.o
    0x08001848   0x00000010   Code   RO         3258    i.DMA2_Stream1_IRQHandler  stm32f4xx_it.o
    0x08001858   0x00000010   Code   RO         3259    i.DMA2_Stream3_IRQHandler  stm32f4xx_it.o
    0x08001868   0x000000a4   Code   RO         3260    i.DMA2_Stream4_IRQHandler  stm32f4xx_it.o
    0x0800190c   0x0000002c   Code   RO          247    i.DMA_SetConfig     stm32f4xx_hal_dma.o
    0x08001938   0x00000018   Code   RO         3261    i.EXTI15_10_IRQHandler  stm32f4xx_it.o
    0x08001950   0x00000194   Code   RO          377    i.HAL_ADC_ConfigChannel  stm32f4xx_hal_adc.o
    0x08001ae4   0x00000002   Code   RO          378    i.HAL_ADC_ConvCpltCallback  stm32f4xx_hal_adc.o
    0x08001ae6   0x00000002   Code   RO          379    i.HAL_ADC_ConvHalfCpltCallback  stm32f4xx_hal_adc.o
    0x08001ae8   0x00000002   Code   RO          381    i.HAL_ADC_ErrorCallback  stm32f4xx_hal_adc.o
    0x08001aea   0x00000002   PAD
    0x08001aec   0x00000050   Code   RO          386    i.HAL_ADC_Init      stm32f4xx_hal_adc.o
    0x08001b3c   0x0000010c   Code   RO         2758    i.HAL_ADC_MspInit   adc.o
    0x08001c48   0x000000d0   Code   RO          393    i.HAL_ADC_Start_DMA  stm32f4xx_hal_adc.o
    0x08001d18   0x00002638   Code   RO          252    i.HAL_DMA_IRQHandler  stm32f4xx_hal_dma.o
    0x08004350   0x0000007c   Code   RO          253    i.HAL_DMA_Init      stm32f4xx_hal_dma.o
    0x080043cc   0x0000008e   Code   RO          256    i.HAL_DMA_Start_IT  stm32f4xx_hal_dma.o
    0x0800445a   0x00000002   Code   RO         2105    i.HAL_GPIO_EXTI_Callback  stm32f4xx_hal_gpio.o
    0x0800445c   0x0000001c   Code   RO         2106    i.HAL_GPIO_EXTI_IRQHandler  stm32f4xx_hal_gpio.o
    0x08004478   0x00000208   Code   RO         2107    i.HAL_GPIO_Init     stm32f4xx_hal_gpio.o
    0x08004680   0x0000000c   Code   RO         1673    i.HAL_GetTick       stm32f4xx_hal.o
    0x0800468c   0x00000010   Code   RO         1674    i.HAL_IncTick       stm32f4xx_hal.o
    0x0800469c   0x0000003c   Code   RO         1675    i.HAL_Init          stm32f4xx_hal.o
    0x080046d8   0x00000024   Code   RO         1676    i.HAL_InitTick      stm32f4xx_hal.o
    0x080046fc   0x00000014   Code   RO         2607    i.HAL_MspInit       stm32f4xx_hal_msp.o
    0x08004710   0x0000001a   Code   RO         2172    i.HAL_NVIC_EnableIRQ  stm32f4xx_hal_cortex.o
    0x0800472a   0x0000007c   Code   RO         2178    i.HAL_NVIC_SetPriority  stm32f4xx_hal_cortex.o
    0x080047a6   0x00000002   PAD
    0x080047a8   0x00000028   Code   RO         2179    i.HAL_NVIC_SetPriorityGrouping  stm32f4xx_hal_cortex.o
    0x080047d0   0x000002b0   Code   RO         2398    i.HAL_RCC_ClockConfig  stm32f4xx_hal_rcc.o
    0x08004a80   0x00000038   Code   RO         2403    i.HAL_RCC_GetHCLKFreq  stm32f4xx_hal_rcc.o
    0x08004ab8   0x0000002c   Code   RO         2406    i.HAL_RCC_GetPCLK2Freq  stm32f4xx_hal_rcc.o
    0x08004ae4   0x000000b4   Code   RO         2407    i.HAL_RCC_GetSysClockFreq  stm32f4xx_hal_rcc.o
    0x08004b98   0x00000404   Code   RO         2410    i.HAL_RCC_OscConfig  stm32f4xx_hal_rcc.o
    0x08004f9c   0x00000002   Code   RO         1810    i.HAL_SPI_ErrorCallback  stm32f4xx_hal_spi.o
    0x08004f9e   0x000000fa   Code   RO         1813    i.HAL_SPI_IRQHandler  stm32f4xx_hal_spi.o
    0x08005098   0x00000088   Code   RO         1814    i.HAL_SPI_Init      stm32f4xx_hal_spi.o
    0x08005120   0x000001b0   Code   RO         2806    i.HAL_SPI_MspInit   spi.o
    0x080052d0   0x00000002   Code   RO         2182    i.HAL_SYSTICK_Callback  stm32f4xx_hal_cortex.o
    0x080052d2   0x00000034   Code   RO         2183    i.HAL_SYSTICK_Config  stm32f4xx_hal_cortex.o
    0x08005306   0x00000008   Code   RO         2184    i.HAL_SYSTICK_IRQHandler  stm32f4xx_hal_cortex.o
    0x0800530e   0x00000050   Code   RO          664    i.HAL_TIMEx_ConfigBreakDeadTime  stm32f4xx_hal_tim_ex.o
    0x0800535e   0x00000062   Code   RO          679    i.HAL_TIMEx_MasterConfigSynchronization  stm32f4xx_hal_tim_ex.o
    0x080053c0   0x0000002c   Code   RO          690    i.HAL_TIMEx_PWMN_Start  stm32f4xx_hal_tim_ex.o
    0x080053ec   0x00000034   Code   RO         1021    i.HAL_TIM_Base_Init  stm32f4xx_hal_tim.o
    0x08005420   0x00000080   Code   RO         2686    i.HAL_TIM_Base_MspInit  tim.o
    0x080054a0   0x0000001e   Code   RO         1024    i.HAL_TIM_Base_Start  stm32f4xx_hal_tim.o
    0x080054be   0x00000132   Code   RO         1030    i.HAL_TIM_ConfigClockSource  stm32f4xx_hal_tim.o
    0x080055f0   0x00000074   Code   RO         1064    i.HAL_TIM_OC_ConfigChannel  stm32f4xx_hal_tim.o
    0x08005664   0x00000034   Code   RO         1068    i.HAL_TIM_OC_Init   stm32f4xx_hal_tim.o
    0x08005698   0x0000002c   Code   RO         2688    i.HAL_TIM_OC_MspInit  tim.o
    0x080056c4   0x0000004c   Code   RO         1071    i.HAL_TIM_OC_Start  stm32f4xx_hal_tim.o
    0x08005710   0x00000108   Code   RO         1087    i.HAL_TIM_PWM_ConfigChannel  stm32f4xx_hal_tim.o
    0x08005818   0x00000034   Code   RO         1090    i.HAL_TIM_PWM_Init  stm32f4xx_hal_tim.o
    0x0800584c   0x00000058   Code   RO         2690    i.HAL_TIM_PWM_MspInit  tim.o
    0x080058a4   0x0000004c   Code   RO         1094    i.HAL_TIM_PWM_Start  stm32f4xx_hal_tim.o
    0x080058f0   0x0000009c   Code   RO         2759    i.MX_ADC1_Init      adc.o
    0x0800598c   0x0000004c   Code   RO         2760    i.MX_ADC3_Init      adc.o
    0x080059d8   0x000000a0   Code   RO         2631    i.MX_DMA_Init       dma.o
    0x08005a78   0x000000dc   Code   RO         2658    i.MX_GPIO_Init      gpio.o
    0x08005b54   0x00000038   Code   RO         2807    i.MX_SPI1_Init      spi.o
    0x08005b8c   0x00000038   Code   RO         2808    i.MX_SPI2_Init      spi.o
    0x08005bc4   0x0000009c   Code   RO         2691    i.MX_TIM1_Init      tim.o
    0x08005c60   0x00000068   Code   RO         2692    i.MX_TIM2_Init      tim.o
    0x08005cc8   0x00000064   Code   RO         3722    i.MainLoop          main_loop.o
    0x08005d2c   0x00000010   Code   RO         2185    i.NVIC_GetPriorityGrouping  stm32f4xx_hal_cortex.o
    0x08005d3c   0x00000028   Code   RO         2186    i.NVIC_SetPriority  stm32f4xx_hal_cortex.o
    0x08005d64   0x00000010   Code   RO         3262    i.SPI1_IRQHandler   stm32f4xx_it.o
    0x08005d74   0x00000010   Code   RO         3263    i.SPI2_IRQHandler   stm32f4xx_it.o
    0x08005d84   0x0000000c   Code   RO         3264    i.SysTick_Handler   stm32f4xx_it.o
    0x08005d90   0x00000064   Code   RO         2503    i.SystemInit        system_stm32f4xx.o
    0x08005df4   0x000000e4   Code   RO         1105    i.TIM_Base_SetConfig  stm32f4xx_hal_tim.o
    0x08005ed8   0x0000001c   Code   RO         1106    i.TIM_CCxChannelCmd  stm32f4xx_hal_tim.o
    0x08005ef4   0x0000001c   Code   RO          698    i.TIM_CCxNChannelCmd  stm32f4xx_hal_tim_ex.o
    0x08005f10   0x00000018   Code   RO         1112    i.TIM_ETR_SetConfig  stm32f4xx_hal_tim.o
    0x08005f28   0x00000014   Code   RO         1113    i.TIM_ITRx_SetConfig  stm32f4xx_hal_tim.o
    0x08005f3c   0x00000070   Code   RO         1114    i.TIM_OC1_SetConfig  stm32f4xx_hal_tim.o
    0x08005fac   0x00000078   Code   RO         1115    i.TIM_OC2_SetConfig  stm32f4xx_hal_tim.o
    0x08006024   0x00000078   Code   RO         1116    i.TIM_OC3_SetConfig  stm32f4xx_hal_tim.o
    0x0800609c   0x00000060   Code   RO         1117    i.TIM_OC4_SetConfig  stm32f4xx_hal_tim.o
    0x080060fc   0x0000002a   Code   RO         1119    i.TIM_TI1_ConfigInputStage  stm32f4xx_hal_tim.o
    0x08006126   0x0000002c   Code   RO         1121    i.TIM_TI2_ConfigInputStage  stm32f4xx_hal_tim.o
    0x08006152   0x00000002   PAD
    0x08006154   0x0000008c   Code   RO         2853    i._Z18SystemClock_Configv  main.o
    0x080061e0   0x00000020   Code   RO         6576    i._Z7catgetsPN4__rw8__rw_catEiiPKc  cpp_ws.l(rwcats.o)
    0x08006200   0x00000022   Code   RO         6577    i._Z7catopenPKci    cpp_ws.l(rwcats.o)
    0x08006222   0x00000058   Code   RO         5722    i._ZN37_INTERNAL_15_rwstdexcept_cpp_8697b68a4__rw13__rw_vfmatstrEPcjPKcSt9__va_list  cpp_ws.l(rwstdexcept.o)
    0x0800627a   0x00000002   PAD
    0x0800627c   0x0000014c   Code   RO         5723    i._ZN37_INTERNAL_15_rwstdexcept_cpp_8697b68a4__rw13__rw_vfmatstrEPcjiSt9__va_list  cpp_ws.l(rwstdexcept.o)
    0x080063c8   0x00000016   Code   RO         4857    i._ZN3src10MeanFilter7putTsTfEff  filters.o
    0x080063de   0x00000002   PAD
    0x080063e0   0x0000000c   Code   RO         4816    i._ZN3src10MeanFilterC1Ev  analogsensors.o
    0x080063ec   0x00000012   Code   RO         3863    i._ZN3src10MenuEngine21findAvailableElementsEPc  engine.o
    0x080063fe   0x000000c4   Code   RO         3864    i._ZN3src10MenuEngine21findAvailableElementsERSt6vectorIPNS_9IMenuItemESaIS3_EEPc  engine.o
    0x080064c2   0x00000010   Code   RO         3866    i._ZN3src10MenuEngine7putItemEPNS_9IMenuItemE  engine.o
    0x080064d2   0x0000001a   Code   RO         3523    i._ZN3src10MenuEngineD1Ev  objectsdefinitions.o
    0x080064ec   0x00000070   Code   RO         2886    i._ZN3src12ParameterFlt8setValueEj  main.o
    0x0800655c   0x00000060   Code   RO         4129    i._ZN3src12ParameterFltC1EtPcS1_ttttttts  parameters.o
    0x080065bc   0x000000c8   Code   RO         4922    i._ZN3src13Pwm2phaseNONZ16computeDeathTimeEf  pwm_user.o
    0x08006684   0x000000d8   Code   RO         4923    i._ZN3src13Pwm2phaseNONZ4initEv  pwm_user.o
    0x0800675c   0x00000038   Code   RO         4778    i._ZN3src15AnalogRmsSensorC1Eff  analogsensors.o
    0x08006794   0x0000004c   Code   RO         4135    i._ZN3src20ContainerOfVariables10putContentEPNS_9IVariableE  parameters.o
    0x080067e0   0x00000032   Code   RO         4137    i._ZN3src20ContainerOfVariablesC1Ev  parameters.o
    0x08006812   0x00000042   Code   RO         3526    i._ZN3src20ContainerOfVariablesD1Ev  objectsdefinitions.o
    0x08006854   0x00000006   Code   RO         3343    i._ZN3src3Adc8getBuferEv  stm32f4xx_it.o
    0x0800685a   0x00000014   Code   RO         3823    i._ZN3src3AdcC1Et   adc_1.o
    0x0800686e   0x00000002   PAD
    0x08006870   0x0000000c   Code   RO         4389    i._ZN3src9IMenuItemC2Ev  parameters.o
    0x0800687c   0x0000000c   Code   RO         4392    i._ZN3src9IVariableC2Ev  parameters.o
    0x08006888   0x00000002   Code   RO         4138    i._ZN3src9Parameter10putToMbMapEPNS_11IMbItem1RegE  parameters.o
    0x0800688a   0x00000002   PAD
    0x0800688c   0x00000014   Code   RO         4139    i._ZN3src9Parameter11putToVarMapEPNS_9IVariableE  parameters.o
    0x080068a0   0x00000006   Code   RO         4395    i._ZN3src9Parameter7getMenuEv  parameters.o
    0x080068a6   0x00000002   PAD
    0x080068a8   0x00000014   Code   RO         4140    i._ZN3src9Parameter9putToMenuEPNS_9IMenuItemE  parameters.o
    0x080068bc   0x00000094   Code   RO         4141    i._ZN3src9ParameterC1EtPcS1_htttttt  parameters.o
    0x08006950   0x0000009a   Code   RO         5035    i._ZN3src9RcDecoder9putSampleEv  rc_decoder.o
    0x080069ea   0x00000064   Code   RO         3337    i._ZN3src9RmsFilter9putSampleEt  stm32f4xx_it.o
    0x08006a4e   0x00000002   PAD
    0x08006a50   0x00000018   Code   RO         4819    i._ZN3src9RmsFilterC1Ev  analogsensors.o
    0x08006a68   0x0000005c   Code   RO         5725    i._ZN4__rw10__rw_throwEiz  cpp_ws.l(rwstdexcept.o)
    0x08006ac4   0x00000020   Code   RO         5144    i._ZN4__rw13__rw_allocateEji  cpp_ws.l(rwalloc.o)
    0x08006ae4   0x00000004   Code   RO         5145    i._ZN4__rw15__rw_deallocateEPvji  cpp_ws.l(rwalloc.o)
    0x08006ae8   0x00000002   Code   RO         6224    i._ZN4__rw15__rw_facet_base12_C_initfacetERKSt6locale  cpp_ws.l(char.o)
    0x08006aea   0x00000002   PAD
    0x08006aec   0x000000ec   Code   RO         6380    i._ZN4__rw15__rw_locale_impC1EPKcjj  cpp_ws.l(locale.o)
    0x08006bd8   0x0000001a   Code   RO         6418    i._ZN4__rw15__rw_locale_impD1Ev  cpp_ws.l(locale.o)
    0x08006bf2   0x0000003a   Code   RO         6278    i._ZN4__rw21__rw_use_c_lib_localeC1EPKci  cpp_ws.l(locale.o)
    0x08006c2c   0x00000018   Code   RO         6194    i._ZN4__rw21__rw_use_c_lib_localeD1Ev  cpp_ws.l(char.o)
    0x08006c44   0x00000098   Code   RO         6600    i._ZN4__rw25__rw_throw_exception_noexEiPc  cpp_ws.l(rwthrowproc_impl_noex.o)
    0x08006cdc   0x00000030   Code   RO         6580    i._ZN4__rw9__catfindEPNS_8__rw_catE  cpp_ws.l(rwcats.o)
    0x08006d0c   0x00000004   Code   RO         5845    i._ZNKSt14__rw_exception4whatEv  cpp_ws.l(rwstdexcept.o)
    0x08006d10   0x00000072   Code   RO         6455    i._ZNKSt18__rw_messages_base11_C_cat_openERKSsRKSt6locale  cpp_ws.l(messages.o)
    0x08006d82   0x00000020   Code   RO         6458    i._ZNKSt18__rw_messages_base13_C_get_localeEi  cpp_ws.l(messages.o)
    0x08006da2   0x00000034   Code   RO         6459    i._ZNKSt18__rw_messages_base14_C_get_messageEiii  cpp_ws.l(messages.o)
    0x08006dd6   0x0000000e   Code   RO         6164    i._ZNKSt5ctypeIcE2isENSt10ctype_base4maskEc  cpp_ws.l(char.o)
    0x08006de4   0x00000108   Code   RO         6283    i._ZNKSt6locale13_C_make_facetERKNS_2idEbiPFPN4__rw15__rw_facet_baseEiPKcjE  cpp_ws.l(locale.o)
    0x08006eec   0x00000074   Code   RO         6285    i._ZNKSt6locale16_C_install_facetEPN4__rw15__rw_facet_baseERKNS_2idE  cpp_ws.l(locale.o)
    0x08006f60   0x00000030   Code   RO         6286    i._ZNKSt6locale4nameEv  cpp_ws.l(locale.o)
    0x08006f90   0x0000000c   Code   RO         6139    i._ZNSt11char_traitsIcE4copyEPcPKcj  cpp_ws.l(char.o)
    0x08006f9c   0x000000cc   Code   RO         6025    i._ZNSt12ctype_bynameIcE17_C_get_mask_tableEPKc  cpp_ws.l(char.o)
    0x08007068   0x00000120   Code   RO         6027    i._ZNSt12ctype_bynameIcEC1EPKcj  cpp_ws.l(char.o)
    0x08007188   0x0000000e   Code   RO         6271    i._ZNSt12ctype_bynameIcED0Ev  cpp_ws.l(char.o)
    0x08007196   0x00000008   Code   RO         6268    i._ZNSt12ctype_bynameIcED1Ev  cpp_ws.l(char.o)
    0x0800719e   0x00000002   PAD
    0x080071a0   0x00000084   Code   RO         5728    i._ZNSt14__rw_exception10_C_vformatEiSt9__va_list  cpp_ws.l(rwstdexcept.o)
    0x08007224   0x00000014   Code   RO         5795    i._ZNSt14__rw_exceptionC1Ev  cpp_ws.l(rwstdexcept.o)
    0x08007238   0x0000001c   Code   RO         5839    i._ZNSt14__rw_exceptionD1Ev  cpp_ws.l(rwstdexcept.o)
    0x08007254   0x00000008   Code   RO         5792    i._ZNSt18__rw_messages_baseD1Ev  cpp_ws.l(rwstdexcept.o)
    0x0800725c   0x0000001a   Code   RO         6495    i._ZNSt18__rw_open_cat_dataC1Ev  cpp_ws.l(messages.o)
    0x08007276   0x0000000c   Code   RO         6492    i._ZNSt18__rw_open_cat_dataD1Ev  cpp_ws.l(messages.o)
    0x08007282   0x00000012   Code   RO         6498    i._ZNSt18__rw_open_cat_dataaSERKS_  cpp_ws.l(messages.o)
    0x08007294   0x000000fa   Code   RO         6029    i._ZNSt5ctypeIcE12_C_initfacetERKSt6locale  cpp_ws.l(char.o)
    0x0800738e   0x00000002   PAD
    0x08007390   0x00000118   Code   RO         6031    i._ZNSt5ctypeIcEC1EPKNSt10ctype_base4maskEbj  cpp_ws.l(char.o)
    0x080074a8   0x0000000e   Code   RO         6167    i._ZNSt5ctypeIcED0Ev  cpp_ws.l(char.o)
    0x080074b6   0x00000002   PAD
    0x080074b8   0x0000002c   Code   RO         6096    i._ZNSt5ctypeIcED1Ev  cpp_ws.l(char.o)
    0x080074e4   0x0000000e   Code   RO         5836    i._ZNSt6locale5facetD0Ev  cpp_ws.l(rwstdexcept.o)
    0x080074f2   0x00000002   PAD
    0x080074f4   0x00000084   Code   RO         6289    i._ZNSt6locale7_C_initEv  cpp_ws.l(locale.o)
    0x08007578   0x00000044   Code   RO         6291    i._ZNSt6locale7classicEv  cpp_ws.l(locale.o)
    0x080075bc   0x00000020   Code   RO         6421    i._ZNSt6localeC1EPN4__rw15__rw_locale_impE  cpp_ws.l(locale.o)
    0x080075dc   0x0000000c   Code   RO         6501    i._ZNSt6localeC1ERKS_  cpp_ws.l(messages.o)
    0x080075e8   0x00000020   Code   RO         5788    i._ZNSt6localeC1Ev  cpp_ws.l(rwstdexcept.o)
    0x08007608   0x00000020   Code   RO         6396    i._ZNSt6localeD1Ev  cpp_ws.l(locale.o)
    0x08007628   0x00000032   Code   RO         6299    i._ZNSt6localeaSERKS_  cpp_ws.l(locale.o)
    0x0800765a   0x0000000e   Code   RO         5810    i._ZNSt8messagesIcED0Ev  cpp_ws.l(rwstdexcept.o)
    0x08007668   0x00000010   Code   RO         5779    i._ZNSt8messagesIcED1Ev  cpp_ws.l(rwstdexcept.o)
    0x08007678   0x0000000c   Code   RO         6516    i._ZNSt9exceptionC1Ev  cpprt_w.l(exception_ctor.o)
    0x08007684   0x0000003c   Code   RO         6476    i._ZSt13__rw_get_catsv  cpp_ws.l(messages.o)
    0x080076c0   0x00000008   Code   RO         4425    i._ZThn8_N3src9Parameter8getVarIdEv  parameters.o
    0x080076c8   0x00000008   Code   RO         6507    i._ZdaPv            cpprt_w.l(array_del.o)
    0x080076d0   0x00000008   Code   RO         5848    i._ZdlPv            cpprt_w.l(delete.o)
    0x080076d8   0x00000008   Code   RO         5298    i._Znaj             cpprt_w.l(array_new.o)
    0x080076e0   0x00000028   Code   RO         5851    i._Znwj             cpprt_w.l(new.o)
    0x08007708   0x0000001c   Code   RO         5680    i.__0fprintf        mc_w.l(printfa.o)
    0x08007724   0x00000020   Code   RO         5493    i.__0printf$1       mc_w.l(printf1.o)
    0x08007744   0x00000024   Code   RO         5686    i.__0vsnprintf      mc_w.l(printfa.o)
    0x08007768   0x00000092   Code   RO         6779    i.__ARM_array_new_general  cpprt_w.l(array_new_general.o)
    0x080077fa   0x00000030   Code   RO         5916    i.__ARM_fpclassify  m_wm.l(fpclassify.o)
    0x0800782a   0x00000032   Code   RO         5408    i.__aeabi_atexit    cpprt_w.l(aeabi_atexit.o)
    0x0800785c   0x00000010   Code   RO         6683    i.__aeabi_vec_dtor_cookie  cpprt_w.l(aeabi_vec_dtor_cookie.o)
    0x0800786c   0x00000014   Code   RO         6680    i.__aeabi_vec_new_cookie  cpprt_w.l(aeabi_vec_new_cookie.o)
    0x08007880   0x00000042   Code   RO         5874    i.__cxa_finalize    cpprt_w.l(cxa_finalize.o)
    0x080078c2   0x00000010   Code   RO         6668    i.__cxa_guard_acquire  cpprt_w.l(cxa_guard_acquire.o)
    0x080078d2   0x00000006   Code   RO         5302    i.__cxa_pure_virtual  cpprt_w.l(pure_virt.o)
    0x080078d8   0x00000018   Code   RO         6761    i.__cxa_vec_new     cpprt_w.l(cxa_vec_new.o)
    0x080078f0   0x00000c38   Code   RO         5411    i.__hardfp_pow      m_wm.l(pow.o)
    0x08008528   0x0000003a   Code   RO         5425    i.__hardfp_sqrtf    m_wm.l(sqrtf.o)
    0x08008562   0x000000f8   Code   RO         5918    i.__kernel_poly     m_wm.l(poly.o)
    0x0800865a   0x00000006   PAD
    0x08008660   0x00000030   Code   RO         5896    i.__mathlib_dbl_divzero  m_wm.l(dunder.o)
    0x08008690   0x00000014   Code   RO         5898    i.__mathlib_dbl_infnan2  m_wm.l(dunder.o)
    0x080086a4   0x00000004   PAD
    0x080086a8   0x00000020   Code   RO         5899    i.__mathlib_dbl_invalid  m_wm.l(dunder.o)
    0x080086c8   0x00000020   Code   RO         5900    i.__mathlib_dbl_overflow  m_wm.l(dunder.o)
    0x080086e8   0x00000020   Code   RO         5902    i.__mathlib_dbl_underflow  m_wm.l(dunder.o)
    0x08008708   0x0000000e   Code   RO         6796    i.__scatterload_copy  mc_w.l(handlers.o)
    0x08008716   0x00000002   Code   RO         6797    i.__scatterload_null  mc_w.l(handlers.o)
    0x08008718   0x0000000e   Code   RO         6798    i.__scatterload_zeroinit  mc_w.l(handlers.o)
    0x08008726   0x00000002   PAD
    0x08008728   0x0000000c   Code   RO         5989    i.__set_errno       mc_w.l(errno.o)
    0x08008734   0x00000010   Code   RO         6300    i.__sti___10_locale_cpp_ff99fc7b  cpp_ws.l(locale.o)
    0x08008744   0x00000038   Code   RO         6581    i.__sti___10_rwcats_cpp_64e8068e  cpp_ws.l(rwcats.o)
    0x0800877c   0x00000214   Code   RO         3386    i.__sti___22_ObjectsDefinitions_cpp_1ea5f1af  objectsdefinitions.o
    0x08008990   0x00000010   Code   RO         6033    i.__sti___8_char_cpp_a3dc957a  cpp_ws.l(char.o)
    0x080089a0   0x00000164   Code   RO         5688    i._fp_digits        mc_w.l(printfa.o)
    0x08008b04   0x0000000e   Code   RO         6752    i._is_digit         mc_w.l(scanf_fp.o)
    0x08008b12   0x00000002   PAD
    0x08008b14   0x00000154   Code   RO         5500    i._printf_core      mc_w.l(printf1.o)
    0x08008c68   0x000006dc   Code   RO         5689    i._printf_core      mc_w.l(printfa.o)
    0x08009344   0x00000024   Code   RO         5690    i._printf_post_padding  mc_w.l(printfa.o)
    0x08009368   0x0000002e   Code   RO         5691    i._printf_pre_padding  mc_w.l(printfa.o)
    0x08009396   0x00000016   Code   RO         5692    i._snputc           mc_w.l(printfa.o)
    0x080093ac   0x00000018   Code   RO         5912    i.fabs              m_wm.l(fabs.o)
    0x080093c4   0x00000038   Code   RO         2542    i.fputc             retarget.o
    0x080093fc   0x00000050   Code   RO         5959    i.free              mc_w.l(malloc.o)
    0x0800944c   0x000001d4   Code   RO         2854    i.main              main.o
    0x08009620   0x0000006c   Code   RO         5960    i.malloc            mc_w.l(malloc.o)
    0x0800968c   0x0000006e   Code   RO         5923    i.sqrt              m_wm.l(sqrt.o)
    0x080096fa   0x00000002   PAD
    0x080096fc   0x00000014   Code   RO         6148    t._ZN4__rw12__string_refIcSt11char_traitsIcESaIcEE10_C_inc_refEv  cpp_ws.l(char.o)
    0x08009710   0x00000006   Code   RO         3493    t._ZN4__rw14__rw_tree_iterISt4pairIKtPN3src9IVariableEEiPS6_RS6_NS_17__rw_rb_tree_nodeISaIS6_ES6_tNS_11__select1stIS6_tEEEEEC1ERKSE_  objectsdefinitions.o
    0x08009716   0x00000084   Code   RO         4238    t._ZN4__rw14__rw_tree_iterISt4pairIKtPN3src9IVariableEEiPS6_RS6_NS_17__rw_rb_tree_nodeISaIS6_ES6_tNS_11__select1stIS6_tEEEEEmmEv  parameters.o
    0x0800979a   0x00000068   Code   RO         3421    t._ZN4__rw14__rw_tree_iterISt4pairIKtPN3src9IVariableEEiPS6_RS6_NS_17__rw_rb_tree_nodeISaIS6_ES6_tNS_11__select1stIS6_tEEEEEppEv  objectsdefinitions.o
    0x08009802   0x00000046   Code   RO         5801    t._ZN4__rw16__rw_facet_makerISt5ctypeIcEE13_C_maker_funcEiPKcj  cpp_ws.l(rwstdexcept.o)
    0x08009848   0x0000001e   Code   RO         4220    t._ZN4__rw17__rw_new_capacityINS_9__rb_treeItSt4pairIKtPN3src9IVariableEENS_11__select1stIS7_tEESt4lessItESaIS7_EEEEEjjPKT_  parameters.o
    0x08009866   0x0000000a   Code   RO         4383    t._ZN4__rw17__rw_rb_tree_nodeISaISt4pairIKtPN3src9IVariableEEES6_tNS_11__select1stIS6_tEEE6_C_keyEv  parameters.o
    0x08009870   0x00000008   Code   RO         3463    t._ZN4__rw17__rw_rb_tree_nodeISaISt4pairIKtPN3src9IVariableEEES6_tNS_11__select1stIS6_tEEE7_C_leftEv  objectsdefinitions.o
    0x08009878   0x00000008   Code   RO         3481    t._ZN4__rw17__rw_rb_tree_nodeISaISt4pairIKtPN3src9IVariableEEES6_tNS_11__select1stIS6_tEEE8_C_rightEv  objectsdefinitions.o
    0x08009880   0x00000006   Code   RO         3487    t._ZN4__rw17__rw_rb_tree_nodeISaISt4pairIKtPN3src9IVariableEEES6_tNS_11__select1stIS6_tEEE9_C_parentEv  objectsdefinitions.o
    0x08009886   0x00000056   Code   RO         6399    t._ZN4__rw18__rw_locale_vectorIPNS_15__rw_facet_baseEE6resizeEjRKS2_  cpp_ws.l(locale.o)
    0x080098dc   0x0000000e   Code   RO         6411    t._ZN4__rw18__rw_locale_vectorIPNS_15__rw_facet_baseEED1Ev  cpp_ws.l(locale.o)
    0x080098ea   0x0000000e   Code   RO         6597    t._ZN4__rw18__rw_locale_vectorIPNS_8__rw_catEED1Ev  cpp_ws.l(rwcats.o)
    0x080098f8   0x00000014   Code   RO         6414    t._ZN4__rw18__rw_locale_vectorISsED1Ev  cpp_ws.l(locale.o)
    0x0800990c   0x00000088   Code   RO         6482    t._ZN4__rw18__rw_locale_vectorISt18__rw_open_cat_dataE6resizeEj  cpp_ws.l(messages.o)
    0x08009994   0x00000014   Code   RO         6488    t._ZN4__rw18__rw_locale_vectorISt18__rw_open_cat_dataED1Ev  cpp_ws.l(messages.o)
    0x080099a8   0x00000044   Code   RO         4226    t._ZN4__rw9__rb_treeItSt4pairIKtPN3src9IVariableEENS_11__select1stIS6_tEESt4lessItESaIS6_EE11_C_get_linkEv  parameters.o
    0x080099ec   0x00000020   Code   RO         3415    t._ZN4__rw9__rb_treeItSt4pairIKtPN3src9IVariableEENS_11__select1stIS6_tEESt4lessItESaIS6_EE11_C_put_nodeEPNS_17__rw_rb_tree_nodeISB_S6_tS8_EEb  objectsdefinitions.o
    0x08009a0c   0x0000000a   Code   RO         3529    t._ZN4__rw9__rb_treeItSt4pairIKtPN3src9IVariableEENS_11__select1stIS6_tEESt4lessItESaIS6_EE12_C_make_iterEPNS_17__rw_rb_tree_nodeISB_S6_tS8_EE  objectsdefinitions.o
    0x08009a16   0x0000007c   Code   RO         3511    t._ZN4__rw9__rb_treeItSt4pairIKtPN3src9IVariableEENS_11__select1stIS6_tEESt4lessItESaIS6_EE13_C_erase_leafEPNS_17__rw_rb_tree_nodeISB_S6_tS8_EE  objectsdefinitions.o
    0x08009a92   0x000000aa   Code   RO         3433    t._ZN4__rw9__rb_treeItSt4pairIKtPN3src9IVariableEENS_11__select1stIS6_tEESt4lessItESaIS6_EE13__rotate_leftEPNS_17__rw_rb_tree_nodeISB_S6_tS8_EE  objectsdefinitions.o
    0x08009b3c   0x000000aa   Code   RO         3427    t._ZN4__rw9__rb_treeItSt4pairIKtPN3src9IVariableEENS_11__select1stIS6_tEESt4lessItESaIS6_EE14__rotate_rightEPNS_17__rw_rb_tree_nodeISB_S6_tS8_EE  objectsdefinitions.o
    0x08009be6   0x0000006c   Code   RO         4359    t._ZN4__rw9__rb_treeItSt4pairIKtPN3src9IVariableEENS_11__select1stIS6_tEESt4lessItESaIS6_EE17_C_add_new_bufferEv  parameters.o
    0x08009c52   0x00000046   Code   RO         3409    t._ZN4__rw9__rb_treeItSt4pairIKtPN3src9IVariableEENS_11__select1stIS6_tEESt4lessItESaIS6_EE21_C_deallocate_buffersEv  objectsdefinitions.o
    0x08009c98   0x00000012   Code   RO         3457    t._ZN4__rw9__rb_treeItSt4pairIKtPN3src9IVariableEENS_11__select1stIS6_tEESt4lessItESaIS6_EE3endEv  objectsdefinitions.o
    0x08009caa   0x0000001a   Code   RO         3475    t._ZN4__rw9__rb_treeItSt4pairIKtPN3src9IVariableEENS_11__select1stIS6_tEESt4lessItESaIS6_EE5beginEv  objectsdefinitions.o
    0x08009cc4   0x00000612   Code   RO         3439    t._ZN4__rw9__rb_treeItSt4pairIKtPN3src9IVariableEENS_11__select1stIS6_tEESt4lessItESaIS6_EE5eraseENS_14__rw_tree_iterIS6_iPS6_RS6_NS_17__rw_rb_tree_nodeISB_S6_tS8_EEEE  objectsdefinitions.o
    0x0800a2d6   0x000000c8   Code   RO         3451    t._ZN4__rw9__rb_treeItSt4pairIKtPN3src9IVariableEENS_11__select1stIS6_tEESt4lessItESaIS6_EE5eraseENS_14__rw_tree_iterIS6_iPS6_RS6_NS_17__rw_rb_tree_nodeISB_S6_tS8_EEEESI_  objectsdefinitions.o
    0x0800a39e   0x0000012c   Code   RO         4244    t._ZN4__rw9__rb_treeItSt4pairIKtPN3src9IVariableEENS_11__select1stIS6_tEESt4lessItESaIS6_EE6insertERKS6_  parameters.o
    0x0800a4ca   0x00000038   Code   RO         3445    t._ZN4__rw9__rb_treeItSt4pairIKtPN3src9IVariableEENS_11__select1stIS6_tEESt4lessItESaIS6_EE8_C_eraseEPNS_17__rw_rb_tree_nodeISB_S6_tS8_EE  objectsdefinitions.o
    0x0800a502   0x000002f8   Code   RO         4232    t._ZN4__rw9__rb_treeItSt4pairIKtPN3src9IVariableEENS_11__select1stIS6_tEESt4lessItESaIS6_EE9_C_insertEPNS_17__rw_rb_tree_nodeISB_S6_tS8_EESF_RKS6_  parameters.o
    0x0800a7fa   0x0000005c   Code   RO         4365    t._ZN4__rw9__rb_treeItSt4pairIKtPN3src9IVariableEENS_11__select1stIS6_tEESt4lessItESaIS6_EEC1ERKSA_bRKSB_  parameters.o
    0x0800a856   0x00000012   Code   RO         3517    t._ZN4__rweqISt4pairIKtPN3src9IVariableEEiPS6_RS6_S7_S8_NS_17__rw_rb_tree_nodeISaIS6_ES6_tNS_11__select1stIS6_tEEEEEEbRKNS_14__rw_tree_iterIT_T0_T1_T2_T5_EERKNSE_ISF_SG_T3_T4_SJ_EE  objectsdefinitions.o
    0x0800a868   0x0000000c   Code   RO         4371    t._ZNK4__rw14__rw_tree_iterISt4pairIKtPN3src9IVariableEEiPS6_RS6_NS_17__rw_rb_tree_nodeISaIS6_ES6_tNS_11__select1stIS6_tEEEEEdeEv  parameters.o
    0x0800a874   0x0000000c   Code   RO         3469    t._ZNK4__rw9__rb_treeItSt4pairIKtPN3src9IVariableEENS_11__select1stIS6_tEESt4lessItESaIS6_EE11_C_leftmostEv  objectsdefinitions.o
    0x0800a880   0x0000000c   Code   RO         3505    t._ZNK4__rw9__rb_treeItSt4pairIKtPN3src9IVariableEENS_11__select1stIS6_tEESt4lessItESaIS6_EE12_C_rightmostEv  objectsdefinitions.o
    0x0800a88c   0x0000000c   Code   RO         3499    t._ZNK4__rw9__rb_treeItSt4pairIKtPN3src9IVariableEENS_11__select1stIS6_tEESt4lessItESaIS6_EE7_C_rootEv  objectsdefinitions.o
    0x0800a898   0x00000014   Code   RO         4353    t._ZNKSt4lessItEclERKtS2_  parameters.o
    0x0800a8ac   0x00000008   Code   RO         3999    t._ZNKSt6vectorIPN3src9IMenuItemESaIS2_EE3endEv  engine.o
    0x0800a8b4   0x00000018   Code   RO         3975    t._ZNKSt6vectorIPN3src9IMenuItemESaIS2_EE4sizeEv  engine.o
    0x0800a8cc   0x00000008   Code   RO         3993    t._ZNKSt6vectorIPN3src9IMenuItemESaIS2_EE5beginEv  engine.o
    0x0800a8d4   0x0000000c   Code   RO         3957    t._ZNKSt6vectorIPN3src9IMenuItemESaIS2_EE8capacityEv  engine.o
    0x0800a8e0   0x00000090   Code   RO         5773    t._ZNKSt8messagesIcE6do_getEiiiRKSs  cpp_ws.l(rwstdexcept.o)
    0x0800a970   0x00000006   Code   RO         5798    t._ZNKSt8messagesIcE7do_openERKSsRKSt6locale  cpp_ws.l(rwstdexcept.o)
    0x0800a976   0x00000014   Code   RO         3951    t._ZNSaIPN3src9IMenuItemEE10deallocateEPS1_j  engine.o
    0x0800a98a   0x00000016   Code   RO         3921    t._ZNSaIPN3src9IMenuItemEE9constructEPS1_RKS1_  engine.o
    0x0800a9a0   0x00000032   Code   RO         6368    t._ZNSs11_C_allocateEjjj  cpp_ws.l(locale.o)
    0x0800a9d2   0x00000018   Code   RO         6408    t._ZNSs7replaceEjjPKcj  cpp_ws.l(locale.o)
    0x0800a9ea   0x00000002   PAD
    0x0800a9ec   0x00000168   Code   RO         6086    t._ZNSs7replaceEjjPKcjjj  cpp_ws.l(char.o)
    0x0800ab54   0x00000074   Code   RO         6074    t._ZNSs9_C_getRepEjj  cpp_ws.l(char.o)
    0x0800abc8   0x00000048   Code   RO         6083    t._ZNSs9_C_unlinkEv  cpp_ws.l(char.o)
    0x0800ac10   0x00000038   Code   RO         6371    t._ZNSsC1EPKcRKSaIcE  cpp_ws.l(locale.o)
    0x0800ac48   0x00000010   Code   RO         6405    t._ZNSsC1ERKSaIcE   cpp_ws.l(locale.o)
    0x0800ac58   0x0000003e   Code   RO         6077    t._ZNSsC1ERKSs      cpp_ws.l(char.o)
    0x0800ac96   0x0000000c   Code   RO         6157    t._ZNSsD1Ev         cpp_ws.l(char.o)
    0x0800aca2   0x00000002   PAD
    0x0800aca4   0x0000004c   Code   RO         6377    t._ZNSsaSEPKc       cpp_ws.l(locale.o)
    0x0800acf0   0x0000003e   Code   RO         6374    t._ZNSsaSERKSs      cpp_ws.l(locale.o)
    0x0800ad2e   0x0000001a   Code   RO         4377    t._ZNSt4pairIN4__rw14__rw_tree_iterIS_IKtPN3src9IVariableEEiPS6_RS6_NS0_17__rw_rb_tree_nodeISaIS6_ES6_tNS0_11__select1stIS6_tEEEEEEbEC1ERKSE_RKb  parameters.o
    0x0800ad48   0x00000012   Code   RO         3927    t._ZNSt6vectorIPN3src9IMenuItemESaIS2_EE10_C_destroyEPS2_S5_  engine.o
    0x0800ad5a   0x0000012a   Code   RO         3939    t._ZNSt6vectorIPN3src9IMenuItemESaIS2_EE13_C_insert_auxEPS2_RKS2_  engine.o
    0x0800ae84   0x00000008   Code   RO         3963    t._ZNSt6vectorIPN3src9IMenuItemESaIS2_EE3endEv  engine.o
    0x0800ae8c   0x00000008   Code   RO         3969    t._ZNSt6vectorIPN3src9IMenuItemESaIS2_EE5beginEv  engine.o
    0x0800ae94   0x0000006a   Code   RO         3987    t._ZNSt6vectorIPN3src9IMenuItemESaIS2_EE5eraseEPS2_S5_  engine.o
    0x0800aefe   0x00000038   Code   RO         3945    t._ZNSt6vectorIPN3src9IMenuItemESaIS2_EE9push_backERKS2_  engine.o
    0x0800af36   0x00000010   Code   RO         3397    t._ZNSt6vectorIPN3src9IMenuItemESaIS2_EEC1ERKS3_  objectsdefinitions.o
    0x0800af46   0x00000040   Code   RO         3403    t._ZNSt6vectorIPN3src9IMenuItemESaIS2_EED1Ev  objectsdefinitions.o
    0x0800af86   0x00000012   Code   RO         3981    t._ZNSt6vectorIPN3src9IMenuItemESaIS2_EEixEj  engine.o
    0x0800af98   0x0000002c   Code   RO         3933    t._ZSt18uninitialized_copyIPPN3src9IMenuItemES3_SaIS2_EET0_T_S6_S5_RT1_  engine.o
    0x0800afc4   0x0000000c   Code   RO         6151    t._ZSt3maxIjERKT_S2_S2_  cpp_ws.l(char.o)
    0x0800afd0   0x00000010   Data   RO         2411    .constdata          stm32f4xx_hal_rcc.o
    0x0800afe0   0x00000088   Data   RO         5414    .constdata          m_wm.l(pow.o)
    0x0800b068   0x0000005c   Data   RO         5748    .constdata          cpp_ws.l(rwstdexcept.o)
    0x0800b0c4   0x00000004   PAD
    0x0800b0c8   0x00000008   Data   RO         5920    .constdata          m_wm.l(qnan.o)
    0x0800b0d0   0x00000200   Data   RO         6053    .constdata          cpp_ws.l(char.o)
    0x0800b2d0   0x00000081   Data   RO         6693    .constdata          mc_w.l(ctype_o.o)
    0x0800b351   0x00000003   PAD
    0x0800b354   0x00000004   Data   RO         6694    .constdata          mc_w.l(ctype_o.o)
    0x0800b358   0x0000000c   Data   RO         4823    .constdata__ZTVN3src10MeanFilterE  analogsensors.o
    0x0800b364   0x0000001c   Data   RO         4531    .constdata__ZTVN3src11IMbItem1RegE  parameters.o
    0x0800b380   0x000000a8   Data   RO         4536    .constdata__ZTVN3src12ParameterFltE  parameters.o
    0x0800b428   0x00000014   Data   RO         4953    .constdata__ZTVN3src13Pwm2phaseNONZE  pwm_user.o
    0x0800b43c   0x0000000c   Data   RO         4827    .constdata__ZTVN3src15AnalogRmsSensorE  analogsensors.o
    0x0800b448   0x00000014   Data   RO         3536    .constdata__ZTVN3src3PwmE  objectsdefinitions.o
    0x0800b45c   0x0000000c   Data   RO         4527    .constdata__ZTVN3src9IMenuItemE  parameters.o
    0x0800b468   0x00000038   Data   RO         4533    .constdata__ZTVN3src9IVariableE  parameters.o
    0x0800b4a0   0x000000a4   Data   RO         4217    .constdata__ZTVN3src9ParameterE  parameters.o
    0x0800b544   0x0000000c   Data   RO         4825    .constdata__ZTVN3src9RmsFilterE  analogsensors.o
    0x0800b550   0x00000014   Data   RO         5824    .constdata__ZTVNSt6locale5facetE  cpp_ws.l(rwstdexcept.o)
    0x0800b564   0x00000034   Data   RO         6235    .constdata__ZTVSt12ctype_bynameIcE  cpp_ws.l(char.o)
    0x0800b598   0x00000014   Data   RO         5826    .constdata__ZTVSt14__rw_exception  cpp_ws.l(rwstdexcept.o)
    0x0800b5ac   0x00000034   Data   RO         6064    .constdata__ZTVSt5ctypeIcE  cpp_ws.l(char.o)
    0x0800b5e0   0x00000020   Data   RO         5761    .constdata__ZTVSt8messagesIcE  cpp_ws.l(rwstdexcept.o)
    0x0800b600   0x00000014   Data   RO         6526    .constdata__ZTVSt9exception  cpprt_w.l(exception_dtor.o)
    0x0800b614   0x00000001   Data   RO         6365    .constdata__ZZNK4__rw15__rw_locale_imp16_C_category_nameEiEs  cpp_ws.l(locale.o)
    0x0800b615   0x00000001   Data   RO         6072    .constdata__ZZNSs7replaceEjjPKcjjjEs  cpp_ws.l(char.o)
    0x0800b616   0x00000001   Data   RO         6073    .constdata__ZZNSs9_C_getRepEjjEs  cpp_ws.l(char.o)
    0x0800b617   0x00000002   Data   RO         5762    .constdata__ZZNSt8messagesIcEC1EjEs  cpp_ws.l(rwstdexcept.o)
    0x0800b619   0x00000003   PAD
    0x0800b61c   0x00000272   Data   RO         5749    .conststring        cpp_ws.l(rwstdexcept.o)
    0x0800b88e   0x00000002   PAD
    0x0800b890   0x00000020   Data   RO         6795    Region$$Table       anon$$obj.o
    0x0800b8b0   0x00000004   Data   RO         3390    .init_array         objectsdefinitions.o
    0x0800b8b4   0x00000000   Data   RO         5710    .init_array         mc_w.l(cpp_init.o)
    0x0800b8b4   0x00000004   Data   RO         6055    .init_array         cpp_ws.l(char.o)
    0x0800b8b8   0x00000004   Data   RO         6348    .init_array         cpp_ws.l(locale.o)
    0x0800b8bc   0x00000004   Data   RO         6591    .init_array         cpp_ws.l(rwcats.o)


    Execution Region RW_IRAM1 (Base: 0x20000000, Size: 0x000025e0, Max: 0x00020000, ABSOLUTE)

    Base Addr    Size         Type   Attr      Idx    E Section Name        Object

    0x20000000   0x00000004   Data   RW         1681    .data               stm32f4xx_hal.o
    0x20000004   0x00000014   Data   RW         2504    .data               system_stm32f4xx.o
    0x20000018   0x00000008   Data   RW         2543    .data               retarget.o
    0x20000020   0x0000001c   Data   RW         3389    .data               objectsdefinitions.o
    0x2000003c   0x00000017   Data   RW         5750    .data               cpp_ws.l(rwstdexcept.o)
    0x20000053   0x00000001   PAD
    0x20000054   0x00000004   Data   RW         5990    .data               mc_w.l(errno.o)
    0x20000058   0x00000004   Data   RW         5996    .data               mc_w.l(cpp_dtor.o)
    0x2000005c   0x00000008   Data   RW         6003    .data               mc_w.l(cpp_unwinder.o)
    0x20000064   0x00000008   Data   RW         6054    .data               cpp_ws.l(char.o)
    0x2000006c   0x0000001c   Data   RW         6347    .data               cpp_ws.l(locale.o)
    0x20000088   0x00000004   Data   RW         6506    .data               cpp_ws.l(rwthrowproc_noex.o)
    0x2000008c   0x00000004   Data   RW         6550    .data               mc_w.l(stderr.o)
    0x20000090   0x00000004   Data   RW         6565    .data               mc_w.l(mvars.o)
    0x20000094   0x00000004   Data   RW         6566    .data               mc_w.l(mvars.o)
    0x20000098   0x00000004   Data   RW         6570    .data               mc_w.l(cpp_memory.o)
    0x2000009c   0x00000008   Data   RW         6590    .data               cpp_ws.l(rwcats.o)
    0x200000a4   0x00000004   Data   RW         6448    .data__ZZNKSt6locale2id7_C_initEvE9_C_id_gen  cpp_ws.l(locale.o)
    0x200000a8   0x0000000c   Data   RW         6504    .data__ZZSt13__rw_get_catsvE11__open_cats  cpp_ws.l(messages.o)
    0x200000b4   0x00000078   Zero   RW         2693    .bss                tim.o
    0x2000012c   0x00000128   Zero   RW         2761    .bss                adc.o
    0x20000254   0x000001f0   Zero   RW         2809    .bss                spi.o
    0x20000444   0x00000170   Zero   RW         3388    .bss                objectsdefinitions.o
    0x200005b4   0x00000004   PAD
    0x200005b8   0x00000018   Zero   RW         5747    .bss                cpp_ws.l(rwstdexcept.o)
    0x200005d0   0x00000010   Zero   RW         6664    .bss__ZNSs9__nullrefE  cpp_ws.l(vendor.o)
    0x200005e0   0x00001000   Zero   RW            2    HEAP                startup_stm32f407xx.o
    0x200015e0   0x00001000   Zero   RW            1    STACK               startup_stm32f407xx.o


==============================================================================

Image component sizes


      Code (inc. data)   RO Data    RW Data    ZI Data      Debug   Object Name

       500         46          0          0        296       2390   adc.o
        20          0          0          0          0       1228   adc_1.o
        92         16         36          0          0       2624   analogsensors.o
       160          6          0          0          0        794   dma.o
       880          0          0          0          0      23580   engine.o
        22          0          0          0          0       1336   filters.o
       220         18          0          0          0        959   gpio.o
       720         98          0          0          0     327322   main.o
       100         38          0          0          0       7463   main_loop.o
      3320        214         24         28        368      56574   objectsdefinitions.o
      2008         34        428          0          0      37665   parameters.o
       416         28         20          0          0       4356   pwm_user.o
       154          0          0          0          0       1160   rc_decoder.o
        56          6          0          8          0      28899   retarget.o
       544         62          0          0        496       2426   spi.o
        36          8        392          0       8192        944   startup_stm32f407xx.o
       124         16          0          4          0       3506   stm32f4xx_hal.o
      1152         60          0          0          0       6749   stm32f4xx_hal_adc.o
       308         22          0          0          0      31683   stm32f4xx_hal_cortex.o
     10094        110          0          0          0       8559   stm32f4xx_hal_dma.o
         0          0          0          0          0     363348   stm32f4xx_hal_dma_ex.o
       550         52          0          0          0       2888   stm32f4xx_hal_gpio.o
        20          0          0          0          0        478   stm32f4xx_hal_msp.o
      1996         58         16          0          0       5288   stm32f4xx_hal_rcc.o
       388          0          0          0          0       2560   stm32f4xx_hal_spi.o
      1858         96          0          0          0      13945   stm32f4xx_hal_tim.o
       250          0          0          0          0       3179   stm32f4xx_hal_tim_ex.o
       418         82          0          0          0       9384   stm32f4xx_it.o
       100         18          0         20          0       1309   system_stm32f4xx.o
       520         44          0          0        120       3594   tim.o

    ----------------------------------------------------------------------
     27044       1132        948         60       9476     956190   Object Totals
         0          0         32          0          0          0   (incl. Generated)
        18          0          0          0          4          0   (incl. Padding)

    ----------------------------------------------------------------------

      Code (inc. data)   RO Data    RW Data    ZI Data      Debug   Library Member Name

      1824         74        622          8          0       1552   char.o
      1502         82          5         32          0       1760   locale.o
       482         34          0         12          0        784   messages.o
        36          0          0          0          0        144   rwalloc.o
       184         24          4          8          0        400   rwcats.o
      1000         68        792         23         24       1220   rwstdexcept.o
       152         94          0          0          0         72   rwthrowproc_impl_noex.o
         0          0          0          4          0          0   rwthrowproc_noex.o
         0          0          0          0         16          0   vendor.o
        28          0          0          0          0         84   ARM_vec_cleanup_noexceptions.o
        50          0          0          0          0         84   aeabi_atexit.o
        14          0          0          0          0         80   aeabi_vec_delete_noexceptions.o
        16          0          0          0          0         68   aeabi_vec_dtor_cookie.o
        34          0          0          0          0         84   aeabi_vec_dtor_noexceptions.o
        20          0          0          0          0         80   aeabi_vec_new_cookie.o
        80         12          0          0          0        104   arm_exceptions_globs.o
        60          0          0          0          0        108   arm_exceptions_mem.o
        26          0          0          0          0         76   arm_exceptions_terminate.o
         4          0          0          0          0         68   arm_newhandler_noexceptions.o
         2          0          0          0          0         68   arm_rethrow_noexceptions.o
         8          0          0          0          0         76   array_del.o
         8          0          0          0          0         76   array_new.o
       146          0          0          0          0         96   array_new_general.o
        66          0          0          0          0         84   cxa_finalize.o
        16          0          0          0          0         68   cxa_guard_acquire.o
        24          6          0          0          0         84   cxa_vec_new.o
         8          0          0          0          0         76   delete.o
        12          6          0          0          0         68   exception_ctor.o
         0          0         20          0          0          0   exception_dtor.o
        40          6          0          0          0         76   new.o
         6          0          0          0          0         68   pure_virt.o
       164         44          0          0          0        620   dunder.o
        24          0          0          0          0        124   fabs.o
        48          0          0          0          0        124   fpclassify.o
       248          0          0          0          0        152   poly.o
      3128        302        136          0          0        356   pow.o
         0          0          8          0          0          0   qnan.o
       110          0          0          0          0        148   sqrt.o
        58          0          0          0          0        136   sqrtf.o
        28          0          0          0          0         68   _chval.o
       812          4          0          0          0        112   _scanf.o
       332          0          0          0          0         96   _scanf_int.o
       342          0          0          0          0        100   _scanf_longlong.o
       224          0          0          0          0         96   _scanf_str.o
        64          0          0          0          0         84   _sgetc.o
         8          4          0          4          0         68   cpp_dtor.o
         2          0          0          0          0         68   cpp_final.o
        32         10          0          0          0         80   cpp_init.o
         8          4          0          4          0         68   cpp_memory.o
         2          0          0          0          0         68   cpp_signal.o
        32          6          0          8          0        252   cpp_unwinder.o
         8          4        133          0          0         68   ctype_o.o
         0          0          0          0          0          0   entry.o
         0          0          0          0          0          0   entry10a.o
         0          0          0          0          0          0   entry11a.o
         8          4          0          0          0          0   entry2.o
         4          0          0          0          0          0   entry5.o
         0          0          0          0          0          0   entry7b.o
         4          0          0          0          0          0   entry8a.o
         0          0          0          0          0          0   entry8b.o
         8          4          0          0          0          0   entry9a.o
        12          6          0          4          0         68   errno.o
        30          0          0          0          0          0   handlers.o
        36          8          0          0          0         68   init.o
        18          0          0          0          0         76   isspace_o.o
         0          0          0          0          0          0   iusefp.o
        30          0          0          0          0         68   llshl.o
        36          0          0          0          0         68   llsshr.o
        32          0          0          0          0         68   llushr.o
       188         20          0          0          0        160   malloc.o
        36          0          0          0          0         68   memcpya.o
        66          0          0          0          0         76   memmove.o
        64          0          0          0          0         76   memmovea.o
         0          0          0          8          0          0   mvars.o
       372         14          0          0          0        184   printf1.o
      2280         90          0          0          0        592   printfa.o
        40          8          0          0          0         84   scanf_char.o
       838         12          0          0          0        216   scanf_fp.o
        56          8          0          0          0         84   sscanf.o
         0          0          0          4          0          0   stderr.o
        24          0          0          0          0         68   strcat.o
        20          0          0          0          0         68   strchr.o
        28          0          0          0          0         76   strcmp.o
        18          0          0          0          0         68   strcpy.o
        14          0          0          0          0         68   strlen.o
        32          0          0          0          0         68   strrchr.o
        36          0          0          0          0         80   strstr.o
        44          0          0          0          0         80   uidiv.o
        98          0          0          0          0         92   uldiv.o
        48          0          0          0          0         68   cdrcmple.o
        56          0          0          0          0         88   d2f.o
       334          0          0          0          0        148   dadd.o
       222          0          0          0          0        100   ddiv.o
       186          0          0          0          0        176   depilogue.o
        48          0          0          0          0         68   dfixul.o
        34          0          0          0          0         76   dflti.o
        24          0          0          0          0         76   dfltul.o
       228          0          0          0          0         96   dmul.o
        46          0          0          0          0         80   dscalb.o
       162          0          0          0          0        100   dsqrt.o
        38          0          0          0          0         68   f2d.o
       110          0          0          0          0        168   fepilogue.o

    ----------------------------------------------------------------------
     17572        958       1732        120         40      14432   Library Totals
        42          0         12          1          0          0   (incl. Padding)

    ----------------------------------------------------------------------

      Code (inc. data)   RO Data    RW Data    ZI Data      Debug   Library Name

      5180        376       1423         87         40       5932   cpp_ws.l
       668         30         20          0          0       1676   cpprt_w.l
      3780        346        144          0          0       1660   m_wm.l
      6366        206        133         32          0       3852   mc_w.l
      1536          0          0          0          0       1312   mf_w.l

    ----------------------------------------------------------------------
     17572        958       1732        120         40      14432   Library Totals

    ----------------------------------------------------------------------

==============================================================================


      Code (inc. data)   RO Data    RW Data    ZI Data      Debug   

     44616       2090       2680        180       9516     946022   Grand Totals
     44616       2090       2680        180       9516     946022   ELF Image Totals
     44616       2090       2680        180          0          0   ROM Totals

==============================================================================

    Total RO  Size (Code + RO Data)                47296 (  46.19kB)
    Total RW  Size (RW Data + ZI Data)              9696 (   9.47kB)
    Total ROM Size (Code + RO Data + RW Data)      47476 (  46.36kB)

==============================================================================

